../Core/Src/main.c:158:6:uart_send	16	static
../Core/Src/main.c:176:5:main	32	static
../Core/Src/main.c:281:6:SystemClock_Config	72	static
../Core/Src/main.c:321:13:MX_TIM2_Init	48	static
../Core/Src/main.c:382:13:MX_TIM3_Init	48	static
../Core/Src/main.c:431:13:MX_USART1_UART_Init	8	static
../Core/Src/main.c:464:13:MX_GPIO_Init	40	static
../Core/Src/main.c:492:6:HAL_UARTEx_RxEventCallback	16	static
../Core/Src/main.c:503:6:HAL_UART_ErrorCallback	16	static
../Core/Src/main.c:517:6:StartComsTask	32	static
../Core/Src/main.c:545:6:StartServoTask	24	static
../Core/Src/main.c:580:6:StartSensorTask	72	static
../Core/Src/main.c:623:6:Error_Handler	4	static,ignoring_inline_asm
