../Core/Src/main.c:156:6:uart_send	1
../Core/Src/main.c:174:5:main	1
../Core/Src/main.c:279:6:SystemClock_Config	3
../Core/Src/main.c:319:13:MX_TIM2_Init	7
../Core/Src/main.c:380:13:MX_TIM3_Init	4
../Core/Src/main.c:429:13:MX_USART1_UART_Init	2
../Core/Src/main.c:462:13:MX_GPIO_Init	1
../Core/Src/main.c:490:6:HAL_UARTEx_RxEventCallback	2
../Core/Src/main.c:501:6:HAL_UART_ErrorCallback	2
../Core/Src/main.c:515:6:StartComsTask	4
../Core/Src/main.c:551:6:StartServoTask	6
../Core/Src/main.c:588:6:StartSensorTask	2
../Core/Src/main.c:631:6:Error_Handler	1
