../Core/Src/main.c:156:6:uart_send	16	static
../Core/Src/main.c:174:5:main	32	static
../Core/Src/main.c:279:6:SystemClock_Config	72	static
../Core/Src/main.c:319:13:MX_TIM2_Init	48	static
../Core/Src/main.c:380:13:MX_TIM3_Init	48	static
../Core/Src/main.c:429:13:MX_USART1_UART_Init	8	static
../Core/Src/main.c:462:13:MX_GPIO_Init	40	static
../Core/Src/main.c:490:6:HAL_UARTEx_RxEventCallback	16	static
../Core/Src/main.c:501:6:HAL_UART_ErrorCallback	16	static
../Core/Src/main.c:515:6:StartComsTask	64	static
../Core/Src/main.c:551:6:StartServoTask	32	static
../Core/Src/main.c:588:6:StartSensorTask	72	static
../Core/Src/main.c:631:6:Error_Handler	4	static,ignoring_inline_asm
