[0.983s] DEBUG:colcon:Command line arguments: ['/usr/bin/colcon', 'build']
[0.983s] DEBUG:colcon:Parsed command line arguments: Namespace(log_base=None, log_level=None, verb_name='build', build_base='build', install_base='install', merge_install=False, symlink_install=False, test_result_base=None, continue_on_error=False, executor='parallel', parallel_workers=12, event_handlers=None, ignore_user_meta=False, metas=['./colcon.meta'], base_paths=['.'], packages_ignore=None, packages_ignore_regex=None, paths=None, packages_up_to=None, packages_up_to_regex=None, packages_above=None, packages_above_and_dependencies=None, packages_above_depth=None, packages_select_by_dep=None, packages_skip_by_dep=None, packages_skip_up_to=None, packages_select_build_failed=False, packages_skip_build_finished=False, packages_select_test_failures=False, packages_skip_test_passed=False, packages_select=None, packages_skip=None, packages_select_regex=None, packages_skip_regex=None, packages_start=None, packages_end=None, cmake_args=None, cmake_target=None, cmake_target_skip_unavailable=False, cmake_clean_cache=False, cmake_clean_first=False, cmake_force_configure=False, ament_cmake_args=None, catkin_cmake_args=None, catkin_skip_building_tests=False, verb_parser=<colcon_defaults.argument_parser.defaults.DefaultArgumentsDecorator object at 0x7486b6708ef0>, verb_extension=<colcon_core.verb.build.BuildVerb object at 0x7486b6708ad0>, main=<bound method BuildVerb.main of <colcon_core.verb.build.BuildVerb object at 0x7486b6708ad0>>)
[1.120s] Level 1:colcon.colcon_core.package_discovery:discover_packages(colcon_meta) check parameters
[1.121s] Level 1:colcon.colcon_core.package_discovery:discover_packages(recursive) check parameters
[1.121s] Level 1:colcon.colcon_core.package_discovery:discover_packages(ignore) check parameters
[1.121s] Level 1:colcon.colcon_core.package_discovery:discover_packages(path) check parameters
[1.121s] Level 1:colcon.colcon_core.package_discovery:discover_packages(colcon_meta) discover
[1.121s] Level 1:colcon.colcon_core.package_discovery:discover_packages(recursive) discover
[1.121s] INFO:colcon.colcon_core.package_discovery:Crawling recursively for packages in '/home/soppo/ros2_ws'
[1.121s] Level 1:colcon.colcon_core.package_identification:_identify(.) by extensions ['ignore', 'ignore_ament_install']
[1.122s] Level 1:colcon.colcon_core.package_identification:_identify(.) by extension 'ignore'
[1.122s] Level 1:colcon.colcon_core.package_identification:_identify(.) by extension 'ignore_ament_install'
[1.122s] Level 1:colcon.colcon_core.package_identification:_identify(.) by extensions ['colcon_pkg']
[1.122s] Level 1:colcon.colcon_core.package_identification:_identify(.) by extension 'colcon_pkg'
[1.122s] Level 1:colcon.colcon_core.package_identification:_identify(.) by extensions ['colcon_meta']
[1.122s] Level 1:colcon.colcon_core.package_identification:_identify(.) by extension 'colcon_meta'
[1.122s] Level 1:colcon.colcon_core.package_identification:_identify(.) by extensions ['ros']
[1.122s] Level 1:colcon.colcon_core.package_identification:_identify(.) by extension 'ros'
[1.202s] Level 1:colcon.colcon_core.package_identification:_identify(.) by extensions ['cmake', 'python']
[1.202s] Level 1:colcon.colcon_core.package_identification:_identify(.) by extension 'cmake'
[1.202s] Level 1:colcon.colcon_core.package_identification:_identify(.) by extension 'python'
[1.202s] Level 1:colcon.colcon_core.package_identification:_identify(.) by extensions ['python_setup_py']
[1.202s] Level 1:colcon.colcon_core.package_identification:_identify(.) by extension 'python_setup_py'
[1.202s] Level 1:colcon.colcon_core.package_identification:_identify(build) by extensions ['ignore', 'ignore_ament_install']
[1.202s] Level 1:colcon.colcon_core.package_identification:_identify(build) by extension 'ignore'
[1.202s] Level 1:colcon.colcon_core.package_identification:_identify(build) ignored
[1.203s] Level 1:colcon.colcon_core.package_identification:_identify(install) by extensions ['ignore', 'ignore_ament_install']
[1.203s] Level 1:colcon.colcon_core.package_identification:_identify(install) by extension 'ignore'
[1.203s] Level 1:colcon.colcon_core.package_identification:_identify(install) ignored
[1.203s] Level 1:colcon.colcon_core.package_identification:_identify(log) by extensions ['ignore', 'ignore_ament_install']
[1.203s] Level 1:colcon.colcon_core.package_identification:_identify(log) by extension 'ignore'
[1.203s] Level 1:colcon.colcon_core.package_identification:_identify(log) ignored
[1.203s] Level 1:colcon.colcon_core.package_identification:_identify(src) by extensions ['ignore', 'ignore_ament_install']
[1.203s] Level 1:colcon.colcon_core.package_identification:_identify(src) by extension 'ignore'
[1.204s] Level 1:colcon.colcon_core.package_identification:_identify(src) by extension 'ignore_ament_install'
[1.204s] Level 1:colcon.colcon_core.package_identification:_identify(src) by extensions ['colcon_pkg']
[1.204s] Level 1:colcon.colcon_core.package_identification:_identify(src) by extension 'colcon_pkg'
[1.204s] Level 1:colcon.colcon_core.package_identification:_identify(src) by extensions ['colcon_meta']
[1.204s] Level 1:colcon.colcon_core.package_identification:_identify(src) by extension 'colcon_meta'
[1.204s] Level 1:colcon.colcon_core.package_identification:_identify(src) by extensions ['ros']
[1.204s] Level 1:colcon.colcon_core.package_identification:_identify(src) by extension 'ros'
[1.204s] Level 1:colcon.colcon_core.package_identification:_identify(src) by extensions ['cmake', 'python']
[1.204s] Level 1:colcon.colcon_core.package_identification:_identify(src) by extension 'cmake'
[1.204s] Level 1:colcon.colcon_core.package_identification:_identify(src) by extension 'python'
[1.204s] Level 1:colcon.colcon_core.package_identification:_identify(src) by extensions ['python_setup_py']
[1.204s] Level 1:colcon.colcon_core.package_identification:_identify(src) by extension 'python_setup_py'
[1.205s] Level 1:colcon.colcon_core.package_identification:_identify(src/uart_ros2) by extensions ['ignore', 'ignore_ament_install']
[1.205s] Level 1:colcon.colcon_core.package_identification:_identify(src/uart_ros2) by extension 'ignore'
[1.205s] Level 1:colcon.colcon_core.package_identification:_identify(src/uart_ros2) by extension 'ignore_ament_install'
[1.205s] Level 1:colcon.colcon_core.package_identification:_identify(src/uart_ros2) by extensions ['colcon_pkg']
[1.205s] Level 1:colcon.colcon_core.package_identification:_identify(src/uart_ros2) by extension 'colcon_pkg'
[1.205s] Level 1:colcon.colcon_core.package_identification:_identify(src/uart_ros2) by extensions ['colcon_meta']
[1.205s] Level 1:colcon.colcon_core.package_identification:_identify(src/uart_ros2) by extension 'colcon_meta'
[1.205s] Level 1:colcon.colcon_core.package_identification:_identify(src/uart_ros2) by extensions ['ros']
[1.206s] Level 1:colcon.colcon_core.package_identification:_identify(src/uart_ros2) by extension 'ros'
[1.214s] DEBUG:colcon.colcon_core.package_identification:Package 'src/uart_ros2' with type 'ros.ament_cmake' and name 'uart_ros2'
[1.214s] Level 1:colcon.colcon_core.package_discovery:discover_packages(recursive) using defaults
[1.215s] Level 1:colcon.colcon_core.package_discovery:discover_packages(ignore) discover
[1.215s] Level 1:colcon.colcon_core.package_discovery:discover_packages(ignore) using defaults
[1.215s] Level 1:colcon.colcon_core.package_discovery:discover_packages(path) discover
[1.215s] Level 1:colcon.colcon_core.package_discovery:discover_packages(path) using defaults
[1.286s] Level 5:colcon.colcon_core.verb:set package 'uart_ros2' build argument 'cmake_args' from command line to 'None'
[1.286s] Level 5:colcon.colcon_core.verb:set package 'uart_ros2' build argument 'cmake_target' from command line to 'None'
[1.286s] Level 5:colcon.colcon_core.verb:set package 'uart_ros2' build argument 'cmake_target_skip_unavailable' from command line to 'False'
[1.286s] Level 5:colcon.colcon_core.verb:set package 'uart_ros2' build argument 'cmake_clean_cache' from command line to 'False'
[1.286s] Level 5:colcon.colcon_core.verb:set package 'uart_ros2' build argument 'cmake_clean_first' from command line to 'False'
[1.286s] Level 5:colcon.colcon_core.verb:set package 'uart_ros2' build argument 'cmake_force_configure' from command line to 'False'
[1.286s] Level 5:colcon.colcon_core.verb:set package 'uart_ros2' build argument 'ament_cmake_args' from command line to 'None'
[1.286s] Level 5:colcon.colcon_core.verb:set package 'uart_ros2' build argument 'catkin_cmake_args' from command line to 'None'
[1.286s] Level 5:colcon.colcon_core.verb:set package 'uart_ros2' build argument 'catkin_skip_building_tests' from command line to 'False'
[1.286s] DEBUG:colcon.colcon_core.verb:Building package 'uart_ros2' with the following arguments: {'ament_cmake_args': None, 'build_base': '/home/soppo/ros2_ws/build/uart_ros2', 'catkin_cmake_args': None, 'catkin_skip_building_tests': False, 'cmake_args': None, 'cmake_clean_cache': False, 'cmake_clean_first': False, 'cmake_force_configure': False, 'cmake_target': None, 'cmake_target_skip_unavailable': False, 'install_base': '/home/soppo/ros2_ws/install/uart_ros2', 'merge_install': False, 'path': '/home/soppo/ros2_ws/src/uart_ros2', 'symlink_install': False, 'test_result_base': None}
[1.287s] INFO:colcon.colcon_core.executor:Executing jobs using 'parallel' executor
[1.290s] DEBUG:colcon.colcon_parallel_executor.executor.parallel:run_until_complete
[1.291s] INFO:colcon.colcon_ros.task.ament_cmake.build:Building ROS package in '/home/soppo/ros2_ws/src/uart_ros2' with build type 'ament_cmake'
[1.291s] INFO:colcon.colcon_cmake.task.cmake.build:Building CMake package in '/home/soppo/ros2_ws/src/uart_ros2'
[1.309s] INFO:colcon.colcon_core.plugin_system:Skipping extension 'colcon_core.shell.bat': Not used on non-Windows systems
[1.310s] DEBUG:colcon.colcon_core.shell:Skip shell extension 'dsv' for command environment
[1.344s] DEBUG:colcon.colcon_core.event_handler.log_command:Invoking command in '/home/soppo/ros2_ws/build/uart_ros2': CMAKE_PREFIX_PATH=${CMAKE_PREFIX_PATH}:/opt/ros/jazzy /usr/bin/cmake --build /home/soppo/ros2_ws/build/uart_ros2 -- -j12 -l12
[23.075s] DEBUG:colcon.colcon_core.event_handler.log_command:Invoked command in '/home/soppo/ros2_ws/build/uart_ros2' returned '0': CMAKE_PREFIX_PATH=${CMAKE_PREFIX_PATH}:/opt/ros/jazzy /usr/bin/cmake --build /home/soppo/ros2_ws/build/uart_ros2 -- -j12 -l12
[23.110s] DEBUG:colcon.colcon_core.event_handler.log_command:Invoking command in '/home/soppo/ros2_ws/build/uart_ros2': CMAKE_PREFIX_PATH=${CMAKE_PREFIX_PATH}:/opt/ros/jazzy /usr/bin/cmake --install /home/soppo/ros2_ws/build/uart_ros2
[23.161s] Level 1:colcon.colcon_core.environment:create_environment_scripts_only(uart_ros2)
[23.164s] DEBUG:colcon.colcon_core.event_handler.log_command:Invoked command in '/home/soppo/ros2_ws/build/uart_ros2' returned '0': CMAKE_PREFIX_PATH=${CMAKE_PREFIX_PATH}:/opt/ros/jazzy /usr/bin/cmake --install /home/soppo/ros2_ws/build/uart_ros2
[23.183s] Level 1:colcon.colcon_core.environment:checking '/home/soppo/ros2_ws/install/uart_ros2' for CMake module files
[23.185s] Level 1:colcon.colcon_core.environment:checking '/home/soppo/ros2_ws/install/uart_ros2' for CMake config files
[23.185s] Level 1:colcon.colcon_core.shell:create_environment_hook('uart_ros2', 'cmake_prefix_path')
[23.186s] INFO:colcon.colcon_core.shell:Creating environment descriptor '/home/soppo/ros2_ws/install/uart_ros2/share/uart_ros2/hook/cmake_prefix_path.dsv'
[23.190s] INFO:colcon.colcon_core.shell:Creating environment hook '/home/soppo/ros2_ws/install/uart_ros2/share/uart_ros2/hook/cmake_prefix_path.sh'
[23.193s] Level 1:colcon.colcon_core.environment:checking '/home/soppo/ros2_ws/install/uart_ros2/lib'
[23.193s] Level 1:colcon.colcon_core.environment:checking '/home/soppo/ros2_ws/install/uart_ros2/bin'
[23.193s] Level 1:colcon.colcon_core.environment:checking '/home/soppo/ros2_ws/install/uart_ros2/lib/pkgconfig/uart_ros2.pc'
[23.202s] Level 1:colcon.colcon_core.environment:checking '/home/soppo/ros2_ws/install/uart_ros2/lib/python3.12/site-packages'
[23.203s] Level 1:colcon.colcon_core.environment:checking '/home/soppo/ros2_ws/install/uart_ros2/bin'
[23.204s] INFO:colcon.colcon_core.shell:Creating package descriptor '/home/soppo/ros2_ws/install/uart_ros2/share/uart_ros2/package.dsv'
[23.206s] INFO:colcon.colcon_core.shell:Creating package script '/home/soppo/ros2_ws/install/uart_ros2/share/uart_ros2/package.sh'
[23.208s] INFO:colcon.colcon_core.shell:Creating package script '/home/soppo/ros2_ws/install/uart_ros2/share/uart_ros2/package.bash'
[23.211s] INFO:colcon.colcon_core.shell:Creating package script '/home/soppo/ros2_ws/install/uart_ros2/share/uart_ros2/package.zsh'
[23.215s] Level 1:colcon.colcon_core.environment:create_file_with_runtime_dependencies(/home/soppo/ros2_ws/install/uart_ros2/share/colcon-core/packages/uart_ros2)
[23.218s] Level 1:colcon.colcon_core.environment:create_environment_scripts_only(uart_ros2)
[23.219s] Level 1:colcon.colcon_core.environment:checking '/home/soppo/ros2_ws/install/uart_ros2' for CMake module files
[23.221s] Level 1:colcon.colcon_core.environment:checking '/home/soppo/ros2_ws/install/uart_ros2' for CMake config files
[23.222s] Level 1:colcon.colcon_core.shell:create_environment_hook('uart_ros2', 'cmake_prefix_path')
[23.224s] INFO:colcon.colcon_core.shell:Creating environment descriptor '/home/soppo/ros2_ws/install/uart_ros2/share/uart_ros2/hook/cmake_prefix_path.dsv'
[23.225s] INFO:colcon.colcon_core.shell:Creating environment hook '/home/soppo/ros2_ws/install/uart_ros2/share/uart_ros2/hook/cmake_prefix_path.sh'
[23.227s] Level 1:colcon.colcon_core.environment:checking '/home/soppo/ros2_ws/install/uart_ros2/lib'
[23.227s] Level 1:colcon.colcon_core.environment:checking '/home/soppo/ros2_ws/install/uart_ros2/bin'
[23.227s] Level 1:colcon.colcon_core.environment:checking '/home/soppo/ros2_ws/install/uart_ros2/lib/pkgconfig/uart_ros2.pc'
[23.228s] Level 1:colcon.colcon_core.environment:checking '/home/soppo/ros2_ws/install/uart_ros2/lib/python3.12/site-packages'
[23.229s] Level 1:colcon.colcon_core.environment:checking '/home/soppo/ros2_ws/install/uart_ros2/bin'
[23.229s] INFO:colcon.colcon_core.shell:Creating package descriptor '/home/soppo/ros2_ws/install/uart_ros2/share/uart_ros2/package.dsv'
[23.231s] INFO:colcon.colcon_core.shell:Creating package script '/home/soppo/ros2_ws/install/uart_ros2/share/uart_ros2/package.sh'
[23.233s] INFO:colcon.colcon_core.shell:Creating package script '/home/soppo/ros2_ws/install/uart_ros2/share/uart_ros2/package.bash'
[23.234s] INFO:colcon.colcon_core.shell:Creating package script '/home/soppo/ros2_ws/install/uart_ros2/share/uart_ros2/package.zsh'
[23.235s] Level 1:colcon.colcon_core.environment:create_file_with_runtime_dependencies(/home/soppo/ros2_ws/install/uart_ros2/share/colcon-core/packages/uart_ros2)
[23.236s] DEBUG:colcon.colcon_parallel_executor.executor.parallel:closing loop
[23.237s] DEBUG:colcon.colcon_parallel_executor.executor.parallel:loop closed
[23.237s] DEBUG:colcon.colcon_parallel_executor.executor.parallel:run_until_complete finished with '0'
[23.237s] DEBUG:colcon.colcon_core.event_reactor:joining thread
[23.415s] INFO:colcon.colcon_core.plugin_system:Skipping extension 'colcon_notification.desktop_notification.notify_send': Could not find 'notify-send'
[23.415s] INFO:colcon.colcon_core.plugin_system:Skipping extension 'colcon_notification.desktop_notification.terminal_notifier': Not used on non-Darwin systems
[23.415s] INFO:colcon.colcon_core.plugin_system:Skipping extension 'colcon_notification.desktop_notification.win32': Not used on non-Windows systems
[23.415s] INFO:colcon.colcon_notification.desktop_notification:Sending desktop notification using 'notify2'
[23.501s] DEBUG:colcon.colcon_notification.desktop_notification.notify2:Failed to initialize notify2: org.freedesktop.DBus.Error.ServiceUnknown: The name org.freedesktop.Notifications was not provided by any .service files
[23.501s] DEBUG:colcon.colcon_core.event_reactor:joined thread
[23.501s] INFO:colcon.colcon_core.shell:Creating prefix script '/home/soppo/ros2_ws/install/local_setup.sh'
[23.503s] INFO:colcon.colcon_core.shell:Creating prefix util module '/home/soppo/ros2_ws/install/_local_setup_util_sh.py'
[23.507s] INFO:colcon.colcon_core.shell:Creating prefix chain script '/home/soppo/ros2_ws/install/setup.sh'
[23.510s] INFO:colcon.colcon_core.shell:Creating prefix script '/home/soppo/ros2_ws/install/local_setup.bash'
[23.512s] INFO:colcon.colcon_core.shell:Creating prefix chain script '/home/soppo/ros2_ws/install/setup.bash'
[23.515s] INFO:colcon.colcon_core.shell:Creating prefix script '/home/soppo/ros2_ws/install/local_setup.zsh'
[23.517s] INFO:colcon.colcon_core.shell:Creating prefix chain script '/home/soppo/ros2_ws/install/setup.zsh'
