[0.043s] Invoking command in '/home/soppo/ros2_ws/build/uart_ros2': CMAKE_PREFIX_PATH=${CMAKE_PREFIX_PATH}:/opt/ros/jazzy /usr/bin/cmake /home/soppo/ros2_ws/src/uart_ros2 -DCMAKE_INSTALL_PREFIX=/home/soppo/ros2_ws/install/uart_ros2
[0.643s] -- The C compiler identification is GNU 13.3.0
[2.806s] -- The CXX compiler identification is GNU 13.3.0
[4.798s] -- Detecting C compiler ABI info
[5.576s] -- Detecting C compiler ABI info - done
[5.596s] -- Check for working C compiler: /usr/bin/cc - skipped
[5.599s] -- Detecting C compile features
[5.601s] -- Detecting C compile features - done
[5.895s] -- Detecting CXX compiler ABI info
[6.793s] -- Detecting CXX compiler ABI info - done
[6.814s] -- Check for working CXX compiler: /usr/bin/c++ - skipped
[6.815s] -- Detecting CXX compile features
[6.816s] -- Detecting CXX compile features - done
[6.867s] -- Found ament_cmake: 2.5.6 (/opt/ros/jazzy/share/ament_cmake/cmake)
[7.204s] -- Found Python3: /usr/bin/python3 (found version "3.12.3") found components: Interpreter 
[7.538s] -- Found rclcpp: 28.1.22 (/opt/ros/jazzy/share/rclcpp/cmake)
[9.087s] -- Found rosidl_generator_c: 4.6.9 (/opt/ros/jazzy/share/rosidl_generator_c/cmake)
[9.131s] -- Found rosidl_generator_cpp: 4.6.9 (/opt/ros/jazzy/share/rosidl_generator_cpp/cmake)
[9.194s] -- Using all available rosidl_typesupport_c: rosidl_typesupport_fastrtps_c;rosidl_typesupport_introspection_c
[9.265s] -- Using all available rosidl_typesupport_cpp: rosidl_typesupport_fastrtps_cpp;rosidl_typesupport_introspection_cpp
[9.547s] -- Found rmw_implementation_cmake: 7.3.3 (/opt/ros/jazzy/share/rmw_implementation_cmake/cmake)
[9.558s] -- Found rmw_fastrtps_cpp: 8.4.4 (/opt/ros/jazzy/share/rmw_fastrtps_cpp/cmake)
[9.824s] -- Found OpenSSL: /usr/lib/x86_64-linux-gnu/libcrypto.so (found version "3.0.13")  
[10.483s] -- Found FastRTPS: /opt/ros/jazzy/include (Required is at least version "2.13") 
[10.863s] -- Using RMW implementation 'rmw_fastrtps_cpp' as default
[11.552s] -- Found std_msgs: 5.3.8 (/opt/ros/jazzy/share/std_msgs/cmake)
[11.617s] -- Found ament_lint_auto: 0.17.5 (/opt/ros/jazzy/share/ament_lint_auto/cmake)
[11.963s] -- Added test 'lint_cmake' to check CMake code style
[11.971s] -- Added test 'xmllint' to check XML markup files
[11.979s] -- Configuring done (11.9s)
[12.002s] -- Generating done (0.0s)
[12.009s] -- Build files have been written to: /home/soppo/ros2_ws/build/uart_ros2
[12.042s] Invoked command in '/home/soppo/ros2_ws/build/uart_ros2' returned '0': CMAKE_PREFIX_PATH=${CMAKE_PREFIX_PATH}:/opt/ros/jazzy /usr/bin/cmake /home/soppo/ros2_ws/src/uart_ros2 -DCMAKE_INSTALL_PREFIX=/home/soppo/ros2_ws/install/uart_ros2
[12.044s] Invoking command in '/home/soppo/ros2_ws/build/uart_ros2': CMAKE_PREFIX_PATH=${CMAKE_PREFIX_PATH}:/opt/ros/jazzy /usr/bin/cmake --build /home/soppo/ros2_ws/build/uart_ros2 -- -j12 -l12
[12.142s] Invoked command in '/home/soppo/ros2_ws/build/uart_ros2' returned '0': CMAKE_PREFIX_PATH=${CMAKE_PREFIX_PATH}:/opt/ros/jazzy /usr/bin/cmake --build /home/soppo/ros2_ws/build/uart_ros2 -- -j12 -l12
[12.171s] Invoking command in '/home/soppo/ros2_ws/build/uart_ros2': CMAKE_PREFIX_PATH=${CMAKE_PREFIX_PATH}:/opt/ros/jazzy /usr/bin/cmake --install /home/soppo/ros2_ws/build/uart_ros2
[12.190s] -- Install configuration: ""
[12.196s] -- Installing: /home/soppo/ros2_ws/install/uart_ros2/share/ament_index/resource_index/package_run_dependencies/uart_ros2
[12.198s] -- Installing: /home/soppo/ros2_ws/install/uart_ros2/share/ament_index/resource_index/parent_prefix_path/uart_ros2
[12.200s] -- Installing: /home/soppo/ros2_ws/install/uart_ros2/share/uart_ros2/environment/ament_prefix_path.sh
[12.201s] -- Installing: /home/soppo/ros2_ws/install/uart_ros2/share/uart_ros2/environment/ament_prefix_path.dsv
[12.201s] -- Installing: /home/soppo/ros2_ws/install/uart_ros2/share/uart_ros2/environment/path.sh
[12.202s] -- Installing: /home/soppo/ros2_ws/install/uart_ros2/share/uart_ros2/environment/path.dsv
[12.202s] -- Installing: /home/soppo/ros2_ws/install/uart_ros2/share/uart_ros2/local_setup.bash
[12.202s] -- Installing: /home/soppo/ros2_ws/install/uart_ros2/share/uart_ros2/local_setup.sh
[12.203s] -- Installing: /home/soppo/ros2_ws/install/uart_ros2/share/uart_ros2/local_setup.zsh
[12.203s] -- Installing: /home/soppo/ros2_ws/install/uart_ros2/share/uart_ros2/local_setup.dsv
[12.204s] -- Installing: /home/soppo/ros2_ws/install/uart_ros2/share/uart_ros2/package.dsv
[12.205s] -- Installing: /home/soppo/ros2_ws/install/uart_ros2/share/ament_index/resource_index/packages/uart_ros2
[12.207s] -- Installing: /home/soppo/ros2_ws/install/uart_ros2/share/uart_ros2/cmake/uart_ros2Config.cmake
[12.207s] -- Installing: /home/soppo/ros2_ws/install/uart_ros2/share/uart_ros2/cmake/uart_ros2Config-version.cmake
[12.208s] -- Installing: /home/soppo/ros2_ws/install/uart_ros2/share/uart_ros2/package.xml
[12.214s] Invoked command in '/home/soppo/ros2_ws/build/uart_ros2' returned '0': CMAKE_PREFIX_PATH=${CMAKE_PREFIX_PATH}:/opt/ros/jazzy /usr/bin/cmake --install /home/soppo/ros2_ws/build/uart_ros2
