-- Found ament_cmake: 2.5.6 (/opt/ros/jazzy/share/ament_cmake/cmake)
-- Found rclcpp: 28.1.22 (/opt/ros/jazzy/share/rclcpp/cmake)
-- Found rosidl_generator_c: 4.6.9 (/opt/ros/jazzy/share/rosidl_generator_c/cmake)
-- Found rosidl_generator_cpp: 4.6.9 (/opt/ros/jazzy/share/rosidl_generator_cpp/cmake)
-- Using all available rosidl_typesupport_c: rosidl_typesupport_fastrtps_c;rosidl_typesupport_introspection_c
-- Using all available rosidl_typesupport_cpp: rosidl_typesupport_fastrtps_cpp;rosidl_typesupport_introspection_cpp
-- Found rmw_implementation_cmake: 7.3.3 (/opt/ros/jazzy/share/rmw_implementation_cmake/cmake)
-- Found rmw_fastrtps_cpp: 8.4.4 (/opt/ros/jazzy/share/rmw_fastrtps_cpp/cmake)
-- Using RMW implementation 'rmw_fastrtps_cpp' as default
-- Found std_msgs: 5.3.8 (/opt/ros/jazzy/share/std_msgs/cmake)
-- Found ament_lint_auto: 0.17.5 (/opt/ros/jazzy/share/ament_lint_auto/cmake)
-- Added test 'cppcheck' to perform static code analysis on C / C++ code
-- Configured cppcheck include dirs: 
-- Configured cppcheck exclude dirs and/or files: 
-- Added test 'lint_cmake' to check CMake code style
-- Added test 'uncrustify' to check C / C++ code style
-- Configured uncrustify additional arguments: 
-- Added test 'xmllint' to check XML markup files
-- Configuring done (3.9s)
-- Generating done (0.0s)
-- Build files have been written to: /home/soppo/ros2_ws/build/uart_ros2
[ 50%] [32mBuilding CXX object CMakeFiles/uart_node.dir/src/uart_node.cpp.o[0m
[100%] [32m[1mLinking CXX executable uart_node[0m
[100%] Built target uart_node
-- Install configuration: ""
-- Installing: /home/soppo/ros2_ws/install/uart_ros2/lib/uart_ros2/uart_node
-- Set non-toolchain portion of runtime path of "/home/soppo/ros2_ws/install/uart_ros2/lib/uart_ros2/uart_node" to ""
-- Up-to-date: /home/soppo/ros2_ws/install/uart_ros2/share/ament_index/resource_index/package_run_dependencies/uart_ros2
-- Up-to-date: /home/soppo/ros2_ws/install/uart_ros2/share/ament_index/resource_index/parent_prefix_path/uart_ros2
-- Installing: /home/soppo/ros2_ws/install/uart_ros2/share/uart_ros2/environment/ament_prefix_path.sh
-- Up-to-date: /home/soppo/ros2_ws/install/uart_ros2/share/uart_ros2/environment/ament_prefix_path.dsv
-- Installing: /home/soppo/ros2_ws/install/uart_ros2/share/uart_ros2/environment/path.sh
-- Up-to-date: /home/soppo/ros2_ws/install/uart_ros2/share/uart_ros2/environment/path.dsv
-- Up-to-date: /home/soppo/ros2_ws/install/uart_ros2/share/uart_ros2/local_setup.bash
-- Up-to-date: /home/soppo/ros2_ws/install/uart_ros2/share/uart_ros2/local_setup.sh
-- Up-to-date: /home/soppo/ros2_ws/install/uart_ros2/share/uart_ros2/local_setup.zsh
-- Up-to-date: /home/soppo/ros2_ws/install/uart_ros2/share/uart_ros2/local_setup.dsv
-- Up-to-date: /home/soppo/ros2_ws/install/uart_ros2/share/uart_ros2/package.dsv
-- Up-to-date: /home/soppo/ros2_ws/install/uart_ros2/share/ament_index/resource_index/packages/uart_ros2
-- Up-to-date: /home/soppo/ros2_ws/install/uart_ros2/share/uart_ros2/cmake/uart_ros2Config.cmake
-- Up-to-date: /home/soppo/ros2_ws/install/uart_ros2/share/uart_ros2/cmake/uart_ros2Config-version.cmake
-- Up-to-date: /home/soppo/ros2_ws/install/uart_ros2/share/uart_ros2/package.xml
