[0.077s] Invoking command in '/home/soppo/ros2_ws/build/uart_ros2': CMAKE_PREFIX_PATH=${CMAKE_PREFIX_PATH}:/opt/ros/jazzy /usr/bin/cmake --build /home/soppo/ros2_ws/build/uart_ros2 -- -j12 -l12
[0.422s] -- Found ament_cmake: 2.5.6 (/opt/ros/jazzy/share/ament_cmake/cmake)
[1.082s] -- Found rclcpp: 28.1.22 (/opt/ros/jazzy/share/rclcpp/cmake)
[2.273s] -- Found rosidl_generator_c: 4.6.9 (/opt/ros/jazzy/share/rosidl_generator_c/cmake)
[2.305s] -- Found rosidl_generator_cpp: 4.6.9 (/opt/ros/jazzy/share/rosidl_generator_cpp/cmake)
[2.359s] -- Using all available rosidl_typesupport_c: rosidl_typesupport_fastrtps_c;rosidl_typesupport_introspection_c
[2.408s] -- Using all available rosidl_typesupport_cpp: rosidl_typesupport_fastrtps_cpp;rosidl_typesupport_introspection_cpp
[2.647s] -- Found rmw_implementation_cmake: 7.3.3 (/opt/ros/jazzy/share/rmw_implementation_cmake/cmake)
[2.659s] -- Found rmw_fastrtps_cpp: 8.4.4 (/opt/ros/jazzy/share/rmw_fastrtps_cpp/cmake)
[3.421s] -- Using RMW implementation 'rmw_fastrtps_cpp' as default
[4.020s] -- Found std_msgs: 5.3.8 (/opt/ros/jazzy/share/std_msgs/cmake)
[4.068s] -- Found ament_lint_auto: 0.17.5 (/opt/ros/jazzy/share/ament_lint_auto/cmake)
[4.312s] -- Added test 'cppcheck' to perform static code analysis on C / C++ code
[4.312s] -- Configured cppcheck include dirs: 
[4.312s] -- Configured cppcheck exclude dirs and/or files: 
[4.314s] -- Added test 'lint_cmake' to check CMake code style
[4.317s] -- Added test 'uncrustify' to check C / C++ code style
[4.317s] -- Configured uncrustify additional arguments: 
[4.319s] -- Added test 'xmllint' to check XML markup files
[4.325s] -- Configuring done (3.9s)
[4.372s] -- Generating done (0.0s)
[4.385s] -- Build files have been written to: /home/soppo/ros2_ws/build/uart_ros2
[4.545s] [ 50%] [32mBuilding CXX object CMakeFiles/uart_node.dir/src/uart_node.cpp.o[0m
[21.241s] [100%] [32m[1mLinking CXX executable uart_node[0m
[22.443s] [100%] Built target uart_node
[22.477s] Invoked command in '/home/soppo/ros2_ws/build/uart_ros2' returned '0': CMAKE_PREFIX_PATH=${CMAKE_PREFIX_PATH}:/opt/ros/jazzy /usr/bin/cmake --build /home/soppo/ros2_ws/build/uart_ros2 -- -j12 -l12
[22.504s] Invoking command in '/home/soppo/ros2_ws/build/uart_ros2': CMAKE_PREFIX_PATH=${CMAKE_PREFIX_PATH}:/opt/ros/jazzy /usr/bin/cmake --install /home/soppo/ros2_ws/build/uart_ros2
[22.523s] -- Install configuration: ""
[22.527s] -- Installing: /home/soppo/ros2_ws/install/uart_ros2/lib/uart_ros2/uart_node
[22.541s] -- Set non-toolchain portion of runtime path of "/home/soppo/ros2_ws/install/uart_ros2/lib/uart_ros2/uart_node" to ""
[22.542s] -- Up-to-date: /home/soppo/ros2_ws/install/uart_ros2/share/ament_index/resource_index/package_run_dependencies/uart_ros2
[22.542s] -- Up-to-date: /home/soppo/ros2_ws/install/uart_ros2/share/ament_index/resource_index/parent_prefix_path/uart_ros2
[22.543s] -- Installing: /home/soppo/ros2_ws/install/uart_ros2/share/uart_ros2/environment/ament_prefix_path.sh
[22.545s] -- Up-to-date: /home/soppo/ros2_ws/install/uart_ros2/share/uart_ros2/environment/ament_prefix_path.dsv
[22.545s] -- Installing: /home/soppo/ros2_ws/install/uart_ros2/share/uart_ros2/environment/path.sh
[22.546s] -- Up-to-date: /home/soppo/ros2_ws/install/uart_ros2/share/uart_ros2/environment/path.dsv
[22.546s] -- Up-to-date: /home/soppo/ros2_ws/install/uart_ros2/share/uart_ros2/local_setup.bash
[22.547s] -- Up-to-date: /home/soppo/ros2_ws/install/uart_ros2/share/uart_ros2/local_setup.sh
[22.547s] -- Up-to-date: /home/soppo/ros2_ws/install/uart_ros2/share/uart_ros2/local_setup.zsh
[22.548s] -- Up-to-date: /home/soppo/ros2_ws/install/uart_ros2/share/uart_ros2/local_setup.dsv
[22.548s] -- Up-to-date: /home/soppo/ros2_ws/install/uart_ros2/share/uart_ros2/package.dsv
[22.549s] -- Up-to-date: /home/soppo/ros2_ws/install/uart_ros2/share/ament_index/resource_index/packages/uart_ros2
[22.550s] -- Up-to-date: /home/soppo/ros2_ws/install/uart_ros2/share/uart_ros2/cmake/uart_ros2Config.cmake
[22.550s] -- Up-to-date: /home/soppo/ros2_ws/install/uart_ros2/share/uart_ros2/cmake/uart_ros2Config-version.cmake
[22.550s] -- Up-to-date: /home/soppo/ros2_ws/install/uart_ros2/share/uart_ros2/package.xml
[22.554s] Invoked command in '/home/soppo/ros2_ws/build/uart_ros2' returned '0': CMAKE_PREFIX_PATH=${CMAKE_PREFIX_PATH}:/opt/ros/jazzy /usr/bin/cmake --install /home/soppo/ros2_ws/build/uart_ros2
