[0.479s] DEBUG:colcon:Command line arguments: ['/usr/bin/colcon', 'build']
[0.480s] DEBUG:colcon:Parsed command line arguments: Namespace(log_base=None, log_level=None, verb_name='build', build_base='build', install_base='install', merge_install=False, symlink_install=False, test_result_base=None, continue_on_error=False, executor='parallel', parallel_workers=12, event_handlers=None, ignore_user_meta=False, metas=['./colcon.meta'], base_paths=['.'], packages_ignore=None, packages_ignore_regex=None, paths=None, packages_up_to=None, packages_up_to_regex=None, packages_above=None, packages_above_and_dependencies=None, packages_above_depth=None, packages_select_by_dep=None, packages_skip_by_dep=None, packages_skip_up_to=None, packages_select_build_failed=False, packages_skip_build_finished=False, packages_select_test_failures=False, packages_skip_test_passed=False, packages_select=None, packages_skip=None, packages_select_regex=None, packages_skip_regex=None, packages_start=None, packages_end=None, cmake_args=None, cmake_target=None, cmake_target_skip_unavailable=False, cmake_clean_cache=False, cmake_clean_first=False, cmake_force_configure=False, ament_cmake_args=None, catkin_cmake_args=None, catkin_skip_building_tests=False, verb_parser=<colcon_defaults.argument_parser.defaults.DefaultArgumentsDecorator object at 0x7a40b84091c0>, verb_extension=<colcon_core.verb.build.BuildVerb object at 0x7a40b8408da0>, main=<bound method BuildVerb.main of <colcon_core.verb.build.BuildVerb object at 0x7a40b8408da0>>)
[0.598s] Level 1:colcon.colcon_core.package_discovery:discover_packages(colcon_meta) check parameters
[0.598s] Level 1:colcon.colcon_core.package_discovery:discover_packages(recursive) check parameters
[0.598s] Level 1:colcon.colcon_core.package_discovery:discover_packages(ignore) check parameters
[0.598s] Level 1:colcon.colcon_core.package_discovery:discover_packages(path) check parameters
[0.598s] Level 1:colcon.colcon_core.package_discovery:discover_packages(colcon_meta) discover
[0.598s] Level 1:colcon.colcon_core.package_discovery:discover_packages(recursive) discover
[0.598s] INFO:colcon.colcon_core.package_discovery:Crawling recursively for packages in '/home/soppo/ros2_ws'
[0.598s] Level 1:colcon.colcon_core.package_identification:_identify(.) by extensions ['ignore', 'ignore_ament_install']
[0.598s] Level 1:colcon.colcon_core.package_identification:_identify(.) by extension 'ignore'
[0.599s] Level 1:colcon.colcon_core.package_identification:_identify(.) by extension 'ignore_ament_install'
[0.599s] Level 1:colcon.colcon_core.package_identification:_identify(.) by extensions ['colcon_pkg']
[0.599s] Level 1:colcon.colcon_core.package_identification:_identify(.) by extension 'colcon_pkg'
[0.599s] Level 1:colcon.colcon_core.package_identification:_identify(.) by extensions ['colcon_meta']
[0.599s] Level 1:colcon.colcon_core.package_identification:_identify(.) by extension 'colcon_meta'
[0.599s] Level 1:colcon.colcon_core.package_identification:_identify(.) by extensions ['ros']
[0.599s] Level 1:colcon.colcon_core.package_identification:_identify(.) by extension 'ros'
[0.662s] Level 1:colcon.colcon_core.package_identification:_identify(.) by extensions ['cmake', 'python']
[0.662s] Level 1:colcon.colcon_core.package_identification:_identify(.) by extension 'cmake'
[0.662s] Level 1:colcon.colcon_core.package_identification:_identify(.) by extension 'python'
[0.662s] Level 1:colcon.colcon_core.package_identification:_identify(.) by extensions ['python_setup_py']
[0.662s] Level 1:colcon.colcon_core.package_identification:_identify(.) by extension 'python_setup_py'
[0.663s] Level 1:colcon.colcon_core.package_identification:_identify(build) by extensions ['ignore', 'ignore_ament_install']
[0.664s] Level 1:colcon.colcon_core.package_identification:_identify(build) by extension 'ignore'
[0.664s] Level 1:colcon.colcon_core.package_identification:_identify(build) ignored
[0.664s] Level 1:colcon.colcon_core.package_identification:_identify(install) by extensions ['ignore', 'ignore_ament_install']
[0.664s] Level 1:colcon.colcon_core.package_identification:_identify(install) by extension 'ignore'
[0.665s] Level 1:colcon.colcon_core.package_identification:_identify(install) ignored
[0.665s] Level 1:colcon.colcon_core.package_identification:_identify(log) by extensions ['ignore', 'ignore_ament_install']
[0.665s] Level 1:colcon.colcon_core.package_identification:_identify(log) by extension 'ignore'
[0.665s] Level 1:colcon.colcon_core.package_identification:_identify(log) ignored
[0.665s] Level 1:colcon.colcon_core.package_identification:_identify(src) by extensions ['ignore', 'ignore_ament_install']
[0.665s] Level 1:colcon.colcon_core.package_identification:_identify(src) by extension 'ignore'
[0.665s] Level 1:colcon.colcon_core.package_identification:_identify(src) by extension 'ignore_ament_install'
[0.665s] Level 1:colcon.colcon_core.package_identification:_identify(src) by extensions ['colcon_pkg']
[0.665s] Level 1:colcon.colcon_core.package_identification:_identify(src) by extension 'colcon_pkg'
[0.665s] Level 1:colcon.colcon_core.package_identification:_identify(src) by extensions ['colcon_meta']
[0.665s] Level 1:colcon.colcon_core.package_identification:_identify(src) by extension 'colcon_meta'
[0.666s] Level 1:colcon.colcon_core.package_identification:_identify(src) by extensions ['ros']
[0.666s] Level 1:colcon.colcon_core.package_identification:_identify(src) by extension 'ros'
[0.666s] Level 1:colcon.colcon_core.package_identification:_identify(src) by extensions ['cmake', 'python']
[0.666s] Level 1:colcon.colcon_core.package_identification:_identify(src) by extension 'cmake'
[0.666s] Level 1:colcon.colcon_core.package_identification:_identify(src) by extension 'python'
[0.666s] Level 1:colcon.colcon_core.package_identification:_identify(src) by extensions ['python_setup_py']
[0.666s] Level 1:colcon.colcon_core.package_identification:_identify(src) by extension 'python_setup_py'
[0.666s] Level 1:colcon.colcon_core.package_identification:_identify(src/uart_ros2) by extensions ['ignore', 'ignore_ament_install']
[0.666s] Level 1:colcon.colcon_core.package_identification:_identify(src/uart_ros2) by extension 'ignore'
[0.666s] Level 1:colcon.colcon_core.package_identification:_identify(src/uart_ros2) by extension 'ignore_ament_install'
[0.667s] Level 1:colcon.colcon_core.package_identification:_identify(src/uart_ros2) by extensions ['colcon_pkg']
[0.667s] Level 1:colcon.colcon_core.package_identification:_identify(src/uart_ros2) by extension 'colcon_pkg'
[0.667s] Level 1:colcon.colcon_core.package_identification:_identify(src/uart_ros2) by extensions ['colcon_meta']
[0.667s] Level 1:colcon.colcon_core.package_identification:_identify(src/uart_ros2) by extension 'colcon_meta'
[0.667s] Level 1:colcon.colcon_core.package_identification:_identify(src/uart_ros2) by extensions ['ros']
[0.667s] Level 1:colcon.colcon_core.package_identification:_identify(src/uart_ros2) by extension 'ros'
[0.673s] DEBUG:colcon.colcon_core.package_identification:Package 'src/uart_ros2' with type 'ros.ament_cmake' and name 'uart_ros2'
[0.674s] Level 1:colcon.colcon_core.package_discovery:discover_packages(recursive) using defaults
[0.674s] Level 1:colcon.colcon_core.package_discovery:discover_packages(ignore) discover
[0.674s] Level 1:colcon.colcon_core.package_discovery:discover_packages(ignore) using defaults
[0.674s] Level 1:colcon.colcon_core.package_discovery:discover_packages(path) discover
[0.674s] Level 1:colcon.colcon_core.package_discovery:discover_packages(path) using defaults
[0.738s] Level 5:colcon.colcon_core.verb:set package 'uart_ros2' build argument 'cmake_args' from command line to 'None'
[0.738s] Level 5:colcon.colcon_core.verb:set package 'uart_ros2' build argument 'cmake_target' from command line to 'None'
[0.738s] Level 5:colcon.colcon_core.verb:set package 'uart_ros2' build argument 'cmake_target_skip_unavailable' from command line to 'False'
[0.738s] Level 5:colcon.colcon_core.verb:set package 'uart_ros2' build argument 'cmake_clean_cache' from command line to 'False'
[0.738s] Level 5:colcon.colcon_core.verb:set package 'uart_ros2' build argument 'cmake_clean_first' from command line to 'False'
[0.738s] Level 5:colcon.colcon_core.verb:set package 'uart_ros2' build argument 'cmake_force_configure' from command line to 'False'
[0.739s] Level 5:colcon.colcon_core.verb:set package 'uart_ros2' build argument 'ament_cmake_args' from command line to 'None'
[0.739s] Level 5:colcon.colcon_core.verb:set package 'uart_ros2' build argument 'catkin_cmake_args' from command line to 'None'
[0.739s] Level 5:colcon.colcon_core.verb:set package 'uart_ros2' build argument 'catkin_skip_building_tests' from command line to 'False'
[0.739s] DEBUG:colcon.colcon_core.verb:Building package 'uart_ros2' with the following arguments: {'ament_cmake_args': None, 'build_base': '/home/soppo/ros2_ws/build/uart_ros2', 'catkin_cmake_args': None, 'catkin_skip_building_tests': False, 'cmake_args': None, 'cmake_clean_cache': False, 'cmake_clean_first': False, 'cmake_force_configure': False, 'cmake_target': None, 'cmake_target_skip_unavailable': False, 'install_base': '/home/soppo/ros2_ws/install/uart_ros2', 'merge_install': False, 'path': '/home/soppo/ros2_ws/src/uart_ros2', 'symlink_install': False, 'test_result_base': None}
[0.739s] INFO:colcon.colcon_core.executor:Executing jobs using 'parallel' executor
[0.742s] DEBUG:colcon.colcon_parallel_executor.executor.parallel:run_until_complete
[0.743s] INFO:colcon.colcon_ros.task.ament_cmake.build:Building ROS package in '/home/soppo/ros2_ws/src/uart_ros2' with build type 'ament_cmake'
[0.743s] INFO:colcon.colcon_cmake.task.cmake.build:Building CMake package in '/home/soppo/ros2_ws/src/uart_ros2'
[0.757s] INFO:colcon.colcon_core.plugin_system:Skipping extension 'colcon_core.shell.bat': Not used on non-Windows systems
[0.757s] DEBUG:colcon.colcon_core.shell:Skip shell extension 'dsv' for command environment
[0.800s] DEBUG:colcon.colcon_core.event_handler.log_command:Invoking command in '/home/soppo/ros2_ws/build/uart_ros2': CMAKE_PREFIX_PATH=${CMAKE_PREFIX_PATH}:/opt/ros/jazzy /usr/bin/cmake --build /home/soppo/ros2_ws/build/uart_ros2 -- -j12 -l12
[19.219s] DEBUG:colcon.colcon_core.event_handler.log_command:Invoked command in '/home/soppo/ros2_ws/build/uart_ros2' returned '0': CMAKE_PREFIX_PATH=${CMAKE_PREFIX_PATH}:/opt/ros/jazzy /usr/bin/cmake --build /home/soppo/ros2_ws/build/uart_ros2 -- -j12 -l12
[19.253s] DEBUG:colcon.colcon_core.event_handler.log_command:Invoking command in '/home/soppo/ros2_ws/build/uart_ros2': CMAKE_PREFIX_PATH=${CMAKE_PREFIX_PATH}:/opt/ros/jazzy /usr/bin/cmake --install /home/soppo/ros2_ws/build/uart_ros2
[19.305s] Level 1:colcon.colcon_core.environment:create_environment_scripts_only(uart_ros2)
[19.306s] DEBUG:colcon.colcon_core.event_handler.log_command:Invoked command in '/home/soppo/ros2_ws/build/uart_ros2' returned '0': CMAKE_PREFIX_PATH=${CMAKE_PREFIX_PATH}:/opt/ros/jazzy /usr/bin/cmake --install /home/soppo/ros2_ws/build/uart_ros2
[19.324s] Level 1:colcon.colcon_core.environment:checking '/home/soppo/ros2_ws/install/uart_ros2' for CMake module files
[19.326s] Level 1:colcon.colcon_core.environment:checking '/home/soppo/ros2_ws/install/uart_ros2' for CMake config files
[19.330s] Level 1:colcon.colcon_core.shell:create_environment_hook('uart_ros2', 'cmake_prefix_path')
[19.331s] INFO:colcon.colcon_core.shell:Creating environment descriptor '/home/soppo/ros2_ws/install/uart_ros2/share/uart_ros2/hook/cmake_prefix_path.dsv'
[19.334s] INFO:colcon.colcon_core.shell:Creating environment hook '/home/soppo/ros2_ws/install/uart_ros2/share/uart_ros2/hook/cmake_prefix_path.sh'
[19.337s] Level 1:colcon.colcon_core.environment:checking '/home/soppo/ros2_ws/install/uart_ros2/lib'
[19.338s] Level 1:colcon.colcon_core.environment:checking '/home/soppo/ros2_ws/install/uart_ros2/bin'
[19.339s] Level 1:colcon.colcon_core.environment:checking '/home/soppo/ros2_ws/install/uart_ros2/lib/pkgconfig/uart_ros2.pc'
[19.348s] Level 1:colcon.colcon_core.environment:checking '/home/soppo/ros2_ws/install/uart_ros2/lib/python3.12/site-packages'
[19.349s] Level 1:colcon.colcon_core.environment:checking '/home/soppo/ros2_ws/install/uart_ros2/bin'
[19.350s] INFO:colcon.colcon_core.shell:Creating package descriptor '/home/soppo/ros2_ws/install/uart_ros2/share/uart_ros2/package.dsv'
[19.353s] INFO:colcon.colcon_core.shell:Creating package script '/home/soppo/ros2_ws/install/uart_ros2/share/uart_ros2/package.sh'
[19.357s] INFO:colcon.colcon_core.shell:Creating package script '/home/soppo/ros2_ws/install/uart_ros2/share/uart_ros2/package.bash'
[19.359s] INFO:colcon.colcon_core.shell:Creating package script '/home/soppo/ros2_ws/install/uart_ros2/share/uart_ros2/package.zsh'
[19.362s] Level 1:colcon.colcon_core.environment:create_file_with_runtime_dependencies(/home/soppo/ros2_ws/install/uart_ros2/share/colcon-core/packages/uart_ros2)
[19.363s] Level 1:colcon.colcon_core.environment:create_environment_scripts_only(uart_ros2)
[19.364s] Level 1:colcon.colcon_core.environment:checking '/home/soppo/ros2_ws/install/uart_ros2' for CMake module files
[19.365s] Level 1:colcon.colcon_core.environment:checking '/home/soppo/ros2_ws/install/uart_ros2' for CMake config files
[19.365s] Level 1:colcon.colcon_core.shell:create_environment_hook('uart_ros2', 'cmake_prefix_path')
[19.366s] INFO:colcon.colcon_core.shell:Creating environment descriptor '/home/soppo/ros2_ws/install/uart_ros2/share/uart_ros2/hook/cmake_prefix_path.dsv'
[19.367s] INFO:colcon.colcon_core.shell:Creating environment hook '/home/soppo/ros2_ws/install/uart_ros2/share/uart_ros2/hook/cmake_prefix_path.sh'
[19.369s] Level 1:colcon.colcon_core.environment:checking '/home/soppo/ros2_ws/install/uart_ros2/lib'
[19.369s] Level 1:colcon.colcon_core.environment:checking '/home/soppo/ros2_ws/install/uart_ros2/bin'
[19.369s] Level 1:colcon.colcon_core.environment:checking '/home/soppo/ros2_ws/install/uart_ros2/lib/pkgconfig/uart_ros2.pc'
[19.369s] Level 1:colcon.colcon_core.environment:checking '/home/soppo/ros2_ws/install/uart_ros2/lib/python3.12/site-packages'
[19.370s] Level 1:colcon.colcon_core.environment:checking '/home/soppo/ros2_ws/install/uart_ros2/bin'
[19.371s] INFO:colcon.colcon_core.shell:Creating package descriptor '/home/soppo/ros2_ws/install/uart_ros2/share/uart_ros2/package.dsv'
[19.373s] INFO:colcon.colcon_core.shell:Creating package script '/home/soppo/ros2_ws/install/uart_ros2/share/uart_ros2/package.sh'
[19.374s] INFO:colcon.colcon_core.shell:Creating package script '/home/soppo/ros2_ws/install/uart_ros2/share/uart_ros2/package.bash'
[19.375s] INFO:colcon.colcon_core.shell:Creating package script '/home/soppo/ros2_ws/install/uart_ros2/share/uart_ros2/package.zsh'
[19.377s] Level 1:colcon.colcon_core.environment:create_file_with_runtime_dependencies(/home/soppo/ros2_ws/install/uart_ros2/share/colcon-core/packages/uart_ros2)
[19.378s] DEBUG:colcon.colcon_parallel_executor.executor.parallel:closing loop
[19.379s] DEBUG:colcon.colcon_parallel_executor.executor.parallel:loop closed
[19.380s] DEBUG:colcon.colcon_parallel_executor.executor.parallel:run_until_complete finished with '0'
[19.380s] DEBUG:colcon.colcon_core.event_reactor:joining thread
[19.620s] INFO:colcon.colcon_core.plugin_system:Skipping extension 'colcon_notification.desktop_notification.notify_send': Could not find 'notify-send'
[19.621s] INFO:colcon.colcon_core.plugin_system:Skipping extension 'colcon_notification.desktop_notification.terminal_notifier': Not used on non-Darwin systems
[19.621s] INFO:colcon.colcon_core.plugin_system:Skipping extension 'colcon_notification.desktop_notification.win32': Not used on non-Windows systems
[19.621s] INFO:colcon.colcon_notification.desktop_notification:Sending desktop notification using 'notify2'
[19.630s] DEBUG:colcon.colcon_notification.desktop_notification.notify2:Failed to initialize notify2: org.freedesktop.DBus.Error.ServiceUnknown: The name org.freedesktop.Notifications was not provided by any .service files
[19.630s] DEBUG:colcon.colcon_core.event_reactor:joined thread
[19.631s] INFO:colcon.colcon_core.shell:Creating prefix script '/home/soppo/ros2_ws/install/local_setup.sh'
[19.635s] INFO:colcon.colcon_core.shell:Creating prefix util module '/home/soppo/ros2_ws/install/_local_setup_util_sh.py'
[19.639s] INFO:colcon.colcon_core.shell:Creating prefix chain script '/home/soppo/ros2_ws/install/setup.sh'
[19.642s] INFO:colcon.colcon_core.shell:Creating prefix script '/home/soppo/ros2_ws/install/local_setup.bash'
[19.646s] INFO:colcon.colcon_core.shell:Creating prefix chain script '/home/soppo/ros2_ws/install/setup.bash'
[19.650s] INFO:colcon.colcon_core.shell:Creating prefix script '/home/soppo/ros2_ws/install/local_setup.zsh'
[19.653s] INFO:colcon.colcon_core.shell:Creating prefix chain script '/home/soppo/ros2_ws/install/setup.zsh'
