[0.656s] DEBUG:colcon:Command line arguments: ['/usr/bin/colcon', 'build']
[0.657s] DEBUG:colcon:Parsed command line arguments: Namespace(log_base=None, log_level=None, verb_name='build', build_base='build', install_base='install', merge_install=False, symlink_install=False, test_result_base=None, continue_on_error=False, executor='parallel', parallel_workers=12, event_handlers=None, ignore_user_meta=False, metas=['./colcon.meta'], base_paths=['.'], packages_ignore=None, packages_ignore_regex=None, paths=None, packages_up_to=None, packages_up_to_regex=None, packages_above=None, packages_above_and_dependencies=None, packages_above_depth=None, packages_select_by_dep=None, packages_skip_by_dep=None, packages_skip_up_to=None, packages_select_build_failed=False, packages_skip_build_finished=False, packages_select_test_failures=False, packages_skip_test_passed=False, packages_select=None, packages_skip=None, packages_select_regex=None, packages_skip_regex=None, packages_start=None, packages_end=None, cmake_args=None, cmake_target=None, cmake_target_skip_unavailable=False, cmake_clean_cache=False, cmake_clean_first=False, cmake_force_configure=False, ament_cmake_args=None, catkin_cmake_args=None, catkin_skip_building_tests=False, verb_parser=<colcon_defaults.argument_parser.defaults.DefaultArgumentsDecorator object at 0x731e86bfd070>, verb_extension=<colcon_core.verb.build.BuildVerb object at 0x731e86bfcda0>, main=<bound method BuildVerb.main of <colcon_core.verb.build.BuildVerb object at 0x731e86bfcda0>>)
[0.863s] Level 1:colcon.colcon_core.package_discovery:discover_packages(colcon_meta) check parameters
[0.864s] Level 1:colcon.colcon_core.package_discovery:discover_packages(recursive) check parameters
[0.864s] Level 1:colcon.colcon_core.package_discovery:discover_packages(ignore) check parameters
[0.864s] Level 1:colcon.colcon_core.package_discovery:discover_packages(path) check parameters
[0.864s] Level 1:colcon.colcon_core.package_discovery:discover_packages(colcon_meta) discover
[0.864s] Level 1:colcon.colcon_core.package_discovery:discover_packages(recursive) discover
[0.864s] INFO:colcon.colcon_core.package_discovery:Crawling recursively for packages in '/home/soppo/ros2_ws'
[0.865s] Level 1:colcon.colcon_core.package_identification:_identify(.) by extensions ['ignore', 'ignore_ament_install']
[0.865s] Level 1:colcon.colcon_core.package_identification:_identify(.) by extension 'ignore'
[0.865s] Level 1:colcon.colcon_core.package_identification:_identify(.) by extension 'ignore_ament_install'
[0.865s] Level 1:colcon.colcon_core.package_identification:_identify(.) by extensions ['colcon_pkg']
[0.866s] Level 1:colcon.colcon_core.package_identification:_identify(.) by extension 'colcon_pkg'
[0.866s] Level 1:colcon.colcon_core.package_identification:_identify(.) by extensions ['colcon_meta']
[0.866s] Level 1:colcon.colcon_core.package_identification:_identify(.) by extension 'colcon_meta'
[0.866s] Level 1:colcon.colcon_core.package_identification:_identify(.) by extensions ['ros']
[0.866s] Level 1:colcon.colcon_core.package_identification:_identify(.) by extension 'ros'
[0.947s] Level 1:colcon.colcon_core.package_identification:_identify(.) by extensions ['cmake', 'python']
[0.947s] Level 1:colcon.colcon_core.package_identification:_identify(.) by extension 'cmake'
[0.947s] Level 1:colcon.colcon_core.package_identification:_identify(.) by extension 'python'
[0.947s] Level 1:colcon.colcon_core.package_identification:_identify(.) by extensions ['python_setup_py']
[0.947s] Level 1:colcon.colcon_core.package_identification:_identify(.) by extension 'python_setup_py'
[0.949s] Level 1:colcon.colcon_core.package_identification:_identify(build) by extensions ['ignore', 'ignore_ament_install']
[0.950s] Level 1:colcon.colcon_core.package_identification:_identify(build) by extension 'ignore'
[0.950s] Level 1:colcon.colcon_core.package_identification:_identify(build) ignored
[0.951s] Level 1:colcon.colcon_core.package_identification:_identify(install) by extensions ['ignore', 'ignore_ament_install']
[0.951s] Level 1:colcon.colcon_core.package_identification:_identify(install) by extension 'ignore'
[0.951s] Level 1:colcon.colcon_core.package_identification:_identify(install) ignored
[0.951s] Level 1:colcon.colcon_core.package_identification:_identify(log) by extensions ['ignore', 'ignore_ament_install']
[0.951s] Level 1:colcon.colcon_core.package_identification:_identify(log) by extension 'ignore'
[0.951s] Level 1:colcon.colcon_core.package_identification:_identify(log) ignored
[0.952s] Level 1:colcon.colcon_core.package_identification:_identify(src) by extensions ['ignore', 'ignore_ament_install']
[0.952s] Level 1:colcon.colcon_core.package_identification:_identify(src) by extension 'ignore'
[0.952s] Level 1:colcon.colcon_core.package_identification:_identify(src) by extension 'ignore_ament_install'
[0.952s] Level 1:colcon.colcon_core.package_identification:_identify(src) by extensions ['colcon_pkg']
[0.952s] Level 1:colcon.colcon_core.package_identification:_identify(src) by extension 'colcon_pkg'
[0.952s] Level 1:colcon.colcon_core.package_identification:_identify(src) by extensions ['colcon_meta']
[0.952s] Level 1:colcon.colcon_core.package_identification:_identify(src) by extension 'colcon_meta'
[0.952s] Level 1:colcon.colcon_core.package_identification:_identify(src) by extensions ['ros']
[0.952s] Level 1:colcon.colcon_core.package_identification:_identify(src) by extension 'ros'
[0.952s] Level 1:colcon.colcon_core.package_identification:_identify(src) by extensions ['cmake', 'python']
[0.952s] Level 1:colcon.colcon_core.package_identification:_identify(src) by extension 'cmake'
[0.952s] Level 1:colcon.colcon_core.package_identification:_identify(src) by extension 'python'
[0.953s] Level 1:colcon.colcon_core.package_identification:_identify(src) by extensions ['python_setup_py']
[0.953s] Level 1:colcon.colcon_core.package_identification:_identify(src) by extension 'python_setup_py'
[0.953s] Level 1:colcon.colcon_core.package_identification:_identify(src/uart_ros2) by extensions ['ignore', 'ignore_ament_install']
[0.953s] Level 1:colcon.colcon_core.package_identification:_identify(src/uart_ros2) by extension 'ignore'
[0.953s] Level 1:colcon.colcon_core.package_identification:_identify(src/uart_ros2) by extension 'ignore_ament_install'
[0.953s] Level 1:colcon.colcon_core.package_identification:_identify(src/uart_ros2) by extensions ['colcon_pkg']
[0.953s] Level 1:colcon.colcon_core.package_identification:_identify(src/uart_ros2) by extension 'colcon_pkg'
[0.953s] Level 1:colcon.colcon_core.package_identification:_identify(src/uart_ros2) by extensions ['colcon_meta']
[0.953s] Level 1:colcon.colcon_core.package_identification:_identify(src/uart_ros2) by extension 'colcon_meta'
[0.953s] Level 1:colcon.colcon_core.package_identification:_identify(src/uart_ros2) by extensions ['ros']
[0.953s] Level 1:colcon.colcon_core.package_identification:_identify(src/uart_ros2) by extension 'ros'
[0.961s] DEBUG:colcon.colcon_core.package_identification:Package 'src/uart_ros2' with type 'ros.ament_cmake' and name 'uart_ros2'
[0.962s] Level 1:colcon.colcon_core.package_discovery:discover_packages(recursive) using defaults
[0.962s] Level 1:colcon.colcon_core.package_discovery:discover_packages(ignore) discover
[0.962s] Level 1:colcon.colcon_core.package_discovery:discover_packages(ignore) using defaults
[0.962s] Level 1:colcon.colcon_core.package_discovery:discover_packages(path) discover
[0.962s] Level 1:colcon.colcon_core.package_discovery:discover_packages(path) using defaults
[1.024s] Level 5:colcon.colcon_core.verb:set package 'uart_ros2' build argument 'cmake_args' from command line to 'None'
[1.024s] Level 5:colcon.colcon_core.verb:set package 'uart_ros2' build argument 'cmake_target' from command line to 'None'
[1.025s] Level 5:colcon.colcon_core.verb:set package 'uart_ros2' build argument 'cmake_target_skip_unavailable' from command line to 'False'
[1.025s] Level 5:colcon.colcon_core.verb:set package 'uart_ros2' build argument 'cmake_clean_cache' from command line to 'False'
[1.025s] Level 5:colcon.colcon_core.verb:set package 'uart_ros2' build argument 'cmake_clean_first' from command line to 'False'
[1.025s] Level 5:colcon.colcon_core.verb:set package 'uart_ros2' build argument 'cmake_force_configure' from command line to 'False'
[1.025s] Level 5:colcon.colcon_core.verb:set package 'uart_ros2' build argument 'ament_cmake_args' from command line to 'None'
[1.025s] Level 5:colcon.colcon_core.verb:set package 'uart_ros2' build argument 'catkin_cmake_args' from command line to 'None'
[1.025s] Level 5:colcon.colcon_core.verb:set package 'uart_ros2' build argument 'catkin_skip_building_tests' from command line to 'False'
[1.025s] DEBUG:colcon.colcon_core.verb:Building package 'uart_ros2' with the following arguments: {'ament_cmake_args': None, 'build_base': '/home/soppo/ros2_ws/build/uart_ros2', 'catkin_cmake_args': None, 'catkin_skip_building_tests': False, 'cmake_args': None, 'cmake_clean_cache': False, 'cmake_clean_first': False, 'cmake_force_configure': False, 'cmake_target': None, 'cmake_target_skip_unavailable': False, 'install_base': '/home/soppo/ros2_ws/install/uart_ros2', 'merge_install': False, 'path': '/home/soppo/ros2_ws/src/uart_ros2', 'symlink_install': False, 'test_result_base': None}
[1.025s] INFO:colcon.colcon_core.executor:Executing jobs using 'parallel' executor
[1.028s] DEBUG:colcon.colcon_parallel_executor.executor.parallel:run_until_complete
[1.028s] INFO:colcon.colcon_ros.task.ament_cmake.build:Building ROS package in '/home/soppo/ros2_ws/src/uart_ros2' with build type 'ament_cmake'
[1.028s] INFO:colcon.colcon_cmake.task.cmake.build:Building CMake package in '/home/soppo/ros2_ws/src/uart_ros2'
[1.043s] INFO:colcon.colcon_core.plugin_system:Skipping extension 'colcon_core.shell.bat': Not used on non-Windows systems
[1.043s] DEBUG:colcon.colcon_core.shell:Skip shell extension 'dsv' for command environment
[1.087s] DEBUG:colcon.colcon_core.event_handler.log_command:Invoking command in '/home/soppo/ros2_ws/build/uart_ros2': CMAKE_PREFIX_PATH=${CMAKE_PREFIX_PATH}:/opt/ros/jazzy /usr/bin/cmake --build /home/soppo/ros2_ws/build/uart_ros2 -- -j12 -l12
[20.165s] DEBUG:colcon.colcon_core.event_handler.log_command:Invoked command in '/home/soppo/ros2_ws/build/uart_ros2' returned '0': CMAKE_PREFIX_PATH=${CMAKE_PREFIX_PATH}:/opt/ros/jazzy /usr/bin/cmake --build /home/soppo/ros2_ws/build/uart_ros2 -- -j12 -l12
[20.192s] DEBUG:colcon.colcon_core.event_handler.log_command:Invoking command in '/home/soppo/ros2_ws/build/uart_ros2': CMAKE_PREFIX_PATH=${CMAKE_PREFIX_PATH}:/opt/ros/jazzy /usr/bin/cmake --install /home/soppo/ros2_ws/build/uart_ros2
[20.232s] Level 1:colcon.colcon_core.environment:create_environment_scripts_only(uart_ros2)
[20.233s] DEBUG:colcon.colcon_core.event_handler.log_command:Invoked command in '/home/soppo/ros2_ws/build/uart_ros2' returned '0': CMAKE_PREFIX_PATH=${CMAKE_PREFIX_PATH}:/opt/ros/jazzy /usr/bin/cmake --install /home/soppo/ros2_ws/build/uart_ros2
[20.245s] Level 1:colcon.colcon_core.environment:checking '/home/soppo/ros2_ws/install/uart_ros2' for CMake module files
[20.247s] Level 1:colcon.colcon_core.environment:checking '/home/soppo/ros2_ws/install/uart_ros2' for CMake config files
[20.252s] Level 1:colcon.colcon_core.shell:create_environment_hook('uart_ros2', 'cmake_prefix_path')
[20.253s] INFO:colcon.colcon_core.shell:Creating environment descriptor '/home/soppo/ros2_ws/install/uart_ros2/share/uart_ros2/hook/cmake_prefix_path.dsv'
[20.255s] INFO:colcon.colcon_core.shell:Creating environment hook '/home/soppo/ros2_ws/install/uart_ros2/share/uart_ros2/hook/cmake_prefix_path.sh'
[20.257s] Level 1:colcon.colcon_core.environment:checking '/home/soppo/ros2_ws/install/uart_ros2/lib'
[20.258s] Level 1:colcon.colcon_core.environment:checking '/home/soppo/ros2_ws/install/uart_ros2/bin'
[20.258s] Level 1:colcon.colcon_core.environment:checking '/home/soppo/ros2_ws/install/uart_ros2/lib/pkgconfig/uart_ros2.pc'
[20.263s] Level 1:colcon.colcon_core.environment:checking '/home/soppo/ros2_ws/install/uart_ros2/lib/python3.12/site-packages'
[20.264s] Level 1:colcon.colcon_core.environment:checking '/home/soppo/ros2_ws/install/uart_ros2/bin'
[20.264s] INFO:colcon.colcon_core.shell:Creating package descriptor '/home/soppo/ros2_ws/install/uart_ros2/share/uart_ros2/package.dsv'
[20.266s] INFO:colcon.colcon_core.shell:Creating package script '/home/soppo/ros2_ws/install/uart_ros2/share/uart_ros2/package.sh'
[20.268s] INFO:colcon.colcon_core.shell:Creating package script '/home/soppo/ros2_ws/install/uart_ros2/share/uart_ros2/package.bash'
[20.269s] INFO:colcon.colcon_core.shell:Creating package script '/home/soppo/ros2_ws/install/uart_ros2/share/uart_ros2/package.zsh'
[20.271s] Level 1:colcon.colcon_core.environment:create_file_with_runtime_dependencies(/home/soppo/ros2_ws/install/uart_ros2/share/colcon-core/packages/uart_ros2)
[20.272s] Level 1:colcon.colcon_core.environment:create_environment_scripts_only(uart_ros2)
[20.272s] Level 1:colcon.colcon_core.environment:checking '/home/soppo/ros2_ws/install/uart_ros2' for CMake module files
[20.273s] Level 1:colcon.colcon_core.environment:checking '/home/soppo/ros2_ws/install/uart_ros2' for CMake config files
[20.273s] Level 1:colcon.colcon_core.shell:create_environment_hook('uart_ros2', 'cmake_prefix_path')
[20.274s] INFO:colcon.colcon_core.shell:Creating environment descriptor '/home/soppo/ros2_ws/install/uart_ros2/share/uart_ros2/hook/cmake_prefix_path.dsv'
[20.275s] INFO:colcon.colcon_core.shell:Creating environment hook '/home/soppo/ros2_ws/install/uart_ros2/share/uart_ros2/hook/cmake_prefix_path.sh'
[20.276s] Level 1:colcon.colcon_core.environment:checking '/home/soppo/ros2_ws/install/uart_ros2/lib'
[20.276s] Level 1:colcon.colcon_core.environment:checking '/home/soppo/ros2_ws/install/uart_ros2/bin'
[20.276s] Level 1:colcon.colcon_core.environment:checking '/home/soppo/ros2_ws/install/uart_ros2/lib/pkgconfig/uart_ros2.pc'
[20.276s] Level 1:colcon.colcon_core.environment:checking '/home/soppo/ros2_ws/install/uart_ros2/lib/python3.12/site-packages'
[20.277s] Level 1:colcon.colcon_core.environment:checking '/home/soppo/ros2_ws/install/uart_ros2/bin'
[20.277s] INFO:colcon.colcon_core.shell:Creating package descriptor '/home/soppo/ros2_ws/install/uart_ros2/share/uart_ros2/package.dsv'
[20.278s] INFO:colcon.colcon_core.shell:Creating package script '/home/soppo/ros2_ws/install/uart_ros2/share/uart_ros2/package.sh'
[20.279s] INFO:colcon.colcon_core.shell:Creating package script '/home/soppo/ros2_ws/install/uart_ros2/share/uart_ros2/package.bash'
[20.280s] INFO:colcon.colcon_core.shell:Creating package script '/home/soppo/ros2_ws/install/uart_ros2/share/uart_ros2/package.zsh'
[20.281s] Level 1:colcon.colcon_core.environment:create_file_with_runtime_dependencies(/home/soppo/ros2_ws/install/uart_ros2/share/colcon-core/packages/uart_ros2)
[20.282s] DEBUG:colcon.colcon_parallel_executor.executor.parallel:closing loop
[20.283s] DEBUG:colcon.colcon_parallel_executor.executor.parallel:loop closed
[20.284s] DEBUG:colcon.colcon_parallel_executor.executor.parallel:run_until_complete finished with '0'
[20.284s] DEBUG:colcon.colcon_core.event_reactor:joining thread
[20.448s] INFO:colcon.colcon_core.plugin_system:Skipping extension 'colcon_notification.desktop_notification.notify_send': Could not find 'notify-send'
[20.449s] INFO:colcon.colcon_core.plugin_system:Skipping extension 'colcon_notification.desktop_notification.terminal_notifier': Not used on non-Darwin systems
[20.449s] INFO:colcon.colcon_core.plugin_system:Skipping extension 'colcon_notification.desktop_notification.win32': Not used on non-Windows systems
[20.449s] INFO:colcon.colcon_notification.desktop_notification:Sending desktop notification using 'notify2'
[20.455s] DEBUG:colcon.colcon_notification.desktop_notification.notify2:Failed to initialize notify2: org.freedesktop.DBus.Error.ServiceUnknown: The name org.freedesktop.Notifications was not provided by any .service files
[20.456s] DEBUG:colcon.colcon_core.event_reactor:joined thread
[20.456s] INFO:colcon.colcon_core.shell:Creating prefix script '/home/soppo/ros2_ws/install/local_setup.sh'
[20.458s] INFO:colcon.colcon_core.shell:Creating prefix util module '/home/soppo/ros2_ws/install/_local_setup_util_sh.py'
[20.460s] INFO:colcon.colcon_core.shell:Creating prefix chain script '/home/soppo/ros2_ws/install/setup.sh'
[20.463s] INFO:colcon.colcon_core.shell:Creating prefix script '/home/soppo/ros2_ws/install/local_setup.bash'
[20.464s] INFO:colcon.colcon_core.shell:Creating prefix chain script '/home/soppo/ros2_ws/install/setup.bash'
[20.466s] INFO:colcon.colcon_core.shell:Creating prefix script '/home/soppo/ros2_ws/install/local_setup.zsh'
[20.468s] INFO:colcon.colcon_core.shell:Creating prefix chain script '/home/soppo/ros2_ws/install/setup.zsh'
