Archive member included to satisfy reference by file (symbol)

D:/STM32CubeIDE_1.19.0/STM32CubeIDE/plugins/com.st.stm32cube.ide.mcu.externaltools.gnu-tools-for-stm32.13.3.rel1.win32_1.0.0.202411081344/tools/bin/../lib/gcc/arm-none-eabi/13.3.1/../../../../arm-none-eabi/lib/thumb/v7-m/nofp\libc_nano.a(libc_a-exit.o)
                              D:/STM32CubeIDE_1.19.0/STM32CubeIDE/plugins/com.st.stm32cube.ide.mcu.externaltools.gnu-tools-for-stm32.13.3.rel1.win32_1.0.0.202411081344/tools/bin/../lib/gcc/arm-none-eabi/13.3.1/../../../../arm-none-eabi/lib/thumb/v7-m/nofp/crt0.o (exit)
D:/STM32CubeIDE_1.19.0/STM32CubeIDE/plugins/com.st.stm32cube.ide.mcu.externaltools.gnu-tools-for-stm32.13.3.rel1.win32_1.0.0.202411081344/tools/bin/../lib/gcc/arm-none-eabi/13.3.1/../../../../arm-none-eabi/lib/thumb/v7-m/nofp\libc_nano.a(libc_a-findfp.o)
                              D:/STM32CubeIDE_1.19.0/STM32CubeIDE/plugins/com.st.stm32cube.ide.mcu.externaltools.gnu-tools-for-stm32.13.3.rel1.win32_1.0.0.202411081344/tools/bin/../lib/gcc/arm-none-eabi/13.3.1/../../../../arm-none-eabi/lib/thumb/v7-m/nofp\libc_nano.a(libc_a-exit.o) (__stdio_exit_handler)
D:/STM32CubeIDE_1.19.0/STM32CubeIDE/plugins/com.st.stm32cube.ide.mcu.externaltools.gnu-tools-for-stm32.13.3.rel1.win32_1.0.0.202411081344/tools/bin/../lib/gcc/arm-none-eabi/13.3.1/../../../../arm-none-eabi/lib/thumb/v7-m/nofp\libc_nano.a(libc_a-fwalk.o)
                              D:/STM32CubeIDE_1.19.0/STM32CubeIDE/plugins/com.st.stm32cube.ide.mcu.externaltools.gnu-tools-for-stm32.13.3.rel1.win32_1.0.0.202411081344/tools/bin/../lib/gcc/arm-none-eabi/13.3.1/../../../../arm-none-eabi/lib/thumb/v7-m/nofp\libc_nano.a(libc_a-findfp.o) (_fwalk_sglue)
D:/STM32CubeIDE_1.19.0/STM32CubeIDE/plugins/com.st.stm32cube.ide.mcu.externaltools.gnu-tools-for-stm32.13.3.rel1.win32_1.0.0.202411081344/tools/bin/../lib/gcc/arm-none-eabi/13.3.1/../../../../arm-none-eabi/lib/thumb/v7-m/nofp\libc_nano.a(libc_a-stdio.o)
                              D:/STM32CubeIDE_1.19.0/STM32CubeIDE/plugins/com.st.stm32cube.ide.mcu.externaltools.gnu-tools-for-stm32.13.3.rel1.win32_1.0.0.202411081344/tools/bin/../lib/gcc/arm-none-eabi/13.3.1/../../../../arm-none-eabi/lib/thumb/v7-m/nofp\libc_nano.a(libc_a-findfp.o) (__sread)
D:/STM32CubeIDE_1.19.0/STM32CubeIDE/plugins/com.st.stm32cube.ide.mcu.externaltools.gnu-tools-for-stm32.13.3.rel1.win32_1.0.0.202411081344/tools/bin/../lib/gcc/arm-none-eabi/13.3.1/../../../../arm-none-eabi/lib/thumb/v7-m/nofp\libc_nano.a(libc_a-memset.o)
                              D:/STM32CubeIDE_1.19.0/STM32CubeIDE/plugins/com.st.stm32cube.ide.mcu.externaltools.gnu-tools-for-stm32.13.3.rel1.win32_1.0.0.202411081344/tools/bin/../lib/gcc/arm-none-eabi/13.3.1/../../../../arm-none-eabi/lib/thumb/v7-m/nofp/crt0.o (memset)
D:/STM32CubeIDE_1.19.0/STM32CubeIDE/plugins/com.st.stm32cube.ide.mcu.externaltools.gnu-tools-for-stm32.13.3.rel1.win32_1.0.0.202411081344/tools/bin/../lib/gcc/arm-none-eabi/13.3.1/../../../../arm-none-eabi/lib/thumb/v7-m/nofp\libc_nano.a(libc_a-closer.o)
                              D:/STM32CubeIDE_1.19.0/STM32CubeIDE/plugins/com.st.stm32cube.ide.mcu.externaltools.gnu-tools-for-stm32.13.3.rel1.win32_1.0.0.202411081344/tools/bin/../lib/gcc/arm-none-eabi/13.3.1/../../../../arm-none-eabi/lib/thumb/v7-m/nofp\libc_nano.a(libc_a-stdio.o) (_close_r)
D:/STM32CubeIDE_1.19.0/STM32CubeIDE/plugins/com.st.stm32cube.ide.mcu.externaltools.gnu-tools-for-stm32.13.3.rel1.win32_1.0.0.202411081344/tools/bin/../lib/gcc/arm-none-eabi/13.3.1/../../../../arm-none-eabi/lib/thumb/v7-m/nofp\libc_nano.a(libc_a-reent.o)
                              D:/STM32CubeIDE_1.19.0/STM32CubeIDE/plugins/com.st.stm32cube.ide.mcu.externaltools.gnu-tools-for-stm32.13.3.rel1.win32_1.0.0.202411081344/tools/bin/../lib/gcc/arm-none-eabi/13.3.1/../../../../arm-none-eabi/lib/thumb/v7-m/nofp\libc_nano.a(libc_a-closer.o) (errno)
D:/STM32CubeIDE_1.19.0/STM32CubeIDE/plugins/com.st.stm32cube.ide.mcu.externaltools.gnu-tools-for-stm32.13.3.rel1.win32_1.0.0.202411081344/tools/bin/../lib/gcc/arm-none-eabi/13.3.1/../../../../arm-none-eabi/lib/thumb/v7-m/nofp\libc_nano.a(libc_a-impure.o)
                              D:/STM32CubeIDE_1.19.0/STM32CubeIDE/plugins/com.st.stm32cube.ide.mcu.externaltools.gnu-tools-for-stm32.13.3.rel1.win32_1.0.0.202411081344/tools/bin/../lib/gcc/arm-none-eabi/13.3.1/../../../../arm-none-eabi/lib/thumb/v7-m/nofp\libc_nano.a(libc_a-reent.o) (_impure_ptr)
D:/STM32CubeIDE_1.19.0/STM32CubeIDE/plugins/com.st.stm32cube.ide.mcu.externaltools.gnu-tools-for-stm32.13.3.rel1.win32_1.0.0.202411081344/tools/bin/../lib/gcc/arm-none-eabi/13.3.1/../../../../arm-none-eabi/lib/thumb/v7-m/nofp\libc_nano.a(libc_a-lseekr.o)
                              D:/STM32CubeIDE_1.19.0/STM32CubeIDE/plugins/com.st.stm32cube.ide.mcu.externaltools.gnu-tools-for-stm32.13.3.rel1.win32_1.0.0.202411081344/tools/bin/../lib/gcc/arm-none-eabi/13.3.1/../../../../arm-none-eabi/lib/thumb/v7-m/nofp\libc_nano.a(libc_a-stdio.o) (_lseek_r)
[...]
Memory Configuration

Name             Origin             Length             Attributes
RAM              0x20000000         0x00005000         xrw
FLASH            0x08000000         0x00010000         xr
*default*        0x00000000         0xffffffff

Linker script and memory map

LOAD D:/STM32CubeIDE_1.19.0/STM32CubeIDE/plugins/com.st.stm32cube.ide.mcu.externaltools.gnu-tools-for-stm32.13.3.rel1.win32_1.0.0.202411081344/tools/bin/../lib/gcc/arm-none-eabi/13.3.1/thumb/v7-m/nofp/crti.o
LOAD D:/STM32CubeIDE_1.19.0/STM32CubeIDE/plugins/com.st.stm32cube.ide.mcu.externaltools.gnu-tools-for-stm32.13.3.rel1.win32_1.0.0.202411081344/tools/bin/../lib/gcc/arm-none-eabi/13.3.1/thumb/v7-m/nofp/crtbegin.o
LOAD D:/STM32CubeIDE_1.19.0/STM32CubeIDE/plugins/com.st.stm32cube.ide.mcu.externaltools.gnu-tools-for-stm32.13.3.rel1.win32_1.0.0.202411081344/tools/bin/../lib/gcc/arm-none-eabi/13.3.1/../../../../arm-none-eabi/lib/thumb/v7-m/nofp/crt0.o
LOAD ./Core/Src/freertos.o
LOAD ./Core/Src/main.o
LOAD ./Core/Src/servo.o
LOAD ./Core/Src/stm32f1xx_hal_msp.o
LOAD ./Core/Src/stm32f1xx_it.o
LOAD ./Core/Src/syscalls.o
LOAD ./Core/Src/sysmem.o
LOAD ./Core/Src/system_stm32f1xx.o
LOAD ./Core/Startup/startup_stm32f103c8tx.o
LOAD ./Drivers/STM32F1xx_HAL_Driver/Src/stm32f1xx_hal.o
LOAD ./Drivers/STM32F1xx_HAL_Driver/Src/stm32f1xx_hal_cortex.o
LOAD ./Drivers/STM32F1xx_HAL_Driver/Src/stm32f1xx_hal_dma.o
LOAD ./Drivers/STM32F1xx_HAL_Driver/Src/stm32f1xx_hal_exti.o
LOAD ./Drivers/STM32F1xx_HAL_Driver/Src/stm32f1xx_hal_flash.o
LOAD ./Drivers/STM32F1xx_HAL_Driver/Src/stm32f1xx_hal_flash_ex.o
LOAD ./Drivers/STM32F1xx_HAL_Driver/Src/stm32f1xx_hal_gpio.o
LOAD ./Drivers/STM32F1xx_HAL_Driver/Src/stm32f1xx_hal_gpio_ex.o
LOAD ./Drivers/STM32F1xx_HAL_Driver/Src/stm32f1xx_hal_pcd.o
LOAD ./Drivers/STM32F1xx_HAL_Driver/Src/stm32f1xx_hal_pcd_ex.o
LOAD ./Drivers/STM32F1xx_HAL_Driver/Src/stm32f1xx_hal_pwr.o
LOAD ./Drivers/STM32F1xx_HAL_Driver/Src/stm32f1xx_hal_rcc.o
LOAD ./Drivers/STM32F1xx_HAL_Driver/Src/stm32f1xx_hal_rcc_ex.o
LOAD ./Drivers/STM32F1xx_HAL_Driver/Src/stm32f1xx_hal_tim.o
LOAD ./Drivers/STM32F1xx_HAL_Driver/Src/stm32f1xx_hal_tim_ex.o
LOAD ./Drivers/STM32F1xx_HAL_Driver/Src/stm32f1xx_ll_usb.o
LOAD ./Middlewares/ST/STM32_USB_Device_Library/Class/CDC/Src/usbd_cdc.o
LOAD ./Middlewares/ST/STM32_USB_Device_Library/Core/Src/usbd_core.o
LOAD ./Middlewares/ST/STM32_USB_Device_Library/Core/Src/usbd_ctlreq.o
LOAD ./Middlewares/ST/STM32_USB_Device_Library/Core/Src/usbd_ioreq.o
LOAD ./Middlewares/Third_Party/FreeRTOS/Source/CMSIS_RTOS_V2/cmsis_os2.o
LOAD ./Middlewares/Third_Party/FreeRTOS/Source/croutine.o
LOAD ./Middlewares/Third_Party/FreeRTOS/Source/event_groups.o
LOAD ./Middlewares/Third_Party/FreeRTOS/Source/list.o
LOAD ./Middlewares/Third_Party/FreeRTOS/Source/queue.o
LOAD ./Middlewares/Third_Party/FreeRTOS/Source/stream_buffer.o
LOAD ./Middlewares/Third_Party/FreeRTOS/Source/tasks.o
LOAD ./Middlewares/Third_Party/FreeRTOS/Source/timers.o
LOAD ./Middlewares/Third_Party/FreeRTOS/Source/portable/GCC/ARM_CM3/port.o
LOAD ./Middlewares/Third_Party/FreeRTOS/Source/portable/MemMang/heap_4.o
LOAD ./USB_DEVICE/App/usb_device.o
LOAD ./USB_DEVICE/App/usbd_cdc_if.o
LOAD ./USB_DEVICE/App/usbd_desc.o
LOAD ./USB_DEVICE/Target/usbd_conf.o
START GROUP
LOAD D:/STM32CubeIDE_1.19.0/STM32CubeIDE/plugins/com.st.stm32cube.ide.mcu.externaltools.gnu-tools-for-stm32.13.3.rel1.win32_1.0.0.202411081344/tools/bin/../lib/gcc/arm-none-eabi/13.3.1/../../../../arm-none-eabi/lib/thumb/v7-m/nofp\libc_nano.a
LOAD D:/STM32CubeIDE_1.19.0/STM32CubeIDE/plugins/com.st.stm32cube.ide.mcu.externaltools.gnu-tools-for-stm32.13.3.rel1.win32_1.0.0.202411081344/tools/bin/../lib/gcc/arm-none-eabi/13.3.1/../../../../arm-none-eabi/lib/thumb/v7-m/nofp\libm.a
END GROUP
START GROUP
LOAD D:/STM32CubeIDE_1.19.0/STM32CubeIDE/plugins/com.st.stm32cube.ide.mcu.externaltools.gnu-tools-for-stm32.13.3.rel1.win32_1.0.0.202411081344/tools/bin/../lib/gcc/arm-none-eabi/13.3.1/thumb/v7-m/nofp\libgcc.a
LOAD D:/STM32CubeIDE_1.19.0/STM32CubeIDE/plugins/com.st.stm32cube.ide.mcu.externaltools.gnu-tools-for-stm32.13.3.rel1.win32_1.0.0.202411081344/tools/bin/../lib/gcc/arm-none-eabi/13.3.1/../../../../arm-none-eabi/lib/thumb/v7-m/nofp\libc_nano.a
END GROUP
START GROUP
LOAD D:/STM32CubeIDE_1.19.0/STM32CubeIDE/plugins/com.st.stm32cube.ide.mcu.externaltools.gnu-tools-for-stm32.13.3.rel1.win32_1.0.0.202411081344/tools/bin/../lib/gcc/arm-none-eabi/13.3.1/thumb/v7-m/nofp\libgcc.a
LOAD D:/STM32CubeIDE_1.19.0/STM32CubeIDE/plugins/com.st.stm32cube.ide.mcu.externaltools.gnu-tools-for-stm32.13.3.rel1.win32_1.0.0.202411081344/tools/bin/../lib/gcc/arm-none-eabi/13.3.1/../../../../arm-none-eabi/lib/thumb/v7-m/nofp\libc_nano.a
LOAD D:/STM32CubeIDE_1.19.0/STM32CubeIDE/plugins/com.st.stm32cube.ide.mcu.externaltools.gnu-tools-for-stm32.13.3.rel1.win32_1.0.0.202411081344/tools/bin/../lib/gcc/arm-none-eabi/13.3.1/../../../../arm-none-eabi/lib/thumb/v7-m/nofp\libnosys.a
END GROUP
START GROUP
LOAD D:/STM32CubeIDE_1.19.0/STM32CubeIDE/plugins/com.st.stm32cube.ide.mcu.externaltools.gnu-tools-for-stm32.13.3.rel1.win32_1.0.0.202411081344/tools/bin/../lib/gcc/arm-none-eabi/13.3.1/thumb/v7-m/nofp\libgcc.a
LOAD D:/STM32CubeIDE_1.19.0/STM32CubeIDE/plugins/com.st.stm32cube.ide.mcu.externaltools.gnu-tools-for-stm32.13.3.rel1.win32_1.0.0.202411081344/tools/bin/../lib/gcc/arm-none-eabi/13.3.1/../../../../arm-none-eabi/lib/thumb/v7-m/nofp\libc_nano.a
LOAD D:/STM32CubeIDE_1.19.0/STM32CubeIDE/plugins/com.st.stm32cube.ide.mcu.externaltools.gnu-tools-for-stm32.13.3.rel1.win32_1.0.0.202411081344/tools/bin/../lib/gcc/arm-none-eabi/13.3.1/../../../../arm-none-eabi/lib/thumb/v7-m/nofp\libnosys.a
END GROUP
LOAD D:/STM32CubeIDE_1.19.0/STM32CubeIDE/plugins/com.st.stm32cube.ide.mcu.externaltools.gnu-tools-for-stm32.13.3.rel1.win32_1.0.0.202411081344/tools/bin/../lib/gcc/arm-none-eabi/13.3.1/thumb/v7-m/nofp/crtend.o
LOAD D:/STM32CubeIDE_1.19.0/STM32CubeIDE/plugins/com.st.stm32cube.ide.mcu.externaltools.gnu-tools-for-stm32.13.3.rel1.win32_1.0.0.202411081344/tools/bin/../lib/gcc/arm-none-eabi/13.3.1/thumb/v7-m/nofp/crtn.o
                0x20005000                        _estack = (ORIGIN (RAM) + LENGTH (RAM))
                0x00000200                        _Min_Heap_Size = 0x200
                0x00000400                        _Min_Stack_Size = 0x400

.isr_vector     0x08000000      0x10c
                0x08000000                        . = ALIGN (0x4)
 *(.isr_vector)
 .isr_vector    0x08000000      0x10c ./Core/Startup/startup_stm32f103c8tx.o
                0x08000000                g_pfnVectors
                0x0800010c                        . = ALIGN (0x4)

.text           0x08000110     0xb250
                0x08000110                        . = ALIGN (0x4)
 *(.text)
 .text          0x08000110       0x40 D:/STM32CubeIDE_1.19.0/STM32CubeIDE/plugins/com.st.stm32cube.ide.mcu.externaltools.gnu-tools-for-stm32.13.3.rel1.win32_1.0.0.202411081344/tools/bin/../lib/gcc/arm-none-eabi/13.3.1/thumb/v7-m/nofp/crtbegin.o
 *(.text*)
 .text.main     0x08000150       0x78 ./Core/Src/main.o
                0x08000150                main
 .text.SystemClock_Config
                0x080001c8       0xb4 ./Core/Src/main.o
                0x080001c8                SystemClock_Config
 .text.MX_TIM2_Init
                0x0800027c      0x12c ./Core/Src/main.o
 .text.MX_TIM3_Init
                0x080003a8       0xec ./Core/Src/main.o
 .text.MX_GPIO_Init
                0x08000494       0x44 ./Core/Src/main.o
 .text.StartComstTask
                0x080004d8       0x84 ./Core/Src/main.o
                0x080004d8                StartComstTask
 .text.StartServoTask
                0x0800055c      0x120 ./Core/Src/main.o
                0x0800055c                StartServoTask
 .text.StartSensorTask
                0x0800067c       0x10 ./Core/Src/main.o
                0x0800067c                StartSensorTask
 .text.Error_Handler
                0x0800068c        0xc ./Core/Src/main.o
                0x0800068c                Error_Handler
 .text.ServoInit
                0x08000698       0x48 ./Core/Src/servo.o
                0x08000698                ServoInit
 .text.ServoWrite
                0x080006e0       0x94 ./Core/Src/servo.o
                0x080006e0                ServoWrite
 .text.HAL_MspInit
                0x08000774       0x70 ./Core/Src/stm32f1xx_hal_msp.o
                0x08000774                HAL_MspInit
 .text.HAL_TIM_Base_MspInit
                0x080007e4       0x60 ./Core/Src/stm32f1xx_hal_msp.o
                0x080007e4                HAL_TIM_Base_MspInit
 .text.HAL_TIM_MspPostInit
                0x08000844       0xa0 ./Core/Src/stm32f1xx_hal_msp.o
                0x08000844                HAL_TIM_MspPostInit
 .text.NMI_Handler
                0x080008e4        0x8 ./Core/Src/stm32f1xx_it.o
                0x080008e4                NMI_Handler
 .text.HardFault_Handler
                0x080008ec        0x8 ./Core/Src/stm32f1xx_it.o
                0x080008ec                HardFault_Handler
 .text.MemManage_Handler
                0x080008f4        0x8 ./Core/Src/stm32f1xx_it.o
                0x080008f4                MemManage_Handler
 .text.BusFault_Handler
                0x080008fc        0x8 ./Core/Src/stm32f1xx_it.o
                0x080008fc                BusFault_Handler
 .text.UsageFault_Handler
                0x08000904        0x8 ./Core/Src/stm32f1xx_it.o
                0x08000904                UsageFault_Handler
 .text.DebugMon_Handler
                0x0800090c        0xc ./Core/Src/stm32f1xx_it.o
                0x0800090c                DebugMon_Handler
 .text.SysTick_Handler
                0x08000918       0x1a ./Core/Src/stm32f1xx_it.o
                0x08000918                SysTick_Handler
 *fill*         0x08000932        0x2 
 .text.USB_LP_CAN1_RX0_IRQHandler
                0x08000934       0x14 ./Core/Src/stm32f1xx_it.o
                0x08000934                USB_LP_CAN1_RX0_IRQHandler
 .text.SystemInit
                0x08000948        0xc ./Core/Src/system_stm32f1xx.o
                0x08000948                SystemInit
 .text.Reset_Handler
                0x08000954       0x48 ./Core/Startup/startup_stm32f103c8tx.o
                0x08000954                Reset_Handler
 .text.Default_Handler
                0x0800099c        0x2 ./Core/Startup/startup_stm32f103c8tx.o
                0x0800099c                RTC_Alarm_IRQHandler
                0x0800099c                EXTI2_IRQHandler
                0x0800099c                TIM1_CC_IRQHandler
                0x0800099c                PVD_IRQHandler
                0x0800099c                EXTI3_IRQHandler
                0x0800099c                EXTI0_IRQHandler
                0x0800099c                I2C2_EV_IRQHandler
                0x0800099c                ADC1_2_IRQHandler
                0x0800099c                SPI1_IRQHandler
                0x0800099c                TAMPER_IRQHandler
                0x0800099c                DMA1_Channel4_IRQHandler
                0x0800099c                USART3_IRQHandler
                0x0800099c                RTC_IRQHandler
                0x0800099c                DMA1_Channel7_IRQHandler
                0x0800099c                CAN1_RX1_IRQHandler
                0x0800099c                TIM4_IRQHandler
                0x0800099c                I2C1_EV_IRQHandler
                0x0800099c                DMA1_Channel6_IRQHandler
                0x0800099c                TIM3_IRQHandler
                0x0800099c                RCC_IRQHandler
                0x0800099c                TIM1_TRG_COM_IRQHandler
                0x0800099c                DMA1_Channel1_IRQHandler
                0x0800099c                Default_Handler
                0x0800099c                EXTI15_10_IRQHandler
                0x0800099c                EXTI9_5_IRQHandler
                0x0800099c                SPI2_IRQHandler
                0x0800099c                DMA1_Channel5_IRQHandler
                0x0800099c                EXTI4_IRQHandler
                0x0800099c                USB_HP_CAN1_TX_IRQHandler
                0x0800099c                DMA1_Channel3_IRQHandler
                0x0800099c                TIM1_UP_IRQHandler
                0x0800099c                WWDG_IRQHandler
                0x0800099c                TIM2_IRQHandler
                0x0800099c                TIM1_BRK_IRQHandler
                0x0800099c                EXTI1_IRQHandler
                0x0800099c                USART2_IRQHandler
                0x0800099c                I2C2_ER_IRQHandler
                0x0800099c                DMA1_Channel2_IRQHandler
                0x0800099c                CAN1_SCE_IRQHandler
                0x0800099c                FLASH_IRQHandler
                0x0800099c                USART1_IRQHandler
                0x0800099c                I2C1_ER_IRQHandler
                0x0800099c                USBWakeUp_IRQHandler
 *fill*         0x0800099e        0x2 
 .text.HAL_Init
                0x080009a0       0x2c ./Drivers/STM32F1xx_HAL_Driver/Src/stm32f1xx_hal.o
                0x080009a0                HAL_Init
 .text.HAL_InitTick
                0x080009cc       0x60 ./Drivers/STM32F1xx_HAL_Driver/Src/stm32f1xx_hal.o
                0x080009cc                HAL_InitTick
 .text.HAL_IncTick
                0x08000a2c       0x24 ./Drivers/STM32F1xx_HAL_Driver/Src/stm32f1xx_hal.o
                0x08000a2c                HAL_IncTick
 .text.HAL_GetTick
                0x08000a50       0x14 ./Drivers/STM32F1xx_HAL_Driver/Src/stm32f1xx_hal.o
                0x08000a50                HAL_GetTick
 .text.__NVIC_SetPriorityGrouping
                0x08000a64       0x48 ./Drivers/STM32F1xx_HAL_Driver/Src/stm32f1xx_hal_cortex.o
 .text.__NVIC_GetPriorityGrouping
                0x08000aac       0x1c ./Drivers/STM32F1xx_HAL_Driver/Src/stm32f1xx_hal_cortex.o
 .text.__NVIC_EnableIRQ
                0x08000ac8       0x38 ./Drivers/STM32F1xx_HAL_Driver/Src/stm32f1xx_hal_cortex.o
 .text.__NVIC_SetPriority
                0x08000b00       0x54 ./Drivers/STM32F1xx_HAL_Driver/Src/stm32f1xx_hal_cortex.o
 .text.NVIC_EncodePriority
                0x08000b54       0x64 ./Drivers/STM32F1xx_HAL_Driver/Src/stm32f1xx_hal_cortex.o
 .text.SysTick_Config
                0x08000bb8       0x44 ./Drivers/STM32F1xx_HAL_Driver/Src/stm32f1xx_hal_cortex.o
 .text.HAL_NVIC_SetPriorityGrouping
                0x08000bfc       0x16 ./Drivers/STM32F1xx_HAL_Driver/Src/stm32f1xx_hal_cortex.o
                0x08000bfc                HAL_NVIC_SetPriorityGrouping
 .text.HAL_NVIC_SetPriority
                0x08000c12       0x38 ./Drivers/STM32F1xx_HAL_Driver/Src/stm32f1xx_hal_cortex.o
                0x08000c12                HAL_NVIC_SetPriority
 .text.HAL_NVIC_EnableIRQ
                0x08000c4a       0x1c ./Drivers/STM32F1xx_HAL_Driver/Src/stm32f1xx_hal_cortex.o
                0x08000c4a                HAL_NVIC_EnableIRQ
 .text.HAL_SYSTICK_Config
                0x08000c66       0x18 ./Drivers/STM32F1xx_HAL_Driver/Src/stm32f1xx_hal_cortex.o
                0x08000c66                HAL_SYSTICK_Config
 *fill*         0x08000c7e        0x2 
 .text.HAL_GPIO_Init
                0x08000c80      0x308 ./Drivers/STM32F1xx_HAL_Driver/Src/stm32f1xx_hal_gpio.o
                0x08000c80                HAL_GPIO_Init
 .text.HAL_PCD_Init
                0x08000f88      0x1ec ./Drivers/STM32F1xx_HAL_Driver/Src/stm32f1xx_hal_pcd.o
                0x08000f88                HAL_PCD_Init
 .text.HAL_PCD_Start
                0x08001174       0x4c ./Drivers/STM32F1xx_HAL_Driver/Src/stm32f1xx_hal_pcd.o
                0x08001174                HAL_PCD_Start
 .text.HAL_PCD_IRQHandler
                0x080011c0      0x260 ./Drivers/STM32F1xx_HAL_Driver/Src/stm32f1xx_hal_pcd.o
                0x080011c0                HAL_PCD_IRQHandler
 .text.HAL_PCD_SetAddress
                0x08001420       0x48 ./Drivers/STM32F1xx_HAL_Driver/Src/stm32f1xx_hal_pcd.o
                0x08001420                HAL_PCD_SetAddress
 .text.HAL_PCD_EP_Open
                0x08001468       0xba ./Drivers/STM32F1xx_HAL_Driver/Src/stm32f1xx_hal_pcd.o
                0x08001468                HAL_PCD_EP_Open
 .text.HAL_PCD_EP_Close
                0x08001522       0x90 ./Drivers/STM32F1xx_HAL_Driver/Src/stm32f1xx_hal_pcd.o
                0x08001522                HAL_PCD_EP_Close
 .text.HAL_PCD_EP_Receive
                0x080015b2       0x62 ./Drivers/STM32F1xx_HAL_Driver/Src/stm32f1xx_hal_pcd.o
                0x080015b2                HAL_PCD_EP_Receive
 .text.HAL_PCD_EP_GetRxCount
                0x08001614       0x2e ./Drivers/STM32F1xx_HAL_Driver/Src/stm32f1xx_hal_pcd.o
                0x08001614                HAL_PCD_EP_GetRxCount
 .text.HAL_PCD_EP_Transmit
                0x08001642       0x6e ./Drivers/STM32F1xx_HAL_Driver/Src/stm32f1xx_hal_pcd.o
                0x08001642                HAL_PCD_EP_Transmit
 .text.HAL_PCD_EP_SetStall
                0x080016b0       0xc0 ./Drivers/STM32F1xx_HAL_Driver/Src/stm32f1xx_hal_pcd.o
                0x080016b0                HAL_PCD_EP_SetStall
 .text.HAL_PCD_EP_ClrStall
                0x08001770       0xa8 ./Drivers/STM32F1xx_HAL_Driver/Src/stm32f1xx_hal_pcd.o
                0x08001770                HAL_PCD_EP_ClrStall
 .text.PCD_EP_ISR_Handler
                0x08001818      0x79e ./Drivers/STM32F1xx_HAL_Driver/Src/stm32f1xx_hal_pcd.o
 .text.HAL_PCD_EP_DB_Receive
                0x08001fb6      0x21a ./Drivers/STM32F1xx_HAL_Driver/Src/stm32f1xx_hal_pcd.o
 .text.HAL_PCD_EP_DB_Transmit
                0x080021d0      0x7f4 ./Drivers/STM32F1xx_HAL_Driver/Src/stm32f1xx_hal_pcd.o
 .text.HAL_PCDEx_PMAConfig
                0x080029c4       0x84 ./Drivers/STM32F1xx_HAL_Driver/Src/stm32f1xx_hal_pcd_ex.o
                0x080029c4                HAL_PCDEx_PMAConfig
 .text.HAL_RCC_OscConfig
                0x08002a48      0x504 ./Drivers/STM32F1xx_HAL_Driver/Src/stm32f1xx_hal_rcc.o
                0x08002a48                HAL_RCC_OscConfig
 .text.HAL_RCC_ClockConfig
                0x08002f4c      0x1d4 ./Drivers/STM32F1xx_HAL_Driver/Src/stm32f1xx_hal_rcc.o
                0x08002f4c                HAL_RCC_ClockConfig
 .text.HAL_RCC_GetSysClockFreq
                0x08003120       0xa8 ./Drivers/STM32F1xx_HAL_Driver/Src/stm32f1xx_hal_rcc.o
                0x08003120                HAL_RCC_GetSysClockFreq
 .text.RCC_Delay
                0x080031c8       0x3c ./Drivers/STM32F1xx_HAL_Driver/Src/stm32f1xx_hal_rcc.o
 .text.HAL_RCCEx_PeriphCLKConfig
                0x08003204      0x16c ./Drivers/STM32F1xx_HAL_Driver/Src/stm32f1xx_hal_rcc_ex.o
                0x08003204                HAL_RCCEx_PeriphCLKConfig
 .text.HAL_TIM_Base_Init
                0x08003370       0x9e ./Drivers/STM32F1xx_HAL_Driver/Src/stm32f1xx_hal_tim.o
                0x08003370                HAL_TIM_Base_Init
 .text.HAL_TIM_PWM_Init
                0x0800340e       0x9e ./Drivers/STM32F1xx_HAL_Driver/Src/stm32f1xx_hal_tim.o
                0x0800340e                HAL_TIM_PWM_Init
 .text.HAL_TIM_PWM_MspInit
                0x080034ac       0x12 ./Drivers/STM32F1xx_HAL_Driver/Src/stm32f1xx_hal_tim.o
                0x080034ac                HAL_TIM_PWM_MspInit
 *fill*         0x080034be        0x2 
 .text.HAL_TIM_PWM_Start
                0x080034c0      0x144 ./Drivers/STM32F1xx_HAL_Driver/Src/stm32f1xx_hal_tim.o
                0x080034c0                HAL_TIM_PWM_Start
 .text.HAL_TIM_PWM_ConfigChannel
                0x08003604      0x184 ./Drivers/STM32F1xx_HAL_Driver/Src/stm32f1xx_hal_tim.o
                0x08003604                HAL_TIM_PWM_ConfigChannel
 .text.HAL_TIM_ConfigClockSource
                0x08003788      0x18e ./Drivers/STM32F1xx_HAL_Driver/Src/stm32f1xx_hal_tim.o
                0x08003788                HAL_TIM_ConfigClockSource
 *fill*         0x08003916        0x2 
 .text.TIM_Base_SetConfig
                0x08003918       0xdc ./Drivers/STM32F1xx_HAL_Driver/Src/stm32f1xx_hal_tim.o
                0x08003918                TIM_Base_SetConfig
 .text.TIM_OC1_SetConfig
                0x080039f4       0xcc ./Drivers/STM32F1xx_HAL_Driver/Src/stm32f1xx_hal_tim.o
 .text.TIM_OC2_SetConfig
                0x08003ac0       0xd4 ./Drivers/STM32F1xx_HAL_Driver/Src/stm32f1xx_hal_tim.o
                0x08003ac0                TIM_OC2_SetConfig
 .text.TIM_OC3_SetConfig
                0x08003b94       0xd4 ./Drivers/STM32F1xx_HAL_Driver/Src/stm32f1xx_hal_tim.o
 .text.TIM_OC4_SetConfig
                0x08003c68       0x9c ./Drivers/STM32F1xx_HAL_Driver/Src/stm32f1xx_hal_tim.o
 .text.TIM_TI1_ConfigInputStage
                0x08003d04       0x5c ./Drivers/STM32F1xx_HAL_Driver/Src/stm32f1xx_hal_tim.o
 .text.TIM_TI2_ConfigInputStage
                0x08003d60       0x5e ./Drivers/STM32F1xx_HAL_Driver/Src/stm32f1xx_hal_tim.o
 .text.TIM_ITRx_SetConfig
                0x08003dbe       0x34 ./Drivers/STM32F1xx_HAL_Driver/Src/stm32f1xx_hal_tim.o
 .text.TIM_ETR_SetConfig
                0x08003df2       0x3e ./Drivers/STM32F1xx_HAL_Driver/Src/stm32f1xx_hal_tim.o
                0x08003df2                TIM_ETR_SetConfig
 .text.TIM_CCxChannelCmd
                0x08003e30       0x48 ./Drivers/STM32F1xx_HAL_Driver/Src/stm32f1xx_hal_tim.o
                0x08003e30                TIM_CCxChannelCmd
 .text.HAL_TIMEx_MasterConfigSynchronization
                0x08003e78       0xbc ./Drivers/STM32F1xx_HAL_Driver/Src/stm32f1xx_hal_tim_ex.o
                0x08003e78                HAL_TIMEx_MasterConfigSynchronization
 .text.USB_CoreInit
                0x08003f34       0x1a ./Drivers/STM32F1xx_HAL_Driver/Src/stm32f1xx_ll_usb.o
                0x08003f34                USB_CoreInit
 .text.USB_EnableGlobalInt
                0x08003f4e       0x2c ./Drivers/STM32F1xx_HAL_Driver/Src/stm32f1xx_ll_usb.o
                0x08003f4e                USB_EnableGlobalInt
 .text.USB_DisableGlobalInt
                0x08003f7a       0x34 ./Drivers/STM32F1xx_HAL_Driver/Src/stm32f1xx_ll_usb.o
                0x08003f7a                USB_DisableGlobalInt
 .text.USB_SetCurrentMode
                0x08003fae       0x18 ./Drivers/STM32F1xx_HAL_Driver/Src/stm32f1xx_ll_usb.o
                0x08003fae                USB_SetCurrentMode
 .text.USB_DevInit
                0x08003fc6       0x3a ./Drivers/STM32F1xx_HAL_Driver/Src/stm32f1xx_ll_usb.o
                0x08003fc6                USB_DevInit
 .text.USB_ActivateEndpoint
                0x08004000      0x780 ./Drivers/STM32F1xx_HAL_Driver/Src/stm32f1xx_ll_usb.o
                0x08004000                USB_ActivateEndpoint
 .text.USB_DeactivateEndpoint
                0x08004780      0x3d8 ./Drivers/STM32F1xx_HAL_Driver/Src/stm32f1xx_ll_usb.o
                0x08004780                USB_DeactivateEndpoint
 .text.USB_EPStartXfer
                0x08004b58     0x1762 ./Drivers/STM32F1xx_HAL_Driver/Src/stm32f1xx_ll_usb.o
                0x08004b58                USB_EPStartXfer
 .text.USB_EPSetStall
                0x080062ba       0xa0 ./Drivers/STM32F1xx_HAL_Driver/Src/stm32f1xx_ll_usb.o
                0x080062ba                USB_EPSetStall
 .text.USB_EPClearStall
                0x0800635a      0x15a ./Drivers/STM32F1xx_HAL_Driver/Src/stm32f1xx_ll_usb.o
                0x0800635a                USB_EPClearStall
 .text.USB_SetDevAddress
                0x080064b4       0x26 ./Drivers/STM32F1xx_HAL_Driver/Src/stm32f1xx_ll_usb.o
                0x080064b4                USB_SetDevAddress
 .text.USB_DevConnect
                0x080064da       0x14 ./Drivers/STM32F1xx_HAL_Driver/Src/stm32f1xx_ll_usb.o
                0x080064da                USB_DevConnect
 .text.USB_DevDisconnect
                0x080064ee       0x14 ./Drivers/STM32F1xx_HAL_Driver/Src/stm32f1xx_ll_usb.o
                0x080064ee                USB_DevDisconnect
 .text.USB_ReadInterrupts
                0x08006502       0x1e ./Drivers/STM32F1xx_HAL_Driver/Src/stm32f1xx_ll_usb.o
                0x08006502                USB_ReadInterrupts
 .text.USB_EP0_OutStart
                0x08006520       0x16 ./Drivers/STM32F1xx_HAL_Driver/Src/stm32f1xx_ll_usb.o
                0x08006520                USB_EP0_OutStart
 .text.USB_WritePMA
                0x08006536       0x8c ./Drivers/STM32F1xx_HAL_Driver/Src/stm32f1xx_ll_usb.o
                0x08006536                USB_WritePMA
 .text.USB_ReadPMA
                0x080065c2       0x9e ./Drivers/STM32F1xx_HAL_Driver/Src/stm32f1xx_ll_usb.o
                0x080065c2                USB_ReadPMA
 .text.USBD_CDC_Init
                0x08006660       0xf4 ./Middlewares/ST/STM32_USB_Device_Library/Class/CDC/Src/usbd_cdc.o
 .text.USBD_CDC_DeInit
                0x08006754       0x6e ./Middlewares/ST/STM32_USB_Device_Library/Class/CDC/Src/usbd_cdc.o
 .text.USBD_CDC_Setup
                0x080067c2      0x146 ./Middlewares/ST/STM32_USB_Device_Library/Class/CDC/Src/usbd_cdc.o
 .text.USBD_CDC_DataIn
                0x08006908       0xa6 ./Middlewares/ST/STM32_USB_Device_Library/Class/CDC/Src/usbd_cdc.o
 .text.USBD_CDC_DataOut
                0x080069ae       0x56 ./Middlewares/ST/STM32_USB_Device_Library/Class/CDC/Src/usbd_cdc.o
 .text.USBD_CDC_EP0_RxReady
                0x08006a04       0x4e ./Middlewares/ST/STM32_USB_Device_Library/Class/CDC/Src/usbd_cdc.o
 *fill*         0x08006a52        0x2 
 .text.USBD_CDC_GetFSCfgDesc
                0x08006a54       0x20 ./Middlewares/ST/STM32_USB_Device_Library/Class/CDC/Src/usbd_cdc.o
 .text.USBD_CDC_GetHSCfgDesc
                0x08006a74       0x20 ./Middlewares/ST/STM32_USB_Device_Library/Class/CDC/Src/usbd_cdc.o
 .text.USBD_CDC_GetOtherSpeedCfgDesc
                0x08006a94       0x20 ./Middlewares/ST/STM32_USB_Device_Library/Class/CDC/Src/usbd_cdc.o
 .text.USBD_CDC_GetDeviceQualifierDescriptor
                0x08006ab4       0x20 ./Middlewares/ST/STM32_USB_Device_Library/Class/CDC/Src/usbd_cdc.o
                0x08006ab4                USBD_CDC_GetDeviceQualifierDescriptor
 .text.USBD_CDC_RegisterInterface
                0x08006ad4       0x2c ./Middlewares/ST/STM32_USB_Device_Library/Class/CDC/Src/usbd_cdc.o
                0x08006ad4                USBD_CDC_RegisterInterface
 .text.USBD_CDC_SetTxBuffer
                0x08006b00       0x32 ./Middlewares/ST/STM32_USB_Device_Library/Class/CDC/Src/usbd_cdc.o
                0x08006b00                USBD_CDC_SetTxBuffer
 .text.USBD_CDC_SetRxBuffer
                0x08006b32       0x26 ./Middlewares/ST/STM32_USB_Device_Library/Class/CDC/Src/usbd_cdc.o
                0x08006b32                USBD_CDC_SetRxBuffer
 .text.USBD_CDC_ReceivePacket
                0x08006b58       0x54 ./Middlewares/ST/STM32_USB_Device_Library/Class/CDC/Src/usbd_cdc.o
                0x08006b58                USBD_CDC_ReceivePacket
 .text.USBD_Init
                0x08006bac       0x56 ./Middlewares/ST/STM32_USB_Device_Library/Core/Src/usbd_core.o
                0x08006bac                USBD_Init
 .text.USBD_RegisterClass
                0x08006c02       0x32 ./Middlewares/ST/STM32_USB_Device_Library/Core/Src/usbd_core.o
                0x08006c02                USBD_RegisterClass
 .text.USBD_Start
                0x08006c34       0x18 ./Middlewares/ST/STM32_USB_Device_Library/Core/Src/usbd_core.o
                0x08006c34                USBD_Start
 .text.USBD_RunTestMode
                0x08006c4c       0x14 ./Middlewares/ST/STM32_USB_Device_Library/Core/Src/usbd_core.o
                0x08006c4c                USBD_RunTestMode
 .text.USBD_SetClassConfig
                0x08006c60       0x3e ./Middlewares/ST/STM32_USB_Device_Library/Core/Src/usbd_core.o
                0x08006c60                USBD_SetClassConfig
 .text.USBD_ClrClassConfig
                0x08006c9e       0x26 ./Middlewares/ST/STM32_USB_Device_Library/Core/Src/usbd_core.o
                0x08006c9e                USBD_ClrClassConfig
 .text.USBD_LL_SetupStage
                0x08006cc4       0x9a ./Middlewares/ST/STM32_USB_Device_Library/Core/Src/usbd_core.o
                0x08006cc4                USBD_LL_SetupStage
 .text.USBD_LL_DataOutStage
                0x08006d5e       0xe2 ./Middlewares/ST/STM32_USB_Device_Library/Core/Src/usbd_core.o
                0x08006d5e                USBD_LL_DataOutStage
 .text.USBD_LL_DataInStage
                0x08006e40      0x14a ./Middlewares/ST/STM32_USB_Device_Library/Core/Src/usbd_core.o
                0x08006e40                USBD_LL_DataInStage
 .text.USBD_LL_Reset
                0x08006f8a       0x82 ./Middlewares/ST/STM32_USB_Device_Library/Core/Src/usbd_core.o
                0x08006f8a                USBD_LL_Reset
 .text.USBD_LL_SetSpeed
                0x0800700c       0x1e ./Middlewares/ST/STM32_USB_Device_Library/Core/Src/usbd_core.o
                0x0800700c                USBD_LL_SetSpeed
 .text.USBD_LL_Suspend
                0x0800702a       0x28 ./Middlewares/ST/STM32_USB_Device_Library/Core/Src/usbd_core.o
                0x0800702a                USBD_LL_Suspend
 .text.USBD_LL_Resume
                0x08007052       0x2a ./Middlewares/ST/STM32_USB_Device_Library/Core/Src/usbd_core.o
                0x08007052                USBD_LL_Resume
 .text.USBD_LL_SOF
                0x0800707c       0x34 ./Middlewares/ST/STM32_USB_Device_Library/Core/Src/usbd_core.o
                0x0800707c                USBD_LL_SOF
 .text.USBD_StdDevReq
                0x080070b0       0xd4 ./Middlewares/ST/STM32_USB_Device_Library/Core/Src/usbd_ctlreq.o
                0x080070b0                USBD_StdDevReq
 .text.USBD_StdItfReq
                0x08007184       0x90 ./Middlewares/ST/STM32_USB_Device_Library/Core/Src/usbd_ctlreq.o
                0x08007184                USBD_StdItfReq
 .text.USBD_StdEPReq
                0x08007214      0x2c6 ./Middlewares/ST/STM32_USB_Device_Library/Core/Src/usbd_ctlreq.o
                0x08007214                USBD_StdEPReq
 *fill*         0x080074da        0x2 
 .text.USBD_GetDescriptor
                0x080074dc      0x2d0 ./Middlewares/ST/STM32_USB_Device_Library/Core/Src/usbd_ctlreq.o
 .text.USBD_SetAddress
                0x080077ac       0x86 ./Middlewares/ST/STM32_USB_Device_Library/Core/Src/usbd_ctlreq.o
 *fill*         0x08007832        0x2 
 .text.USBD_SetConfig
                0x08007834      0x11c ./Middlewares/ST/STM32_USB_Device_Library/Core/Src/usbd_ctlreq.o
 .text.USBD_GetConfig
                0x08007950       0x6a ./Middlewares/ST/STM32_USB_Device_Library/Core/Src/usbd_ctlreq.o
 .text.USBD_GetStatus
                0x080079ba       0x66 ./Middlewares/ST/STM32_USB_Device_Library/Core/Src/usbd_ctlreq.o
 .text.USBD_SetFeature
                0x08007a20       0x28 ./Middlewares/ST/STM32_USB_Device_Library/Core/Src/usbd_ctlreq.o
 .text.USBD_ClrFeature
                0x08007a48       0x42 ./Middlewares/ST/STM32_USB_Device_Library/Core/Src/usbd_ctlreq.o
 .text.USBD_ParseSetupRequest
                0x08007a8a       0x72 ./Middlewares/ST/STM32_USB_Device_Library/Core/Src/usbd_ctlreq.o
                0x08007a8a                USBD_ParseSetupRequest
 .text.USBD_CtlError
                0x08007afc       0x22 ./Middlewares/ST/STM32_USB_Device_Library/Core/Src/usbd_ctlreq.o
                0x08007afc                USBD_CtlError
 .text.USBD_GetString
                0x08007b1e       0x84 ./Middlewares/ST/STM32_USB_Device_Library/Core/Src/usbd_ctlreq.o
                0x08007b1e                USBD_GetString
 .text.USBD_GetLen
                0x08007ba2       0x2e ./Middlewares/ST/STM32_USB_Device_Library/Core/Src/usbd_ctlreq.o
 .text.USBD_CtlSendData
                0x08007bd0       0x38 ./Middlewares/ST/STM32_USB_Device_Library/Core/Src/usbd_ioreq.o
                0x08007bd0                USBD_CtlSendData
 .text.USBD_CtlContinueSendData
                0x08007c08       0x24 ./Middlewares/ST/STM32_USB_Device_Library/Core/Src/usbd_ioreq.o
                0x08007c08                USBD_CtlContinueSendData
 .text.USBD_CtlPrepareRx
                0x08007c2c       0x3c ./Middlewares/ST/STM32_USB_Device_Library/Core/Src/usbd_ioreq.o
                0x08007c2c                USBD_CtlPrepareRx
 .text.USBD_CtlContinueRx
                0x08007c68       0x24 ./Middlewares/ST/STM32_USB_Device_Library/Core/Src/usbd_ioreq.o
                0x08007c68                USBD_CtlContinueRx
 .text.USBD_CtlSendStatus
                0x08007c8c       0x26 ./Middlewares/ST/STM32_USB_Device_Library/Core/Src/usbd_ioreq.o
                0x08007c8c                USBD_CtlSendStatus
 .text.USBD_CtlReceiveStatus
                0x08007cb2       0x26 ./Middlewares/ST/STM32_USB_Device_Library/Core/Src/usbd_ioreq.o
                0x08007cb2                USBD_CtlReceiveStatus
 .text.__NVIC_SetPriority
                0x08007cd8       0x54 ./Middlewares/Third_Party/FreeRTOS/Source/CMSIS_RTOS_V2/cmsis_os2.o
 .text.SVC_Setup
                0x08007d2c       0x12 ./Middlewares/Third_Party/FreeRTOS/Source/CMSIS_RTOS_V2/cmsis_os2.o
 *fill*         0x08007d3e        0x2 
 .text.osKernelInitialize
                0x08007d40       0x44 ./Middlewares/Third_Party/FreeRTOS/Source/CMSIS_RTOS_V2/cmsis_os2.o
                0x08007d40                osKernelInitialize
 .text.osKernelStart
                0x08007d84       0x4c ./Middlewares/Third_Party/FreeRTOS/Source/CMSIS_RTOS_V2/cmsis_os2.o
                0x08007d84                osKernelStart
 .text.osThreadNew
                0x08007dd0      0x124 ./Middlewares/Third_Party/FreeRTOS/Source/CMSIS_RTOS_V2/cmsis_os2.o
                0x08007dd0                osThreadNew
 .text.osDelay  0x08007ef4       0x36 ./Middlewares/Third_Party/FreeRTOS/Source/CMSIS_RTOS_V2/cmsis_os2.o
                0x08007ef4                osDelay
 *fill*         0x08007f2a        0x2 
 .text.osMessageQueuePut
                0x08007f2c       0xc0 ./Middlewares/Third_Party/FreeRTOS/Source/CMSIS_RTOS_V2/cmsis_os2.o
                0x08007f2c                osMessageQueuePut
 .text.osMessageQueueGet
                0x08007fec       0xbc ./Middlewares/Third_Party/FreeRTOS/Source/CMSIS_RTOS_V2/cmsis_os2.o
                0x08007fec                osMessageQueueGet
 .text.vApplicationGetIdleTaskMemory
                0x080080a8       0x30 ./Middlewares/Third_Party/FreeRTOS/Source/CMSIS_RTOS_V2/cmsis_os2.o
                0x080080a8                vApplicationGetIdleTaskMemory
 .text.vApplicationGetTimerTaskMemory
                0x080080d8       0x34 ./Middlewares/Third_Party/FreeRTOS/Source/CMSIS_RTOS_V2/cmsis_os2.o
                0x080080d8                vApplicationGetTimerTaskMemory
 .text.vListInitialise
                0x0800810c       0x3e ./Middlewares/Third_Party/FreeRTOS/Source/list.o
                0x0800810c                vListInitialise
 .text.vListInitialiseItem
                0x0800814a       0x18 ./Middlewares/Third_Party/FreeRTOS/Source/list.o
                0x0800814a                vListInitialiseItem
 .text.vListInsertEnd
                0x08008162       0x46 ./Middlewares/Third_Party/FreeRTOS/Source/list.o
                0x08008162                vListInsertEnd
 .text.vListInsert
                0x080081a8       0x70 ./Middlewares/Third_Party/FreeRTOS/Source/list.o
                0x080081a8                vListInsert
 .text.uxListRemove
                0x08008218       0x52 ./Middlewares/Third_Party/FreeRTOS/Source/list.o
                0x08008218                uxListRemove
 *fill*         0x0800826a        0x2 
 .text.xQueueGenericReset
                0x0800826c       0xd4 ./Middlewares/Third_Party/FreeRTOS/Source/queue.o
                0x0800826c                xQueueGenericReset
 .text.xQueueGenericCreateStatic
                0x08008340       0xfa ./Middlewares/Third_Party/FreeRTOS/Source/queue.o
                0x08008340                xQueueGenericCreateStatic
 .text.prvInitialiseNewQueue
                0x0800843a       0x46 ./Middlewares/Third_Party/FreeRTOS/Source/queue.o
 .text.xQueueGenericSend
                0x08008480      0x204 ./Middlewares/Third_Party/FreeRTOS/Source/queue.o
                0x08008480                xQueueGenericSend
 .text.xQueueGenericSendFromISR
                0x08008684      0x13c ./Middlewares/Third_Party/FreeRTOS/Source/queue.o
                0x08008684                xQueueGenericSendFromISR
 .text.xQueueReceive
                0x080087c0      0x1c4 ./Middlewares/Third_Party/FreeRTOS/Source/queue.o
                0x080087c0                xQueueReceive
 .text.xQueueReceiveFromISR
                0x08008984      0x104 ./Middlewares/Third_Party/FreeRTOS/Source/queue.o
                0x08008984                xQueueReceiveFromISR
 .text.prvCopyDataToQueue
                0x08008a88       0xd4 ./Middlewares/Third_Party/FreeRTOS/Source/queue.o
 .text.prvCopyDataFromQueue
                0x08008b5c       0x4c ./Middlewares/Third_Party/FreeRTOS/Source/queue.o
 .text.prvUnlockQueue
                0x08008ba8       0xa4 ./Middlewares/Third_Party/FreeRTOS/Source/queue.o
 .text.prvIsQueueEmpty
                0x08008c4c       0x2c ./Middlewares/Third_Party/FreeRTOS/Source/queue.o
 .text.prvIsQueueFull
                0x08008c78       0x30 ./Middlewares/Third_Party/FreeRTOS/Source/queue.o
 .text.vQueueAddToRegistry
                0x08008ca8       0x50 ./Middlewares/Third_Party/FreeRTOS/Source/queue.o
                0x08008ca8                vQueueAddToRegistry
 .text.vQueueWaitForMessageRestricted
                0x08008cf8       0x68 ./Middlewares/Third_Party/FreeRTOS/Source/queue.o
                0x08008cf8                vQueueWaitForMessageRestricted
 .text.xTaskCreateStatic
                0x08008d60       0xc0 ./Middlewares/Third_Party/FreeRTOS/Source/tasks.o
                0x08008d60                xTaskCreateStatic
 .text.xTaskCreate
                0x08008e20       0x8a ./Middlewares/Third_Party/FreeRTOS/Source/tasks.o
                0x08008e20                xTaskCreate
 .text.prvInitialiseNewTask
                0x08008eaa      0x120 ./Middlewares/Third_Party/FreeRTOS/Source/tasks.o
 *fill*         0x08008fca        0x2 
 .text.prvAddNewTaskToReadyList
                0x08008fcc       0xe0 ./Middlewares/Third_Party/FreeRTOS/Source/tasks.o
 .text.vTaskDelay
                0x080090ac       0x6c ./Middlewares/Third_Party/FreeRTOS/Source/tasks.o
                0x080090ac                vTaskDelay
 .text.vTaskStartScheduler
                0x08009118       0xd0 ./Middlewares/Third_Party/FreeRTOS/Source/tasks.o
                0x08009118                vTaskStartScheduler
 .text.vTaskSuspendAll
                0x080091e8       0x1c ./Middlewares/Third_Party/FreeRTOS/Source/tasks.o
                0x080091e8                vTaskSuspendAll
 .text.xTaskResumeAll
                0x08009204      0x13c ./Middlewares/Third_Party/FreeRTOS/Source/tasks.o
                0x08009204                xTaskResumeAll
 .text.xTaskGetTickCount
                0x08009340       0x1c ./Middlewares/Third_Party/FreeRTOS/Source/tasks.o
                0x08009340                xTaskGetTickCount
 .text.xTaskIncrementTick
                0x0800935c      0x174 ./Middlewares/Third_Party/FreeRTOS/Source/tasks.o
                0x0800935c                xTaskIncrementTick
 .text.vTaskSwitchContext
                0x080094d0       0xbc ./Middlewares/Third_Party/FreeRTOS/Source/tasks.o
                0x080094d0                vTaskSwitchContext
 .text.vTaskPlaceOnEventList
                0x0800958c       0x4c ./Middlewares/Third_Party/FreeRTOS/Source/tasks.o
                0x0800958c                vTaskPlaceOnEventList
 .text.vTaskPlaceOnEventListRestricted
                0x080095d8       0x58 ./Middlewares/Third_Party/FreeRTOS/Source/tasks.o
                0x080095d8                vTaskPlaceOnEventListRestricted
 .text.xTaskRemoveFromEventList
                0x08009630       0xc8 ./Middlewares/Third_Party/FreeRTOS/Source/tasks.o
                0x08009630                xTaskRemoveFromEventList
 .text.vTaskInternalSetTimeOutState
                0x080096f8       0x2c ./Middlewares/Third_Party/FreeRTOS/Source/tasks.o
                0x080096f8                vTaskInternalSetTimeOutState
 .text.xTaskCheckForTimeOut
                0x08009724       0xc8 ./Middlewares/Third_Party/FreeRTOS/Source/tasks.o
                0x08009724                xTaskCheckForTimeOut
 .text.vTaskMissedYield
                0x080097ec       0x18 ./Middlewares/Third_Party/FreeRTOS/Source/tasks.o
                0x080097ec                vTaskMissedYield
 .text.prvIdleTask
                0x08009804       0x30 ./Middlewares/Third_Party/FreeRTOS/Source/tasks.o
 .text.prvInitialiseTaskLists
                0x08009834       0x80 ./Middlewares/Third_Party/FreeRTOS/Source/tasks.o
 .text.prvCheckTasksWaitingTermination
                0x080098b4       0x5c ./Middlewares/Third_Party/FreeRTOS/Source/tasks.o
 .text.prvDeleteTCB
                0x08009910       0x60 ./Middlewares/Third_Party/FreeRTOS/Source/tasks.o
 .text.prvResetNextTaskUnblockTime
                0x08009970       0x40 ./Middlewares/Third_Party/FreeRTOS/Source/tasks.o
 .text.xTaskGetSchedulerState
                0x080099b0       0x3c ./Middlewares/Third_Party/FreeRTOS/Source/tasks.o
                0x080099b0                xTaskGetSchedulerState
 .text.xTaskPriorityDisinherit
                0x080099ec       0xe0 ./Middlewares/Third_Party/FreeRTOS/Source/tasks.o
                0x080099ec                xTaskPriorityDisinherit
 .text.prvAddCurrentTaskToDelayedList
                0x08009acc       0xa8 ./Middlewares/Third_Party/FreeRTOS/Source/tasks.o
 .text.xTimerCreateTimerTask
                0x08009b74       0x94 ./Middlewares/Third_Party/FreeRTOS/Source/timers.o
                0x08009b74                xTimerCreateTimerTask
 .text.xTimerGenericCommand
                0x08009c08       0x9c ./Middlewares/Third_Party/FreeRTOS/Source/timers.o
                0x08009c08                xTimerGenericCommand
 .text.prvProcessExpiredTimer
                0x08009ca4       0x9c ./Middlewares/Third_Party/FreeRTOS/Source/timers.o
 .text.prvTimerTask
                0x08009d40       0x26 ./Middlewares/Third_Party/FreeRTOS/Source/timers.o
 *fill*         0x08009d66        0x2 
 .text.prvProcessTimerOrBlockTask
                0x08009d68       0x9c ./Middlewares/Third_Party/FreeRTOS/Source/timers.o
 .text.prvGetNextExpireTime
                0x08009e04       0x44 ./Middlewares/Third_Party/FreeRTOS/Source/timers.o
 .text.prvSampleTimeNow
                0x08009e48       0x40 ./Middlewares/Third_Party/FreeRTOS/Source/timers.o
 .text.prvInsertTimerInActiveList
                0x08009e88       0x84 ./Middlewares/Third_Party/FreeRTOS/Source/timers.o
 .text.prvProcessReceivedCommands
                0x08009f0c      0x1cc ./Middlewares/Third_Party/FreeRTOS/Source/timers.o
 .text.prvSwitchTimerLists
                0x0800a0d8       0xcc ./Middlewares/Third_Party/FreeRTOS/Source/timers.o
 .text.prvCheckForValidListAndQueue
                0x0800a1a4       0x80 ./Middlewares/Third_Party/FreeRTOS/Source/timers.o
 .text.pxPortInitialiseStack
                0x0800a224       0x58 ./Middlewares/Third_Party/FreeRTOS/Source/portable/GCC/ARM_CM3/port.o
                0x0800a224                pxPortInitialiseStack
 .text.prvTaskExitError
                0x0800a27c       0x58 ./Middlewares/Third_Party/FreeRTOS/Source/portable/GCC/ARM_CM3/port.o
 *fill*         0x0800a2d4        0xc 
 .text.SVC_Handler
                0x0800a2e0       0x28 ./Middlewares/Third_Party/FreeRTOS/Source/portable/GCC/ARM_CM3/port.o
                0x0800a2e0                SVC_Handler
 .text.prvPortStartFirstTask
                0x0800a308       0x20 ./Middlewares/Third_Party/FreeRTOS/Source/portable/GCC/ARM_CM3/port.o
 .text.xPortStartScheduler
                0x0800a328       0xe4 ./Middlewares/Third_Party/FreeRTOS/Source/portable/GCC/ARM_CM3/port.o
                0x0800a328                xPortStartScheduler
 .text.vPortEnterCritical
                0x0800a40c       0x60 ./Middlewares/Third_Party/FreeRTOS/Source/portable/GCC/ARM_CM3/port.o
                0x0800a40c                vPortEnterCritical
 .text.vPortExitCritical
                0x0800a46c       0x54 ./Middlewares/Third_Party/FreeRTOS/Source/portable/GCC/ARM_CM3/port.o
                0x0800a46c                vPortExitCritical
 .text.PendSV_Handler
                0x0800a4c0       0x48 ./Middlewares/Third_Party/FreeRTOS/Source/portable/GCC/ARM_CM3/port.o
                0x0800a4c0                PendSV_Handler
 .text.xPortSysTickHandler
                0x0800a508       0x44 ./Middlewares/Third_Party/FreeRTOS/Source/portable/GCC/ARM_CM3/port.o
                0x0800a508                xPortSysTickHandler
 .text.vPortSetupTimerInterrupt
                0x0800a54c       0x44 ./Middlewares/Third_Party/FreeRTOS/Source/portable/GCC/ARM_CM3/port.o
                0x0800a54c                vPortSetupTimerInterrupt
 .text.vPortValidateInterruptPriority
                0x0800a590       0x80 ./Middlewares/Third_Party/FreeRTOS/Source/portable/GCC/ARM_CM3/port.o
                0x0800a590                vPortValidateInterruptPriority
 .text.pvPortMalloc
                0x0800a610      0x19c ./Middlewares/Third_Party/FreeRTOS/Source/portable/MemMang/heap_4.o
                0x0800a610                pvPortMalloc
 .text.vPortFree
                0x0800a7ac       0xc8 ./Middlewares/Third_Party/FreeRTOS/Source/portable/MemMang/heap_4.o
                0x0800a7ac                vPortFree
 .text.prvHeapInit
                0x0800a874       0xc4 ./Middlewares/Third_Party/FreeRTOS/Source/portable/MemMang/heap_4.o
 .text.prvInsertBlockIntoFreeList
                0x0800a938       0xb0 ./Middlewares/Third_Party/FreeRTOS/Source/portable/MemMang/heap_4.o
 .text.MX_USB_DEVICE_Init
                0x0800a9e8       0x60 ./USB_DEVICE/App/usb_device.o
                0x0800a9e8                MX_USB_DEVICE_Init
 .text.CDC_Init_FS
                0x0800aa48       0x28 ./USB_DEVICE/App/usbd_cdc_if.o
 .text.CDC_DeInit_FS
                0x0800aa70        0xe ./USB_DEVICE/App/usbd_cdc_if.o
 *fill*         0x0800aa7e        0x2 
 .text.CDC_Control_FS
                0x0800aa80       0xbc ./USB_DEVICE/App/usbd_cdc_if.o
 .text.CDC_Receive_FS
                0x0800ab3c       0x28 ./USB_DEVICE/App/usbd_cdc_if.o
 .text.USBD_FS_DeviceDescriptor
                0x0800ab64       0x24 ./USB_DEVICE/App/usbd_desc.o
                0x0800ab64                USBD_FS_DeviceDescriptor
 .text.USBD_FS_LangIDStrDescriptor
                0x0800ab88       0x24 ./USB_DEVICE/App/usbd_desc.o
                0x0800ab88                USBD_FS_LangIDStrDescriptor
 .text.USBD_FS_ProductStrDescriptor
                0x0800abac       0x3c ./USB_DEVICE/App/usbd_desc.o
                0x0800abac                USBD_FS_ProductStrDescriptor
 .text.USBD_FS_ManufacturerStrDescriptor
                0x0800abe8       0x28 ./USB_DEVICE/App/usbd_desc.o
                0x0800abe8                USBD_FS_ManufacturerStrDescriptor
 .text.USBD_FS_SerialStrDescriptor
                0x0800ac10       0x24 ./USB_DEVICE/App/usbd_desc.o
                0x0800ac10                USBD_FS_SerialStrDescriptor
 .text.USBD_FS_ConfigStrDescriptor
                0x0800ac34       0x3c ./USB_DEVICE/App/usbd_desc.o
                0x0800ac34                USBD_FS_ConfigStrDescriptor
 .text.USBD_FS_InterfaceStrDescriptor
                0x0800ac70       0x3c ./USB_DEVICE/App/usbd_desc.o
                0x0800ac70                USBD_FS_InterfaceStrDescriptor
 .text.Get_SerialNum
                0x0800acac       0x58 ./USB_DEVICE/App/usbd_desc.o
 .text.IntToUnicode
                0x0800ad04       0x7c ./USB_DEVICE/App/usbd_desc.o
 .text.HAL_PCD_MspInit
                0x0800ad80       0x4c ./USB_DEVICE/Target/usbd_conf.o
                0x0800ad80                HAL_PCD_MspInit
 .text.HAL_PCD_SetupStageCallback
                0x0800adcc       0x24 ./USB_DEVICE/Target/usbd_conf.o
                0x0800adcc                HAL_PCD_SetupStageCallback
 .text.HAL_PCD_DataOutStageCallback
                0x0800adf0       0x36 ./USB_DEVICE/Target/usbd_conf.o
                0x0800adf0                HAL_PCD_DataOutStageCallback
 .text.HAL_PCD_DataInStageCallback
                0x0800ae26       0x34 ./USB_DEVICE/Target/usbd_conf.o
                0x0800ae26                HAL_PCD_DataInStageCallback
 .text.HAL_PCD_SOFCallback
                0x0800ae5a       0x1c ./USB_DEVICE/Target/usbd_conf.o
                0x0800ae5a                HAL_PCD_SOFCallback
 .text.HAL_PCD_ResetCallback
                0x0800ae76       0x3c ./USB_DEVICE/Target/usbd_conf.o
                0x0800ae76                HAL_PCD_ResetCallback
 *fill*         0x0800aeb2        0x2 
 .text.HAL_PCD_SuspendCallback
                0x0800aeb4       0x34 ./USB_DEVICE/Target/usbd_conf.o
                0x0800aeb4                HAL_PCD_SuspendCallback
 .text.HAL_PCD_ResumeCallback
                0x0800aee8       0x1c ./USB_DEVICE/Target/usbd_conf.o
                0x0800aee8                HAL_PCD_ResumeCallback
 .text.USBD_LL_Init
                0x0800af04       0xb4 ./USB_DEVICE/Target/usbd_conf.o
                0x0800af04                USBD_LL_Init
 .text.USBD_LL_Start
                0x0800afb8       0x36 ./USB_DEVICE/Target/usbd_conf.o
                0x0800afb8                USBD_LL_Start
 .text.USBD_LL_OpenEP
                0x0800afee       0x4c ./USB_DEVICE/Target/usbd_conf.o
                0x0800afee                USBD_LL_OpenEP
 .text.USBD_LL_CloseEP
                0x0800b03a       0x3e ./USB_DEVICE/Target/usbd_conf.o
                0x0800b03a                USBD_LL_CloseEP
 .text.USBD_LL_StallEP
                0x0800b078       0x3e ./USB_DEVICE/Target/usbd_conf.o
                0x0800b078                USBD_LL_StallEP
 .text.USBD_LL_ClearStallEP
                0x0800b0b6       0x3e ./USB_DEVICE/Target/usbd_conf.o
                0x0800b0b6                USBD_LL_ClearStallEP
 .text.USBD_LL_IsStallEP
                0x0800b0f4       0x56 ./USB_DEVICE/Target/usbd_conf.o
                0x0800b0f4                USBD_LL_IsStallEP
 .text.USBD_LL_SetUSBAddress
                0x0800b14a       0x3e ./USB_DEVICE/Target/usbd_conf.o
                0x0800b14a                USBD_LL_SetUSBAddress
 .text.USBD_LL_Transmit
                0x0800b188       0x46 ./USB_DEVICE/Target/usbd_conf.o
                0x0800b188                USBD_LL_Transmit
 .text.USBD_LL_PrepareReceive
                0x0800b1ce       0x46 ./USB_DEVICE/Target/usbd_conf.o
                0x0800b1ce                USBD_LL_PrepareReceive
 .text.USBD_LL_GetRxDataSize
                0x0800b214       0x26 ./USB_DEVICE/Target/usbd_conf.o
                0x0800b214                USBD_LL_GetRxDataSize
 *fill*         0x0800b23a        0x2 
 .text.USBD_static_malloc
                0x0800b23c       0x18 ./USB_DEVICE/Target/usbd_conf.o
                0x0800b23c                USBD_static_malloc
 .text.USBD_static_free
                0x0800b254       0x12 ./USB_DEVICE/Target/usbd_conf.o
                0x0800b254                USBD_static_free
 .text.HAL_PCDEx_SetConnectionState
                0x0800b266       0x16 ./USB_DEVICE/Target/usbd_conf.o
                0x0800b266                HAL_PCDEx_SetConnectionState
 .text.USBD_Get_USB_Status
                0x0800b27c       0x58 ./USB_DEVICE/Target/usbd_conf.o
 .text.memset   0x0800b2d4       0x10 D:/STM32CubeIDE_1.19.0/STM32CubeIDE/plugins/com.st.stm32cube.ide.mcu.externaltools.gnu-tools-for-stm32.13.3.rel1.win32_1.0.0.202411081344/tools/bin/../lib/gcc/arm-none-eabi/13.3.1/../../../../arm-none-eabi/lib/thumb/v7-m/nofp\libc_nano.a(libc_a-memset.o)
                0x0800b2d4                memset
 .text.__libc_init_array
                0x0800b2e4       0x48 D:/STM32CubeIDE_1.19.0/STM32CubeIDE/plugins/com.st.stm32cube.ide.mcu.externaltools.gnu-tools-for-stm32.13.3.rel1.win32_1.0.0.202411081344/tools/bin/../lib/gcc/arm-none-eabi/13.3.1/../../../../arm-none-eabi/lib/thumb/v7-m/nofp\libc_nano.a(libc_a-init.o)
                0x0800b2e4                __libc_init_array
 .text.memcpy   0x0800b32c       0x1c D:/STM32CubeIDE_1.19.0/STM32CubeIDE/plugins/com.st.stm32cube.ide.mcu.externaltools.gnu-tools-for-stm32.13.3.rel1.win32_1.0.0.202411081344/tools/bin/../lib/gcc/arm-none-eabi/13.3.1/../../../../arm-none-eabi/lib/thumb/v7-m/nofp\libc_nano.a(libc_a-memcpy-stub.o)
                0x0800b32c                memcpy
 *(.glue_7)
 .glue_7        0x0800b348        0x0 linker stubs
 *(.glue_7t)
 .glue_7t       0x0800b348        0x0 linker stubs
 *(.eh_frame)
 .eh_frame      0x0800b348        0x0 D:/STM32CubeIDE_1.19.0/STM32CubeIDE/plugins/com.st.stm32cube.ide.mcu.externaltools.gnu-tools-for-stm32.13.3.rel1.win32_1.0.0.202411081344/tools/bin/../lib/gcc/arm-none-eabi/13.3.1/thumb/v7-m/nofp/crtbegin.o
 *(.init)
 .init          0x0800b348        0x4 D:/STM32CubeIDE_1.19.0/STM32CubeIDE/plugins/com.st.stm32cube.ide.mcu.externaltools.gnu-tools-for-stm32.13.3.rel1.win32_1.0.0.202411081344/tools/bin/../lib/gcc/arm-none-eabi/13.3.1/thumb/v7-m/nofp/crti.o
                0x0800b348                _init
 .init          0x0800b34c        0x8 D:/STM32CubeIDE_1.19.0/STM32CubeIDE/plugins/com.st.stm32cube.ide.mcu.externaltools.gnu-tools-for-stm32.13.3.rel1.win32_1.0.0.202411081344/tools/bin/../lib/gcc/arm-none-eabi/13.3.1/thumb/v7-m/nofp/crtn.o
 *(.fini)
 .fini          0x0800b354        0x4 D:/STM32CubeIDE_1.19.0/STM32CubeIDE/plugins/com.st.stm32cube.ide.mcu.externaltools.gnu-tools-for-stm32.13.3.rel1.win32_1.0.0.202411081344/tools/bin/../lib/gcc/arm-none-eabi/13.3.1/thumb/v7-m/nofp/crti.o
                0x0800b354                _fini
 .fini          0x0800b358        0x8 D:/STM32CubeIDE_1.19.0/STM32CubeIDE/plugins/com.st.stm32cube.ide.mcu.externaltools.gnu-tools-for-stm32.13.3.rel1.win32_1.0.0.202411081344/tools/bin/../lib/gcc/arm-none-eabi/13.3.1/thumb/v7-m/nofp/crtn.o
                0x0800b360                        . = ALIGN (0x4)
                0x0800b360                        _etext = .

.vfp11_veneer   0x0800b360        0x0
 .vfp11_veneer  0x0800b360        0x0 linker stubs

.v4_bx          0x0800b360        0x0
 .v4_bx         0x0800b360        0x0 linker stubs

.iplt           0x0800b360        0x0
 .iplt          0x0800b360        0x0 D:/STM32CubeIDE_1.19.0/STM32CubeIDE/plugins/com.st.stm32cube.ide.mcu.externaltools.gnu-tools-for-stm32.13.3.rel1.win32_1.0.0.202411081344/tools/bin/../lib/gcc/arm-none-eabi/13.3.1/thumb/v7-m/nofp/crtbegin.o

.rodata         0x0800b360      0x114
                0x0800b360                        . = ALIGN (0x4)
 *(.rodata)
 .rodata        0x0800b360       0x23 ./Core/Src/main.o
 *fill*         0x0800b383        0x1 
 .rodata        0x0800b384        0x5 ./Middlewares/Third_Party/FreeRTOS/Source/tasks.o
 *fill*         0x0800b389        0x3 
 .rodata        0x0800b38c        0xd ./Middlewares/Third_Party/FreeRTOS/Source/timers.o
 *fill*         0x0800b399        0x3 
 .rodata        0x0800b39c       0x46 ./USB_DEVICE/App/usbd_desc.o
 *(.rodata*)
 *fill*         0x0800b3e2        0x2 
 .rodata.comsTask_attributes
                0x0800b3e4       0x24 ./Core/Src/main.o
                0x0800b3e4                comsTask_attributes
 .rodata.servoTask_attributes
                0x0800b408       0x24 ./Core/Src/main.o
                0x0800b408                servoTask_attributes
 .rodata.sensorTask_attributes
                0x0800b42c       0x24 ./Core/Src/main.o
                0x0800b42c                sensorTask_attributes
 .rodata.AHBPrescTable
                0x0800b450       0x10 ./Core/Src/system_stm32f1xx.o
                0x0800b450                AHBPrescTable
 .rodata.aPLLMULFactorTable.1
                0x0800b460       0x10 ./Drivers/STM32F1xx_HAL_Driver/Src/stm32f1xx_hal_rcc.o
 .rodata.aPredivFactorTable.0
                0x0800b470        0x2 ./Drivers/STM32F1xx_HAL_Driver/Src/stm32f1xx_hal_rcc.o
                0x0800b474                        . = ALIGN (0x4)
 *fill*         0x0800b472        0x2 

.ARM.extab      0x0800b474        0x0
                0x0800b474                        . = ALIGN (0x4)
 *(.ARM.extab* .gnu.linkonce.armextab.*)
                0x0800b474                        . = ALIGN (0x4)

.ARM            0x0800b474        0x0
                0x0800b474                        . = ALIGN (0x4)
                0x0800b474                        __exidx_start = .
 *(.ARM.exidx*)
                0x0800b474                        __exidx_end = .
                0x0800b474                        . = ALIGN (0x4)

.preinit_array  0x0800b474        0x0
                0x0800b474                        . = ALIGN (0x4)
                0x0800b474                        PROVIDE (__preinit_array_start = .)
 *(.preinit_array*)
                0x0800b474                        PROVIDE (__preinit_array_end = .)
                0x0800b474                        . = ALIGN (0x4)

.init_array     0x0800b474        0x4
                0x0800b474                        . = ALIGN (0x4)
                0x0800b474                        PROVIDE (__init_array_start = .)
 *(SORT_BY_NAME(.init_array.*))
 *(.init_array*)
 .init_array    0x0800b474        0x4 D:/STM32CubeIDE_1.19.0/STM32CubeIDE/plugins/com.st.stm32cube.ide.mcu.externaltools.gnu-tools-for-stm32.13.3.rel1.win32_1.0.0.202411081344/tools/bin/../lib/gcc/arm-none-eabi/13.3.1/thumb/v7-m/nofp/crtbegin.o
                0x0800b478                        PROVIDE (__init_array_end = .)
                0x0800b478                        . = ALIGN (0x4)

.fini_array     0x0800b478        0x4
                0x0800b478                        . = ALIGN (0x4)
                [!provide]                        PROVIDE (__fini_array_start = .)
 *(SORT_BY_NAME(.fini_array.*))
 *(.fini_array*)
 .fini_array    0x0800b478        0x4 D:/STM32CubeIDE_1.19.0/STM32CubeIDE/plugins/com.st.stm32cube.ide.mcu.externaltools.gnu-tools-for-stm32.13.3.rel1.win32_1.0.0.202411081344/tools/bin/../lib/gcc/arm-none-eabi/13.3.1/thumb/v7-m/nofp/crtbegin.o
                [!provide]                        PROVIDE (__fini_array_end = .)
                0x0800b47c                        . = ALIGN (0x4)
                0x0800b47c                        _sidata = LOADADDR (.data)

.rel.dyn        0x0800b47c        0x0
 .rel.iplt      0x0800b47c        0x0 D:/STM32CubeIDE_1.19.0/STM32CubeIDE/plugins/com.st.stm32cube.ide.mcu.externaltools.gnu-tools-for-stm32.13.3.rel1.win32_1.0.0.202411081344/tools/bin/../lib/gcc/arm-none-eabi/13.3.1/thumb/v7-m/nofp/crtbegin.o

.data           0x20000000      0x180 load address 0x0800b47c
                0x20000000                        . = ALIGN (0x4)
                0x20000000                        _sdata = .
 *(.data)
 *(.data*)
 .data.SystemCoreClock
                0x20000000        0x4 ./Core/Src/system_stm32f1xx.o
                0x20000000                SystemCoreClock
 .data.uwTickPrio
                0x20000004        0x4 ./Drivers/STM32F1xx_HAL_Driver/Src/stm32f1xx_hal.o
                0x20000004                uwTickPrio
 .data.uwTickFreq
                0x20000008        0x1 ./Drivers/STM32F1xx_HAL_Driver/Src/stm32f1xx_hal.o
                0x20000008                uwTickFreq
 *fill*         0x20000009        0x3 
 .data.USBD_CDC_DeviceQualifierDesc
                0x2000000c        0xa ./Middlewares/ST/STM32_USB_Device_Library/Class/CDC/Src/usbd_cdc.o
 *fill*         0x20000016        0x2 
 .data.USBD_CDC
                0x20000018       0x38 ./Middlewares/ST/STM32_USB_Device_Library/Class/CDC/Src/usbd_cdc.o
                0x20000018                USBD_CDC
 .data.USBD_CDC_CfgHSDesc
                0x20000050       0x43 ./Middlewares/ST/STM32_USB_Device_Library/Class/CDC/Src/usbd_cdc.o
                0x20000050                USBD_CDC_CfgHSDesc
 *fill*         0x20000093        0x1 
 .data.USBD_CDC_CfgFSDesc
                0x20000094       0x43 ./Middlewares/ST/STM32_USB_Device_Library/Class/CDC/Src/usbd_cdc.o
                0x20000094                USBD_CDC_CfgFSDesc
 *fill*         0x200000d7        0x1 
 .data.USBD_CDC_OtherSpeedCfgDesc
                0x200000d8       0x43 ./Middlewares/ST/STM32_USB_Device_Library/Class/CDC/Src/usbd_cdc.o
                0x200000d8                USBD_CDC_OtherSpeedCfgDesc
 *fill*         0x2000011b        0x1 
 .data.uxCriticalNesting
                0x2000011c        0x4 ./Middlewares/Third_Party/FreeRTOS/Source/portable/GCC/ARM_CM3/port.o
 .data.USBD_Interface_fops_FS
                0x20000120       0x10 ./USB_DEVICE/App/usbd_cdc_if.o
                0x20000120                USBD_Interface_fops_FS
 .data.FS_Desc  0x20000130       0x1c ./USB_DEVICE/App/usbd_desc.o
                0x20000130                FS_Desc
 .data.USBD_FS_DeviceDesc
                0x2000014c       0x12 ./USB_DEVICE/App/usbd_desc.o
                0x2000014c                USBD_FS_DeviceDesc
 *fill*         0x2000015e        0x2 
 .data.USBD_LangIDDesc
                0x20000160        0x4 ./USB_DEVICE/App/usbd_desc.o
                0x20000160                USBD_LangIDDesc
 .data.USBD_StringSerial
                0x20000164       0x1a ./USB_DEVICE/App/usbd_desc.o
                0x20000164                USBD_StringSerial
 *(.RamFunc)
 *(.RamFunc*)
                0x20000180                        . = ALIGN (0x4)
 *fill*         0x2000017e        0x2 
                0x20000180                        _edata = .

.igot.plt       0x20000180        0x0 load address 0x0800b5fc
 .igot.plt      0x20000180        0x0 D:/STM32CubeIDE_1.19.0/STM32CubeIDE/plugins/com.st.stm32cube.ide.mcu.externaltools.gnu-tools-for-stm32.13.3.rel1.win32_1.0.0.202411081344/tools/bin/../lib/gcc/arm-none-eabi/13.3.1/thumb/v7-m/nofp/crtbegin.o
                0x20000180                        . = ALIGN (0x4)

.bss            0x20000180     0x2bd0 load address 0x0800b5fc
                0x20000180                        _sbss = .
                0x20000180                        __bss_start__ = _sbss
 *(.bss)
 .bss           0x20000180       0x1c D:/STM32CubeIDE_1.19.0/STM32CubeIDE/plugins/com.st.stm32cube.ide.mcu.externaltools.gnu-tools-for-stm32.13.3.rel1.win32_1.0.0.202411081344/tools/bin/../lib/gcc/arm-none-eabi/13.3.1/thumb/v7-m/nofp/crtbegin.o
 *(.bss*)
 .bss.htim2     0x2000019c       0x48 ./Core/Src/main.o
                0x2000019c                htim2
 .bss.htim3     0x200001e4       0x48 ./Core/Src/main.o
                0x200001e4                htim3
 .bss.comsTaskHandle
                0x2000022c        0x4 ./Core/Src/main.o
                0x2000022c                comsTaskHandle
 .bss.servoTaskHandle
                0x20000230        0x4 ./Core/Src/main.o
                0x20000230                servoTaskHandle
 .bss.sensorTaskHandle
                0x20000234        0x4 ./Core/Src/main.o
                0x20000234                sensorTaskHandle
 .bss.servoCmdQueue
                0x20000238        0x4 ./Core/Src/main.o
                0x20000238                servoCmdQueue
 .bss.uwTick    0x2000023c        0x4 ./Drivers/STM32F1xx_HAL_Driver/Src/stm32f1xx_hal.o
                0x2000023c                uwTick
 .bss.cfgidx.0  0x20000240        0x1 ./Middlewares/ST/STM32_USB_Device_Library/Core/Src/usbd_ctlreq.o
 *fill*         0x20000241        0x3 
 .bss.KernelState
                0x20000244        0x4 ./Middlewares/Third_Party/FreeRTOS/Source/CMSIS_RTOS_V2/cmsis_os2.o
 .bss.Idle_TCB.3
                0x20000248       0x5c ./Middlewares/Third_Party/FreeRTOS/Source/CMSIS_RTOS_V2/cmsis_os2.o
 .bss.Idle_Stack.2
                0x200002a4      0x200 ./Middlewares/Third_Party/FreeRTOS/Source/CMSIS_RTOS_V2/cmsis_os2.o
 .bss.Timer_TCB.1
                0x200004a4       0x5c ./Middlewares/Third_Party/FreeRTOS/Source/CMSIS_RTOS_V2/cmsis_os2.o
 .bss.Timer_Stack.0
                0x20000500      0x400 ./Middlewares/Third_Party/FreeRTOS/Source/CMSIS_RTOS_V2/cmsis_os2.o
 .bss.xQueueRegistry
                0x20000900       0x40 ./Middlewares/Third_Party/FreeRTOS/Source/queue.o
                0x20000900                xQueueRegistry
 .bss.pxCurrentTCB
                0x20000940        0x4 ./Middlewares/Third_Party/FreeRTOS/Source/tasks.o
                0x20000940                pxCurrentTCB
 .bss.pxReadyTasksLists
                0x20000944      0x460 ./Middlewares/Third_Party/FreeRTOS/Source/tasks.o
 .bss.xDelayedTaskList1
                0x20000da4       0x14 ./Middlewares/Third_Party/FreeRTOS/Source/tasks.o
 .bss.xDelayedTaskList2
                0x20000db8       0x14 ./Middlewares/Third_Party/FreeRTOS/Source/tasks.o
 .bss.pxDelayedTaskList
                0x20000dcc        0x4 ./Middlewares/Third_Party/FreeRTOS/Source/tasks.o
 .bss.pxOverflowDelayedTaskList
                0x20000dd0        0x4 ./Middlewares/Third_Party/FreeRTOS/Source/tasks.o
 .bss.xPendingReadyList
                0x20000dd4       0x14 ./Middlewares/Third_Party/FreeRTOS/Source/tasks.o
 .bss.xTasksWaitingTermination
                0x20000de8       0x14 ./Middlewares/Third_Party/FreeRTOS/Source/tasks.o
 .bss.uxDeletedTasksWaitingCleanUp
                0x20000dfc        0x4 ./Middlewares/Third_Party/FreeRTOS/Source/tasks.o
 .bss.xSuspendedTaskList
                0x20000e00       0x14 ./Middlewares/Third_Party/FreeRTOS/Source/tasks.o
 .bss.uxCurrentNumberOfTasks
                0x20000e14        0x4 ./Middlewares/Third_Party/FreeRTOS/Source/tasks.o
 .bss.xTickCount
                0x20000e18        0x4 ./Middlewares/Third_Party/FreeRTOS/Source/tasks.o
 .bss.uxTopReadyPriority
                0x20000e1c        0x4 ./Middlewares/Third_Party/FreeRTOS/Source/tasks.o
 .bss.xSchedulerRunning
                0x20000e20        0x4 ./Middlewares/Third_Party/FreeRTOS/Source/tasks.o
 .bss.xPendedTicks
                0x20000e24        0x4 ./Middlewares/Third_Party/FreeRTOS/Source/tasks.o
 .bss.xYieldPending
                0x20000e28        0x4 ./Middlewares/Third_Party/FreeRTOS/Source/tasks.o
 .bss.xNumOfOverflows
                0x20000e2c        0x4 ./Middlewares/Third_Party/FreeRTOS/Source/tasks.o
 .bss.uxTaskNumber
                0x20000e30        0x4 ./Middlewares/Third_Party/FreeRTOS/Source/tasks.o
 .bss.xNextTaskUnblockTime
                0x20000e34        0x4 ./Middlewares/Third_Party/FreeRTOS/Source/tasks.o
 .bss.xIdleTaskHandle
                0x20000e38        0x4 ./Middlewares/Third_Party/FreeRTOS/Source/tasks.o
 .bss.uxSchedulerSuspended
                0x20000e3c        0x4 ./Middlewares/Third_Party/FreeRTOS/Source/tasks.o
 .bss.xActiveTimerList1
                0x20000e40       0x14 ./Middlewares/Third_Party/FreeRTOS/Source/timers.o
 .bss.xActiveTimerList2
                0x20000e54       0x14 ./Middlewares/Third_Party/FreeRTOS/Source/timers.o
 .bss.pxCurrentTimerList
                0x20000e68        0x4 ./Middlewares/Third_Party/FreeRTOS/Source/timers.o
 .bss.pxOverflowTimerList
                0x20000e6c        0x4 ./Middlewares/Third_Party/FreeRTOS/Source/timers.o
 .bss.xTimerQueue
                0x20000e70        0x4 ./Middlewares/Third_Party/FreeRTOS/Source/timers.o
 .bss.xTimerTaskHandle
                0x20000e74        0x4 ./Middlewares/Third_Party/FreeRTOS/Source/timers.o
 .bss.xLastTime.2
                0x20000e78        0x4 ./Middlewares/Third_Party/FreeRTOS/Source/timers.o
 .bss.ucStaticTimerQueueStorage.1
                0x20000e7c       0xa0 ./Middlewares/Third_Party/FreeRTOS/Source/timers.o
 .bss.xStaticTimerQueue.0
                0x20000f1c       0x50 ./Middlewares/Third_Party/FreeRTOS/Source/timers.o
 .bss.ucMaxSysCallPriority
                0x20000f6c        0x1 ./Middlewares/Third_Party/FreeRTOS/Source/portable/GCC/ARM_CM3/port.o
 *fill*         0x20000f6d        0x3 
 .bss.ulMaxPRIGROUPValue
                0x20000f70        0x4 ./Middlewares/Third_Party/FreeRTOS/Source/portable/GCC/ARM_CM3/port.o
 .bss.ucHeap    0x20000f74      0xc00 ./Middlewares/Third_Party/FreeRTOS/Source/portable/MemMang/heap_4.o
 .bss.xStart    0x20001b74        0x8 ./Middlewares/Third_Party/FreeRTOS/Source/portable/MemMang/heap_4.o
 .bss.pxEnd     0x20001b7c        0x4 ./Middlewares/Third_Party/FreeRTOS/Source/portable/MemMang/heap_4.o
 .bss.xFreeBytesRemaining
                0x20001b80        0x4 ./Middlewares/Third_Party/FreeRTOS/Source/portable/MemMang/heap_4.o
 .bss.xMinimumEverFreeBytesRemaining
                0x20001b84        0x4 ./Middlewares/Third_Party/FreeRTOS/Source/portable/MemMang/heap_4.o
 .bss.xNumberOfSuccessfulAllocations
                0x20001b88        0x4 ./Middlewares/Third_Party/FreeRTOS/Source/portable/MemMang/heap_4.o
 .bss.xNumberOfSuccessfulFrees
                0x20001b8c        0x4 ./Middlewares/Third_Party/FreeRTOS/Source/portable/MemMang/heap_4.o
 .bss.xBlockAllocatedBit
                0x20001b90        0x4 ./Middlewares/Third_Party/FreeRTOS/Source/portable/MemMang/heap_4.o
 .bss.hUsbDeviceFS
                0x20001b94      0x2c4 ./USB_DEVICE/App/usb_device.o
                0x20001b94                hUsbDeviceFS
 .bss.UserRxBufferFS
                0x20001e58      0x400 ./USB_DEVICE/App/usbd_cdc_if.o
                0x20001e58                UserRxBufferFS
 .bss.UserTxBufferFS
                0x20002258      0x400 ./USB_DEVICE/App/usbd_cdc_if.o
                0x20002258                UserTxBufferFS
 .bss.USBD_StrDesc
                0x20002658      0x200 ./USB_DEVICE/App/usbd_desc.o
                0x20002658                USBD_StrDesc
 .bss.hpcd_USB_FS
                0x20002858      0x2d8 ./USB_DEVICE/Target/usbd_conf.o
                0x20002858                hpcd_USB_FS
 .bss.mem.0     0x20002b30      0x220 ./USB_DEVICE/Target/usbd_conf.o
 *(COMMON)
                0x20002d50                        . = ALIGN (0x4)
                0x20002d50                        _ebss = .
                0x20002d50                        __bss_end__ = _ebss

._user_heap_stack
                0x20002d50      0x600 load address 0x0800b5fc
                0x20002d50                        . = ALIGN (0x8)
                [!provide]                        PROVIDE (end = .)
                0x20002d50                        PROVIDE (_end = .)
                0x20002f50                        . = (. + _Min_Heap_Size)
 *fill*         0x20002d50      0x200 
                0x20003350                        . = (. + _Min_Stack_Size)
 *fill*         0x20002f50      0x400 
                0x20003350                        . = ALIGN (0x8)

/DISCARD/
 libc.a(*)
 libm.a(*)
 libgcc.a(*)

.ARM.attributes
                0x00000000       0x29
 *(.ARM.attributes)
 .ARM.attributes
                0x00000000       0x1d D:/STM32CubeIDE_1.19.0/STM32CubeIDE/plugins/com.st.stm32cube.ide.mcu.externaltools.gnu-tools-for-stm32.13.3.rel1.win32_1.0.0.202411081344/tools/bin/../lib/gcc/arm-none-eabi/13.3.1/thumb/v7-m/nofp/crti.o
 .ARM.attributes
                0x0000001d       0x2d D:/STM32CubeIDE_1.19.0/STM32CubeIDE/plugins/com.st.stm32cube.ide.mcu.externaltools.gnu-tools-for-stm32.13.3.rel1.win32_1.0.0.202411081344/tools/bin/../lib/gcc/arm-none-eabi/13.3.1/thumb/v7-m/nofp/crtbegin.o
 .ARM.attributes
                0x0000004a       0x2d ./Core/Src/main.o
 .ARM.attributes
                0x00000077       0x2d ./Core/Src/servo.o
 .ARM.attributes
                0x000000a4       0x2d ./Core/Src/stm32f1xx_hal_msp.o
 .ARM.attributes
                0x000000d1       0x2d ./Core/Src/stm32f1xx_it.o
 .ARM.attributes
                0x000000fe       0x2d ./Core/Src/system_stm32f1xx.o
 .ARM.attributes
                0x0000012b       0x21 ./Core/Startup/startup_stm32f103c8tx.o
 .ARM.attributes
                0x0000014c       0x2d ./Drivers/STM32F1xx_HAL_Driver/Src/stm32f1xx_hal.o
 .ARM.attributes
                0x00000179       0x2d ./Drivers/STM32F1xx_HAL_Driver/Src/stm32f1xx_hal_cortex.o
 .ARM.attributes
                0x000001a6       0x2d ./Drivers/STM32F1xx_HAL_Driver/Src/stm32f1xx_hal_gpio.o
 .ARM.attributes
                0x000001d3       0x2d ./Drivers/STM32F1xx_HAL_Driver/Src/stm32f1xx_hal_pcd.o
 .ARM.attributes
                0x00000200       0x2d ./Drivers/STM32F1xx_HAL_Driver/Src/stm32f1xx_hal_pcd_ex.o
 .ARM.attributes
                0x0000022d       0x2d ./Drivers/STM32F1xx_HAL_Driver/Src/stm32f1xx_hal_rcc.o
 .ARM.attributes
                0x0000025a       0x2d ./Drivers/STM32F1xx_HAL_Driver/Src/stm32f1xx_hal_rcc_ex.o
 .ARM.attributes
                0x00000287       0x2d ./Drivers/STM32F1xx_HAL_Driver/Src/stm32f1xx_hal_tim.o
 .ARM.attributes
                0x000002b4       0x2d ./Drivers/STM32F1xx_HAL_Driver/Src/stm32f1xx_hal_tim_ex.o
 .ARM.attributes
                0x000002e1       0x2d ./Drivers/STM32F1xx_HAL_Driver/Src/stm32f1xx_ll_usb.o
 .ARM.attributes
                0x0000030e       0x2d ./Middlewares/ST/STM32_USB_Device_Library/Class/CDC/Src/usbd_cdc.o
 .ARM.attributes
                0x0000033b       0x2d ./Middlewares/ST/STM32_USB_Device_Library/Core/Src/usbd_core.o
 .ARM.attributes
                0x00000368       0x2d ./Middlewares/ST/STM32_USB_Device_Library/Core/Src/usbd_ctlreq.o
 .ARM.attributes
                0x00000395       0x2d ./Middlewares/ST/STM32_USB_Device_Library/Core/Src/usbd_ioreq.o
 .ARM.attributes
                0x000003c2       0x2d ./Middlewares/Third_Party/FreeRTOS/Source/CMSIS_RTOS_V2/cmsis_os2.o
 .ARM.attributes
                0x000003ef       0x2d ./Middlewares/Third_Party/FreeRTOS/Source/list.o
 .ARM.attributes
                0x0000041c       0x2d ./Middlewares/Third_Party/FreeRTOS/Source/queue.o
 .ARM.attributes
                0x00000449       0x2d ./Middlewares/Third_Party/FreeRTOS/Source/tasks.o
 .ARM.attributes
                0x00000476       0x2d ./Middlewares/Third_Party/FreeRTOS/Source/timers.o
 .ARM.attributes
                0x000004a3       0x2d ./Middlewares/Third_Party/FreeRTOS/Source/portable/GCC/ARM_CM3/port.o
 .ARM.attributes
                0x000004d0       0x2d ./Middlewares/Third_Party/FreeRTOS/Source/portable/MemMang/heap_4.o
 .ARM.attributes
                0x000004fd       0x2d ./USB_DEVICE/App/usb_device.o
 .ARM.attributes
                0x0000052a       0x2d ./USB_DEVICE/App/usbd_cdc_if.o
 .ARM.attributes
                0x00000557       0x2d ./USB_DEVICE/App/usbd_desc.o
 .ARM.attributes
                0x00000584       0x2d ./USB_DEVICE/Target/usbd_conf.o
 .ARM.attributes
                0x000005b1       0x2d D:/STM32CubeIDE_1.19.0/STM32CubeIDE/plugins/com.st.stm32cube.ide.mcu.externaltools.gnu-tools-for-stm32.13.3.rel1.win32_1.0.0.202411081344/tools/bin/../lib/gcc/arm-none-eabi/13.3.1/../../../../arm-none-eabi/lib/thumb/v7-m/nofp\libc_nano.a(libc_a-memset.o)
 .ARM.attributes
                0x000005de       0x2d D:/STM32CubeIDE_1.19.0/STM32CubeIDE/plugins/com.st.stm32cube.ide.mcu.externaltools.gnu-tools-for-stm32.13.3.rel1.win32_1.0.0.202411081344/tools/bin/../lib/gcc/arm-none-eabi/13.3.1/../../../../arm-none-eabi/lib/thumb/v7-m/nofp\libc_nano.a(libc_a-init.o)
 .ARM.attributes
                0x0000060b       0x2d D:/STM32CubeIDE_1.19.0/STM32CubeIDE/plugins/com.st.stm32cube.ide.mcu.externaltools.gnu-tools-for-stm32.13.3.rel1.win32_1.0.0.202411081344/tools/bin/../lib/gcc/arm-none-eabi/13.3.1/../../../../arm-none-eabi/lib/thumb/v7-m/nofp\libc_nano.a(libc_a-memcpy-stub.o)
 .ARM.attributes
                0x00000638       0x1d D:/STM32CubeIDE_1.19.0/STM32CubeIDE/plugins/com.st.stm32cube.ide.mcu.externaltools.gnu-tools-for-stm32.13.3.rel1.win32_1.0.0.202411081344/tools/bin/../lib/gcc/arm-none-eabi/13.3.1/thumb/v7-m/nofp/crtn.o
OUTPUT(do_an_2__stm_controller.elf elf32-littlearm)
LOAD linker stubs
LOAD D:/STM32CubeIDE_1.19.0/STM32CubeIDE/plugins/com.st.stm32cube.ide.mcu.externaltools.gnu-tools-for-stm32.13.3.rel1.win32_1.0.0.202411081344/tools/bin/../lib/gcc/arm-none-eabi/13.3.1/../../../../arm-none-eabi/lib/thumb/v7-m/nofp\libc.a
LOAD D:/STM32CubeIDE_1.19.0/STM32CubeIDE/plugins/com.st.stm32cube.ide.mcu.externaltools.gnu-tools-for-stm32.13.3.rel1.win32_1.0.0.202411081344/tools/bin/../lib/gcc/arm-none-eabi/13.3.1/../../../../arm-none-eabi/lib/thumb/v7-m/nofp\libm.a
LOAD D:/STM32CubeIDE_1.19.0/STM32CubeIDE/plugins/com.st.stm32cube.ide.mcu.externaltools.gnu-tools-for-stm32.13.3.rel1.win32_1.0.0.202411081344/tools/bin/../lib/gcc/arm-none-eabi/13.3.1/thumb/v7-m/nofp\libgcc.a

.debug_info     0x00000000    0x1ae05
 .debug_info    0x00000000     0x1138 ./Core/Src/main.o
 .debug_info    0x00001138      0x737 ./Core/Src/servo.o
 .debug_info    0x0000186f      0xa8c ./Core/Src/stm32f1xx_hal_msp.o
 .debug_info    0x000022fb      0x60a ./Core/Src/stm32f1xx_it.o
 .debug_info    0x00002905      0x222 ./Core/Src/system_stm32f1xx.o
 .debug_info    0x00002b27       0x30 ./Core/Startup/startup_stm32f103c8tx.o
 .debug_info    0x00002b57      0x704 ./Drivers/STM32F1xx_HAL_Driver/Src/stm32f1xx_hal.o
 .debug_info    0x0000325b      0xa87 ./Drivers/STM32F1xx_HAL_Driver/Src/stm32f1xx_hal_cortex.o
 .debug_info    0x00003ce2      0x5ab ./Drivers/STM32F1xx_HAL_Driver/Src/stm32f1xx_hal_gpio.o
 .debug_info    0x0000428d     0x16dc ./Drivers/STM32F1xx_HAL_Driver/Src/stm32f1xx_hal_pcd.o
 .debug_info    0x00005969      0x6c3 ./Drivers/STM32F1xx_HAL_Driver/Src/stm32f1xx_hal_pcd_ex.o
 .debug_info    0x0000602c      0x7d5 ./Drivers/STM32F1xx_HAL_Driver/Src/stm32f1xx_hal_rcc.o
 .debug_info    0x00006801      0x3c0 ./Drivers/STM32F1xx_HAL_Driver/Src/stm32f1xx_hal_rcc_ex.o
 .debug_info    0x00006bc1     0x2959 ./Drivers/STM32F1xx_HAL_Driver/Src/stm32f1xx_hal_tim.o
 .debug_info    0x0000951a     0x149b ./Drivers/STM32F1xx_HAL_Driver/Src/stm32f1xx_hal_tim_ex.o
 .debug_info    0x0000a9b5     0x17ae ./Drivers/STM32F1xx_HAL_Driver/Src/stm32f1xx_ll_usb.o
 .debug_info    0x0000c163     0x1043 ./Middlewares/ST/STM32_USB_Device_Library/Class/CDC/Src/usbd_cdc.o
 .debug_info    0x0000d1a6      0xa52 ./Middlewares/ST/STM32_USB_Device_Library/Core/Src/usbd_core.o
 .debug_info    0x0000dbf8      0x91c ./Middlewares/ST/STM32_USB_Device_Library/Core/Src/usbd_ctlreq.o
 .debug_info    0x0000e514      0x6a0 ./Middlewares/ST/STM32_USB_Device_Library/Core/Src/usbd_ioreq.o
 .debug_info    0x0000ebb4     0x3975 ./Middlewares/Third_Party/FreeRTOS/Source/CMSIS_RTOS_V2/cmsis_os2.o
 .debug_info    0x00012529      0x2af ./Middlewares/Third_Party/FreeRTOS/Source/list.o
 .debug_info    0x000127d8     0x1b79 ./Middlewares/Third_Party/FreeRTOS/Source/queue.o
 .debug_info    0x00014351     0x21ec ./Middlewares/Third_Party/FreeRTOS/Source/tasks.o
 .debug_info    0x0001653d     0x1488 ./Middlewares/Third_Party/FreeRTOS/Source/timers.o
 .debug_info    0x000179c5      0x494 ./Middlewares/Third_Party/FreeRTOS/Source/portable/GCC/ARM_CM3/port.o
 .debug_info    0x00017e59      0x4d5 ./Middlewares/Third_Party/FreeRTOS/Source/portable/MemMang/heap_4.o
 .debug_info    0x0001832e      0x63d ./USB_DEVICE/App/usb_device.o
 .debug_info    0x0001896b      0x7ec ./USB_DEVICE/App/usbd_cdc_if.o
 .debug_info    0x00019157      0x44a ./USB_DEVICE/App/usbd_desc.o
 .debug_info    0x000195a1     0x1864 ./USB_DEVICE/Target/usbd_conf.o

.debug_abbrev   0x00000000     0x470c
 .debug_abbrev  0x00000000      0x308 ./Core/Src/main.o
 .debug_abbrev  0x00000308      0x1ae ./Core/Src/servo.o
 .debug_abbrev  0x000004b6      0x1ec ./Core/Src/stm32f1xx_hal_msp.o
 .debug_abbrev  0x000006a2      0x1ba ./Core/Src/stm32f1xx_it.o
 .debug_abbrev  0x0000085c      0x13f ./Core/Src/system_stm32f1xx.o
 .debug_abbrev  0x0000099b       0x24 ./Core/Startup/startup_stm32f103c8tx.o
 .debug_abbrev  0x000009bf      0x201 ./Drivers/STM32F1xx_HAL_Driver/Src/stm32f1xx_hal.o
 .debug_abbrev  0x00000bc0      0x2f8 ./Drivers/STM32F1xx_HAL_Driver/Src/stm32f1xx_hal_cortex.o
 .debug_abbrev  0x00000eb8      0x1ca ./Drivers/STM32F1xx_HAL_Driver/Src/stm32f1xx_hal_gpio.o
 .debug_abbrev  0x00001082      0x2d6 ./Drivers/STM32F1xx_HAL_Driver/Src/stm32f1xx_hal_pcd.o
 .debug_abbrev  0x00001358      0x189 ./Drivers/STM32F1xx_HAL_Driver/Src/stm32f1xx_hal_pcd_ex.o
 .debug_abbrev  0x000014e1      0x2b3 ./Drivers/STM32F1xx_HAL_Driver/Src/stm32f1xx_hal_rcc.o
 .debug_abbrev  0x00001794      0x188 ./Drivers/STM32F1xx_HAL_Driver/Src/stm32f1xx_hal_rcc_ex.o
 .debug_abbrev  0x0000191c      0x277 ./Drivers/STM32F1xx_HAL_Driver/Src/stm32f1xx_hal_tim.o
 .debug_abbrev  0x00001b93      0x282 ./Drivers/STM32F1xx_HAL_Driver/Src/stm32f1xx_hal_tim_ex.o
 .debug_abbrev  0x00001e15      0x1de ./Drivers/STM32F1xx_HAL_Driver/Src/stm32f1xx_ll_usb.o
 .debug_abbrev  0x00001ff3      0x2d3 ./Middlewares/ST/STM32_USB_Device_Library/Class/CDC/Src/usbd_cdc.o
 .debug_abbrev  0x000022c6      0x24a ./Middlewares/ST/STM32_USB_Device_Library/Core/Src/usbd_core.o
 .debug_abbrev  0x00002510      0x26b ./Middlewares/ST/STM32_USB_Device_Library/Core/Src/usbd_ctlreq.o
 .debug_abbrev  0x0000277b      0x192 ./Middlewares/ST/STM32_USB_Device_Library/Core/Src/usbd_ioreq.o
 .debug_abbrev  0x0000290d      0x508 ./Middlewares/Third_Party/FreeRTOS/Source/CMSIS_RTOS_V2/cmsis_os2.o
 .debug_abbrev  0x00002e15       0xf5 ./Middlewares/Third_Party/FreeRTOS/Source/list.o
 .debug_abbrev  0x00002f0a      0x3b6 ./Middlewares/Third_Party/FreeRTOS/Source/queue.o
 .debug_abbrev  0x000032c0      0x386 ./Middlewares/Third_Party/FreeRTOS/Source/tasks.o
 .debug_abbrev  0x00003646      0x352 ./Middlewares/Third_Party/FreeRTOS/Source/timers.o
 .debug_abbrev  0x00003998      0x258 ./Middlewares/Third_Party/FreeRTOS/Source/portable/GCC/ARM_CM3/port.o
 .debug_abbrev  0x00003bf0      0x21d ./Middlewares/Third_Party/FreeRTOS/Source/portable/MemMang/heap_4.o
 .debug_abbrev  0x00003e0d      0x18d ./USB_DEVICE/App/usb_device.o
 .debug_abbrev  0x00003f9a      0x25d ./USB_DEVICE/App/usbd_cdc_if.o
 .debug_abbrev  0x000041f7      0x1ff ./USB_DEVICE/App/usbd_desc.o
 .debug_abbrev  0x000043f6      0x316 ./USB_DEVICE/Target/usbd_conf.o

.debug_aranges  0x00000000     0x1810
 .debug_aranges
                0x00000000       0x60 ./Core/Src/main.o
 .debug_aranges
                0x00000060       0x30 ./Core/Src/servo.o
 .debug_aranges
                0x00000090       0x38 ./Core/Src/stm32f1xx_hal_msp.o
 .debug_aranges
                0x000000c8       0x58 ./Core/Src/stm32f1xx_it.o
 .debug_aranges
                0x00000120       0x28 ./Core/Src/system_stm32f1xx.o
 .debug_aranges
                0x00000148       0x28 ./Core/Startup/startup_stm32f103c8tx.o
 .debug_aranges
                0x00000170       0xe0 ./Drivers/STM32F1xx_HAL_Driver/Src/stm32f1xx_hal.o
 .debug_aranges
                0x00000250      0x100 ./Drivers/STM32F1xx_HAL_Driver/Src/stm32f1xx_hal_cortex.o
 .debug_aranges
                0x00000350       0x58 ./Drivers/STM32F1xx_HAL_Driver/Src/stm32f1xx_hal_gpio.o
 .debug_aranges
                0x000003a8      0x140 ./Drivers/STM32F1xx_HAL_Driver/Src/stm32f1xx_hal_pcd.o
 .debug_aranges
                0x000004e8       0x38 ./Drivers/STM32F1xx_HAL_Driver/Src/stm32f1xx_hal_pcd_ex.o
 .debug_aranges
                0x00000520       0x90 ./Drivers/STM32F1xx_HAL_Driver/Src/stm32f1xx_hal_rcc.o
 .debug_aranges
                0x000005b0       0x30 ./Drivers/STM32F1xx_HAL_Driver/Src/stm32f1xx_hal_rcc_ex.o
 .debug_aranges
                0x000005e0      0x3d0 ./Drivers/STM32F1xx_HAL_Driver/Src/stm32f1xx_hal_tim.o
 .debug_aranges
                0x000009b0      0x168 ./Drivers/STM32F1xx_HAL_Driver/Src/stm32f1xx_hal_tim_ex.o
 .debug_aranges
                0x00000b18       0xf8 ./Drivers/STM32F1xx_HAL_Driver/Src/stm32f1xx_ll_usb.o
 .debug_aranges
                0x00000c10       0x90 ./Middlewares/ST/STM32_USB_Device_Library/Class/CDC/Src/usbd_cdc.o
 .debug_aranges
                0x00000ca0       0xb8 ./Middlewares/ST/STM32_USB_Device_Library/Core/Src/usbd_core.o
 .debug_aranges
                0x00000d58       0x88 ./Middlewares/ST/STM32_USB_Device_Library/Core/Src/usbd_ctlreq.o
 .debug_aranges
                0x00000de0       0x50 ./Middlewares/ST/STM32_USB_Device_Library/Core/Src/usbd_ioreq.o
 .debug_aranges
                0x00000e30      0x2a8 ./Middlewares/Third_Party/FreeRTOS/Source/CMSIS_RTOS_V2/cmsis_os2.o
 .debug_aranges
                0x000010d8       0x40 ./Middlewares/Third_Party/FreeRTOS/Source/list.o
 .debug_aranges
                0x00001118      0x158 ./Middlewares/Third_Party/FreeRTOS/Source/queue.o
 .debug_aranges
                0x00001270      0x208 ./Middlewares/Third_Party/FreeRTOS/Source/tasks.o
 .debug_aranges
                0x00001478       0xf0 ./Middlewares/Third_Party/FreeRTOS/Source/timers.o
 .debug_aranges
                0x00001568       0x78 ./Middlewares/Third_Party/FreeRTOS/Source/portable/GCC/ARM_CM3/port.o
 .debug_aranges
                0x000015e0       0x58 ./Middlewares/Third_Party/FreeRTOS/Source/portable/MemMang/heap_4.o
 .debug_aranges
                0x00001638       0x20 ./USB_DEVICE/App/usb_device.o
 .debug_aranges
                0x00001658       0x40 ./USB_DEVICE/App/usbd_cdc_if.o
 .debug_aranges
                0x00001698       0x60 ./USB_DEVICE/App/usbd_desc.o
 .debug_aranges
                0x000016f8      0x118 ./USB_DEVICE/Target/usbd_conf.o

.debug_rnglists
                0x00000000     0x1251
 .debug_rnglists
                0x00000000       0x48 ./Core/Src/main.o
 .debug_rnglists
                0x00000048       0x20 ./Core/Src/servo.o
 .debug_rnglists
                0x00000068       0x26 ./Core/Src/stm32f1xx_hal_msp.o
 .debug_rnglists
                0x0000008e       0x3d ./Core/Src/stm32f1xx_it.o
 .debug_rnglists
                0x000000cb       0x1a ./Core/Src/system_stm32f1xx.o
 .debug_rnglists
                0x000000e5       0x19 ./Core/Startup/startup_stm32f103c8tx.o
 .debug_rnglists
                0x000000fe       0xa3 ./Drivers/STM32F1xx_HAL_Driver/Src/stm32f1xx_hal.o
 .debug_rnglists
                0x000001a1       0xbb ./Drivers/STM32F1xx_HAL_Driver/Src/stm32f1xx_hal_cortex.o
 .debug_rnglists
                0x0000025c       0x3f ./Drivers/STM32F1xx_HAL_Driver/Src/stm32f1xx_hal_gpio.o
 .debug_rnglists
                0x0000029b       0xf4 ./Drivers/STM32F1xx_HAL_Driver/Src/stm32f1xx_hal_pcd.o
 .debug_rnglists
                0x0000038f       0x26 ./Drivers/STM32F1xx_HAL_Driver/Src/stm32f1xx_hal_pcd_ex.o
 .debug_rnglists
                0x000003b5       0x6c ./Drivers/STM32F1xx_HAL_Driver/Src/stm32f1xx_hal_rcc.o
 .debug_rnglists
                0x00000421       0x21 ./Drivers/STM32F1xx_HAL_Driver/Src/stm32f1xx_hal_rcc_ex.o
 .debug_rnglists
                0x00000442      0x31a ./Drivers/STM32F1xx_HAL_Driver/Src/stm32f1xx_hal_tim.o
 .debug_rnglists
                0x0000075c      0x125 ./Drivers/STM32F1xx_HAL_Driver/Src/stm32f1xx_hal_tim_ex.o
 .debug_rnglists
                0x00000881       0xbd ./Drivers/STM32F1xx_HAL_Driver/Src/stm32f1xx_ll_usb.o
 .debug_rnglists
                0x0000093e       0x6a ./Middlewares/ST/STM32_USB_Device_Library/Class/CDC/Src/usbd_cdc.o
 .debug_rnglists
                0x000009a8       0x89 ./Middlewares/ST/STM32_USB_Device_Library/Core/Src/usbd_core.o
 .debug_rnglists
                0x00000a31       0x68 ./Middlewares/ST/STM32_USB_Device_Library/Core/Src/usbd_ctlreq.o
 .debug_rnglists
                0x00000a99       0x37 ./Middlewares/ST/STM32_USB_Device_Library/Core/Src/usbd_ioreq.o
 .debug_rnglists
                0x00000ad0      0x20c ./Middlewares/Third_Party/FreeRTOS/Source/CMSIS_RTOS_V2/cmsis_os2.o
 .debug_rnglists
                0x00000cdc       0x2b ./Middlewares/Third_Party/FreeRTOS/Source/list.o
 .debug_rnglists
                0x00000d07      0x109 ./Middlewares/Third_Party/FreeRTOS/Source/queue.o
 .debug_rnglists
                0x00000e10      0x1a0 ./Middlewares/Third_Party/FreeRTOS/Source/tasks.o
 .debug_rnglists
                0x00000fb0       0xb8 ./Middlewares/Third_Party/FreeRTOS/Source/timers.o
 .debug_rnglists
                0x00001068       0x57 ./Middlewares/Third_Party/FreeRTOS/Source/portable/GCC/ARM_CM3/port.o
 .debug_rnglists
                0x000010bf       0x42 ./Middlewares/Third_Party/FreeRTOS/Source/portable/MemMang/heap_4.o
 .debug_rnglists
                0x00001101       0x13 ./USB_DEVICE/App/usb_device.o
 .debug_rnglists
                0x00001114       0x2c ./USB_DEVICE/App/usbd_cdc_if.o
 .debug_rnglists
                0x00001140       0x43 ./USB_DEVICE/App/usbd_desc.o
 .debug_rnglists
                0x00001183       0xce ./USB_DEVICE/Target/usbd_conf.o

.debug_macro    0x00000000     0x5eee
 .debug_macro   0x00000000      0x3e3 ./Core/Src/main.o
 .debug_macro   0x000003e3      0x130 ./Core/Src/main.o
 .debug_macro   0x00000513       0x66 ./Core/Src/main.o
 .debug_macro   0x00000579       0x74 ./Core/Src/main.o
 .debug_macro   0x000005ed       0xdd ./Core/Src/main.o
 .debug_macro   0x000006ca       0x61 ./Core/Src/main.o
 .debug_macro   0x0000072b       0x24 ./Core/Src/main.o
 .debug_macro   0x0000074f       0x43 ./Core/Src/main.o
 .debug_macro   0x00000792       0x34 ./Core/Src/main.o
 .debug_macro   0x000007c6       0x16 ./Core/Src/main.o
 .debug_macro   0x000007dc       0x3c ./Core/Src/main.o
 .debug_macro   0x00000818      0x370 ./Core/Src/main.o
 .debug_macro   0x00000b88       0x10 ./Core/Src/main.o
 .debug_macro   0x00000b98       0x16 ./Core/Src/main.o
 .debug_macro   0x00000bae       0x4a ./Core/Src/main.o
 .debug_macro   0x00000bf8       0x34 ./Core/Src/main.o
 .debug_macro   0x00000c2c       0x10 ./Core/Src/main.o
 .debug_macro   0x00000c3c       0x58 ./Core/Src/main.o
 .debug_macro   0x00000c94       0x8e ./Core/Src/main.o
 .debug_macro   0x00000d22       0x1c ./Core/Src/main.o
 .debug_macro   0x00000d3e      0x185 ./Core/Src/main.o
 .debug_macro   0x00000ec3       0x16 ./Core/Src/main.o
 .debug_macro   0x00000ed9       0x16 ./Core/Src/main.o
 .debug_macro   0x00000eef      0x146 ./Core/Src/main.o
 .debug_macro   0x00001035       0x16 ./Core/Src/main.o
 .debug_macro   0x0000104b       0x16 ./Core/Src/main.o
 .debug_macro   0x00001061       0x29 ./Core/Src/main.o
 .debug_macro   0x0000108a       0x16 ./Core/Src/main.o
 .debug_macro   0x000010a0       0x20 ./Core/Src/main.o
 .debug_macro   0x000010c0       0x5f ./Core/Src/main.o
 .debug_macro   0x0000111f      0x1c8 ./Core/Src/main.o
 .debug_macro   0x000012e7      0x1c7 ./Core/Src/servo.o
 .debug_macro   0x000014ae      0x1c7 ./Core/Src/stm32f1xx_hal_msp.o
 .debug_macro   0x00001675      0x239 ./Core/Src/stm32f1xx_it.o
 .debug_macro   0x000018ae      0x1bd ./Core/Src/system_stm32f1xx.o
 .debug_macro   0x00001a6b      0x1e1 ./Drivers/STM32F1xx_HAL_Driver/Src/stm32f1xx_hal.o
 .debug_macro   0x00001c4c      0x1bd ./Drivers/STM32F1xx_HAL_Driver/Src/stm32f1xx_hal_cortex.o
 .debug_macro   0x00001e09      0x228 ./Drivers/STM32F1xx_HAL_Driver/Src/stm32f1xx_hal_gpio.o
 .debug_macro   0x00002031      0x1c9 ./Drivers/STM32F1xx_HAL_Driver/Src/stm32f1xx_hal_pcd.o
 .debug_macro   0x000021fa      0x1bd ./Drivers/STM32F1xx_HAL_Driver/Src/stm32f1xx_hal_pcd_ex.o
 .debug_macro   0x000023b7      0x1cf ./Drivers/STM32F1xx_HAL_Driver/Src/stm32f1xx_hal_rcc.o
 .debug_macro   0x00002586      0x1bd ./Drivers/STM32F1xx_HAL_Driver/Src/stm32f1xx_hal_rcc_ex.o
 .debug_macro   0x00002743      0x1be ./Drivers/STM32F1xx_HAL_Driver/Src/stm32f1xx_hal_tim.o
 .debug_macro   0x00002901      0x1bd ./Drivers/STM32F1xx_HAL_Driver/Src/stm32f1xx_hal_tim_ex.o
 .debug_macro   0x00002abe      0x1bd ./Drivers/STM32F1xx_HAL_Driver/Src/stm32f1xx_ll_usb.o
 .debug_macro   0x00002c7b      0x356 ./Middlewares/ST/STM32_USB_Device_Library/Class/CDC/Src/usbd_cdc.o
 .debug_macro   0x00002fd1       0x9e ./Middlewares/ST/STM32_USB_Device_Library/Class/CDC/Src/usbd_cdc.o
 .debug_macro   0x0000306f      0x112 ./Middlewares/ST/STM32_USB_Device_Library/Class/CDC/Src/usbd_cdc.o
 .debug_macro   0x00003181       0x56 ./Middlewares/ST/STM32_USB_Device_Library/Class/CDC/Src/usbd_cdc.o
 .debug_macro   0x000031d7       0x8f ./Middlewares/ST/STM32_USB_Device_Library/Class/CDC/Src/usbd_cdc.o
 .debug_macro   0x00003266      0x33d ./Middlewares/ST/STM32_USB_Device_Library/Core/Src/usbd_core.o
 .debug_macro   0x000035a3      0x1ce ./Middlewares/ST/STM32_USB_Device_Library/Core/Src/usbd_core.o
 .debug_macro   0x00003771      0x347 ./Middlewares/ST/STM32_USB_Device_Library/Core/Src/usbd_ctlreq.o
 .debug_macro   0x00003ab8      0x343 ./Middlewares/ST/STM32_USB_Device_Library/Core/Src/usbd_ioreq.o
 .debug_macro   0x00003dfb      0x3b9 ./Middlewares/Third_Party/FreeRTOS/Source/CMSIS_RTOS_V2/cmsis_os2.o
 .debug_macro   0x000041b4       0x10 ./Middlewares/Third_Party/FreeRTOS/Source/CMSIS_RTOS_V2/cmsis_os2.o
 .debug_macro   0x000041c4       0x10 ./Middlewares/Third_Party/FreeRTOS/Source/CMSIS_RTOS_V2/cmsis_os2.o
 .debug_macro   0x000041d4       0xb7 ./Middlewares/Third_Party/FreeRTOS/Source/CMSIS_RTOS_V2/cmsis_os2.o
 .debug_macro   0x0000428b       0x91 ./Middlewares/Third_Party/FreeRTOS/Source/CMSIS_RTOS_V2/cmsis_os2.o
 .debug_macro   0x0000431c       0x8d ./Middlewares/Third_Party/FreeRTOS/Source/CMSIS_RTOS_V2/cmsis_os2.o
 .debug_macro   0x000043a9       0x9a ./Middlewares/Third_Party/FreeRTOS/Source/CMSIS_RTOS_V2/cmsis_os2.o
 .debug_macro   0x00004443       0x22 ./Middlewares/Third_Party/FreeRTOS/Source/CMSIS_RTOS_V2/cmsis_os2.o
 .debug_macro   0x00004465       0x28 ./Middlewares/Third_Party/FreeRTOS/Source/CMSIS_RTOS_V2/cmsis_os2.o
 .debug_macro   0x0000448d      0x187 ./Middlewares/Third_Party/FreeRTOS/Source/list.o
 .debug_macro   0x00004614      0x216 ./Middlewares/Third_Party/FreeRTOS/Source/queue.o
 .debug_macro   0x0000482a       0x87 ./Middlewares/Third_Party/FreeRTOS/Source/queue.o
 .debug_macro   0x000048b1      0x27f ./Middlewares/Third_Party/FreeRTOS/Source/tasks.o
 .debug_macro   0x00004b30       0x10 ./Middlewares/Third_Party/FreeRTOS/Source/tasks.o
 .debug_macro   0x00004b40      0x1dc ./Middlewares/Third_Party/FreeRTOS/Source/timers.o
 .debug_macro   0x00004d1c       0x97 ./Middlewares/Third_Party/FreeRTOS/Source/timers.o
 .debug_macro   0x00004db3      0x172 ./Middlewares/Third_Party/FreeRTOS/Source/portable/GCC/ARM_CM3/port.o
 .debug_macro   0x00004f25      0x1ae ./Middlewares/Third_Party/FreeRTOS/Source/portable/MemMang/heap_4.o
 .debug_macro   0x000050d3      0x37c ./USB_DEVICE/App/usb_device.o
 .debug_macro   0x0000544f       0x22 ./USB_DEVICE/App/usb_device.o
 .debug_macro   0x00005471       0x16 ./USB_DEVICE/App/usb_device.o
 .debug_macro   0x00005487      0x361 ./USB_DEVICE/App/usbd_cdc_if.o
 .debug_macro   0x000057e8       0x10 ./USB_DEVICE/App/usbd_cdc_if.o
 .debug_macro   0x000057f8      0x37a ./USB_DEVICE/App/usbd_desc.o
 .debug_macro   0x00005b72       0x1c ./USB_DEVICE/App/usbd_desc.o
 .debug_macro   0x00005b8e      0x360 ./USB_DEVICE/Target/usbd_conf.o

.debug_line     0x00000000    0x1be5e
 .debug_line    0x00000000      0xd62 ./Core/Src/main.o
 .debug_line    0x00000d62      0x797 ./Core/Src/servo.o
 .debug_line    0x000014f9      0x7c1 ./Core/Src/stm32f1xx_hal_msp.o
 .debug_line    0x00001cba      0x8cf ./Core/Src/stm32f1xx_it.o
 .debug_line    0x00002589      0x79e ./Core/Src/system_stm32f1xx.o
 .debug_line    0x00002d27       0x78 ./Core/Startup/startup_stm32f103c8tx.o
 .debug_line    0x00002d9f      0x9cf ./Drivers/STM32F1xx_HAL_Driver/Src/stm32f1xx_hal.o
 .debug_line    0x0000376e      0xb99 ./Drivers/STM32F1xx_HAL_Driver/Src/stm32f1xx_hal_cortex.o