[ 50%] [32mBuilding CXX object CMakeFiles/uart_node.dir/src/uart_node.cpp.o[0m
[100%] [32m[1mLinking CXX executable uart_node[0m
[100%] Built target uart_node
-- Install configuration: ""
-- Installing: /home/soppo/ros2_ws/install/uart_ros2/lib/uart_ros2/uart_node
-- Set non-toolchain portion of runtime path of "/home/soppo/ros2_ws/install/uart_ros2/lib/uart_ros2/uart_node" to ""
-- Up-to-date: /home/soppo/ros2_ws/install/uart_ros2/share/ament_index/resource_index/package_run_dependencies/uart_ros2
-- Up-to-date: /home/soppo/ros2_ws/install/uart_ros2/share/ament_index/resource_index/parent_prefix_path/uart_ros2
-- Up-to-date: /home/soppo/ros2_ws/install/uart_ros2/share/uart_ros2/environment/ament_prefix_path.sh
-- Up-to-date: /home/soppo/ros2_ws/install/uart_ros2/share/uart_ros2/environment/ament_prefix_path.dsv
-- Up-to-date: /home/soppo/ros2_ws/install/uart_ros2/share/uart_ros2/environment/path.sh
-- Up-to-date: /home/soppo/ros2_ws/install/uart_ros2/share/uart_ros2/environment/path.dsv
-- Up-to-date: /home/soppo/ros2_ws/install/uart_ros2/share/uart_ros2/local_setup.bash
-- Up-to-date: /home/soppo/ros2_ws/install/uart_ros2/share/uart_ros2/local_setup.sh
-- Up-to-date: /home/soppo/ros2_ws/install/uart_ros2/share/uart_ros2/local_setup.zsh
-- Up-to-date: /home/soppo/ros2_ws/install/uart_ros2/share/uart_ros2/local_setup.dsv
-- Installing: /home/soppo/ros2_ws/install/uart_ros2/share/uart_ros2/package.dsv
-- Up-to-date: /home/soppo/ros2_ws/install/uart_ros2/share/ament_index/resource_index/packages/uart_ros2
-- Up-to-date: /home/soppo/ros2_ws/install/uart_ros2/share/uart_ros2/cmake/uart_ros2Config.cmake
-- Up-to-date: /home/soppo/ros2_ws/install/uart_ros2/share/uart_ros2/cmake/uart_ros2Config-version.cmake
-- Up-to-date: /home/soppo/ros2_ws/install/uart_ros2/share/uart_ros2/package.xml
