[0.931s] DEBUG:colcon:Command line arguments: ['/usr/bin/colcon', 'build']
[0.932s] DEBUG:colcon:Parsed command line arguments: Namespace(log_base=None, log_level=None, verb_name='build', build_base='build', install_base='install', merge_install=False, symlink_install=False, test_result_base=None, continue_on_error=False, executor='parallel', parallel_workers=12, event_handlers=None, ignore_user_meta=False, metas=['./colcon.meta'], base_paths=['.'], packages_ignore=None, packages_ignore_regex=None, paths=None, packages_up_to=None, packages_up_to_regex=None, packages_above=None, packages_above_and_dependencies=None, packages_above_depth=None, packages_select_by_dep=None, packages_skip_by_dep=None, packages_skip_up_to=None, packages_select_build_failed=False, packages_skip_build_finished=False, packages_select_test_failures=False, packages_skip_test_passed=False, packages_select=None, packages_skip=None, packages_select_regex=None, packages_skip_regex=None, packages_start=None, packages_end=None, cmake_args=None, cmake_target=None, cmake_target_skip_unavailable=False, cmake_clean_cache=False, cmake_clean_first=False, cmake_force_configure=False, ament_cmake_args=None, catkin_cmake_args=None, catkin_skip_building_tests=False, verb_parser=<colcon_defaults.argument_parser.defaults.DefaultArgumentsDecorator object at 0x74f164704da0>, verb_extension=<colcon_core.verb.build.BuildVerb object at 0x74f1647049b0>, main=<bound method BuildVerb.main of <colcon_core.verb.build.BuildVerb object at 0x74f1647049b0>>)
[1.166s] Level 1:colcon.colcon_core.package_discovery:discover_packages(colcon_meta) check parameters
[1.167s] Level 1:colcon.colcon_core.package_discovery:discover_packages(recursive) check parameters
[1.167s] Level 1:colcon.colcon_core.package_discovery:discover_packages(ignore) check parameters
[1.167s] Level 1:colcon.colcon_core.package_discovery:discover_packages(path) check parameters
[1.167s] Level 1:colcon.colcon_core.package_discovery:discover_packages(colcon_meta) discover
[1.167s] Level 1:colcon.colcon_core.package_discovery:discover_packages(recursive) discover
[1.167s] INFO:colcon.colcon_core.package_discovery:Crawling recursively for packages in '/home/soppo/ros2_ws'
[1.167s] Level 1:colcon.colcon_core.package_identification:_identify(.) by extensions ['ignore', 'ignore_ament_install']
[1.168s] Level 1:colcon.colcon_core.package_identification:_identify(.) by extension 'ignore'
[1.168s] Level 1:colcon.colcon_core.package_identification:_identify(.) by extension 'ignore_ament_install'
[1.168s] Level 1:colcon.colcon_core.package_identification:_identify(.) by extensions ['colcon_pkg']
[1.168s] Level 1:colcon.colcon_core.package_identification:_identify(.) by extension 'colcon_pkg'
[1.168s] Level 1:colcon.colcon_core.package_identification:_identify(.) by extensions ['colcon_meta']
[1.168s] Level 1:colcon.colcon_core.package_identification:_identify(.) by extension 'colcon_meta'
[1.168s] Level 1:colcon.colcon_core.package_identification:_identify(.) by extensions ['ros']
[1.168s] Level 1:colcon.colcon_core.package_identification:_identify(.) by extension 'ros'
[1.307s] Level 1:colcon.colcon_core.package_identification:_identify(.) by extensions ['cmake', 'python']
[1.307s] Level 1:colcon.colcon_core.package_identification:_identify(.) by extension 'cmake'
[1.307s] Level 1:colcon.colcon_core.package_identification:_identify(.) by extension 'python'
[1.307s] Level 1:colcon.colcon_core.package_identification:_identify(.) by extensions ['python_setup_py']
[1.307s] Level 1:colcon.colcon_core.package_identification:_identify(.) by extension 'python_setup_py'
[1.308s] Level 1:colcon.colcon_core.package_identification:_identify(build) by extensions ['ignore', 'ignore_ament_install']
[1.308s] Level 1:colcon.colcon_core.package_identification:_identify(build) by extension 'ignore'
[1.308s] Level 1:colcon.colcon_core.package_identification:_identify(build) ignored
[1.309s] Level 1:colcon.colcon_core.package_identification:_identify(install) by extensions ['ignore', 'ignore_ament_install']
[1.309s] Level 1:colcon.colcon_core.package_identification:_identify(install) by extension 'ignore'
[1.309s] Level 1:colcon.colcon_core.package_identification:_identify(install) ignored
[1.310s] Level 1:colcon.colcon_core.package_identification:_identify(log) by extensions ['ignore', 'ignore_ament_install']
[1.310s] Level 1:colcon.colcon_core.package_identification:_identify(log) by extension 'ignore'
[1.310s] Level 1:colcon.colcon_core.package_identification:_identify(log) ignored
[1.310s] Level 1:colcon.colcon_core.package_identification:_identify(src) by extensions ['ignore', 'ignore_ament_install']
[1.310s] Level 1:colcon.colcon_core.package_identification:_identify(src) by extension 'ignore'
[1.310s] Level 1:colcon.colcon_core.package_identification:_identify(src) by extension 'ignore_ament_install'
[1.310s] Level 1:colcon.colcon_core.package_identification:_identify(src) by extensions ['colcon_pkg']
[1.310s] Level 1:colcon.colcon_core.package_identification:_identify(src) by extension 'colcon_pkg'
[1.310s] Level 1:colcon.colcon_core.package_identification:_identify(src) by extensions ['colcon_meta']
[1.310s] Level 1:colcon.colcon_core.package_identification:_identify(src) by extension 'colcon_meta'
[1.310s] Level 1:colcon.colcon_core.package_identification:_identify(src) by extensions ['ros']
[1.311s] Level 1:colcon.colcon_core.package_identification:_identify(src) by extension 'ros'
[1.311s] Level 1:colcon.colcon_core.package_identification:_identify(src) by extensions ['cmake', 'python']
[1.311s] Level 1:colcon.colcon_core.package_identification:_identify(src) by extension 'cmake'
[1.311s] Level 1:colcon.colcon_core.package_identification:_identify(src) by extension 'python'
[1.311s] Level 1:colcon.colcon_core.package_identification:_identify(src) by extensions ['python_setup_py']
[1.311s] Level 1:colcon.colcon_core.package_identification:_identify(src) by extension 'python_setup_py'
[1.311s] Level 1:colcon.colcon_core.package_identification:_identify(src/uart_ros2) by extensions ['ignore', 'ignore_ament_install']
[1.311s] Level 1:colcon.colcon_core.package_identification:_identify(src/uart_ros2) by extension 'ignore'
[1.312s] Level 1:colcon.colcon_core.package_identification:_identify(src/uart_ros2) by extension 'ignore_ament_install'
[1.312s] Level 1:colcon.colcon_core.package_identification:_identify(src/uart_ros2) by extensions ['colcon_pkg']
[1.312s] Level 1:colcon.colcon_core.package_identification:_identify(src/uart_ros2) by extension 'colcon_pkg'
[1.312s] Level 1:colcon.colcon_core.package_identification:_identify(src/uart_ros2) by extensions ['colcon_meta']
[1.312s] Level 1:colcon.colcon_core.package_identification:_identify(src/uart_ros2) by extension 'colcon_meta'
[1.312s] Level 1:colcon.colcon_core.package_identification:_identify(src/uart_ros2) by extensions ['ros']
[1.312s] Level 1:colcon.colcon_core.package_identification:_identify(src/uart_ros2) by extension 'ros'
[1.325s] DEBUG:colcon.colcon_core.package_identification:Package 'src/uart_ros2' with type 'ros.ament_cmake' and name 'uart_ros2'
[1.325s] Level 1:colcon.colcon_core.package_discovery:discover_packages(recursive) using defaults
[1.325s] Level 1:colcon.colcon_core.package_discovery:discover_packages(ignore) discover
[1.325s] Level 1:colcon.colcon_core.package_discovery:discover_packages(ignore) using defaults
[1.325s] Level 1:colcon.colcon_core.package_discovery:discover_packages(path) discover
[1.325s] Level 1:colcon.colcon_core.package_discovery:discover_packages(path) using defaults
[1.431s] Level 5:colcon.colcon_core.verb:set package 'uart_ros2' build argument 'cmake_args' from command line to 'None'
[1.431s] Level 5:colcon.colcon_core.verb:set package 'uart_ros2' build argument 'cmake_target' from command line to 'None'
[1.431s] Level 5:colcon.colcon_core.verb:set package 'uart_ros2' build argument 'cmake_target_skip_unavailable' from command line to 'False'
[1.431s] Level 5:colcon.colcon_core.verb:set package 'uart_ros2' build argument 'cmake_clean_cache' from command line to 'False'
[1.431s] Level 5:colcon.colcon_core.verb:set package 'uart_ros2' build argument 'cmake_clean_first' from command line to 'False'
[1.431s] Level 5:colcon.colcon_core.verb:set package 'uart_ros2' build argument 'cmake_force_configure' from command line to 'False'
[1.431s] Level 5:colcon.colcon_core.verb:set package 'uart_ros2' build argument 'ament_cmake_args' from command line to 'None'
[1.432s] Level 5:colcon.colcon_core.verb:set package 'uart_ros2' build argument 'catkin_cmake_args' from command line to 'None'
[1.432s] Level 5:colcon.colcon_core.verb:set package 'uart_ros2' build argument 'catkin_skip_building_tests' from command line to 'False'
[1.432s] DEBUG:colcon.colcon_core.verb:Building package 'uart_ros2' with the following arguments: {'ament_cmake_args': None, 'build_base': '/home/soppo/ros2_ws/build/uart_ros2', 'catkin_cmake_args': None, 'catkin_skip_building_tests': False, 'cmake_args': None, 'cmake_clean_cache': False, 'cmake_clean_first': False, 'cmake_force_configure': False, 'cmake_target': None, 'cmake_target_skip_unavailable': False, 'install_base': '/home/soppo/ros2_ws/install/uart_ros2', 'merge_install': False, 'path': '/home/soppo/ros2_ws/src/uart_ros2', 'symlink_install': False, 'test_result_base': None}
[1.432s] INFO:colcon.colcon_core.executor:Executing jobs using 'parallel' executor
[1.435s] DEBUG:colcon.colcon_parallel_executor.executor.parallel:run_until_complete
[1.435s] INFO:colcon.colcon_ros.task.ament_cmake.build:Building ROS package in '/home/soppo/ros2_ws/src/uart_ros2' with build type 'ament_cmake'
[1.436s] INFO:colcon.colcon_cmake.task.cmake.build:Building CMake package in '/home/soppo/ros2_ws/src/uart_ros2'
[1.453s] INFO:colcon.colcon_core.plugin_system:Skipping extension 'colcon_core.shell.bat': Not used on non-Windows systems
[1.453s] DEBUG:colcon.colcon_core.shell:Skip shell extension 'dsv' for command environment
[1.515s] DEBUG:colcon.colcon_core.event_handler.log_command:Invoking command in '/home/soppo/ros2_ws/build/uart_ros2': CMAKE_PREFIX_PATH=${CMAKE_PREFIX_PATH}:/opt/ros/jazzy /usr/bin/cmake --build /home/soppo/ros2_ws/build/uart_ros2 -- -j12 -l12
[24.858s] DEBUG:colcon.colcon_core.event_handler.log_command:Invoked command in '/home/soppo/ros2_ws/build/uart_ros2' returned '0': CMAKE_PREFIX_PATH=${CMAKE_PREFIX_PATH}:/opt/ros/jazzy /usr/bin/cmake --build /home/soppo/ros2_ws/build/uart_ros2 -- -j12 -l12
[24.886s] DEBUG:colcon.colcon_core.event_handler.log_command:Invoking command in '/home/soppo/ros2_ws/build/uart_ros2': CMAKE_PREFIX_PATH=${CMAKE_PREFIX_PATH}:/opt/ros/jazzy /usr/bin/cmake --install /home/soppo/ros2_ws/build/uart_ros2
[24.935s] Level 1:colcon.colcon_core.environment:create_environment_scripts_only(uart_ros2)
[24.937s] DEBUG:colcon.colcon_core.event_handler.log_command:Invoked command in '/home/soppo/ros2_ws/build/uart_ros2' returned '0': CMAKE_PREFIX_PATH=${CMAKE_PREFIX_PATH}:/opt/ros/jazzy /usr/bin/cmake --install /home/soppo/ros2_ws/build/uart_ros2
[24.953s] Level 1:colcon.colcon_core.environment:checking '/home/soppo/ros2_ws/install/uart_ros2' for CMake module files
[24.957s] Level 1:colcon.colcon_core.environment:checking '/home/soppo/ros2_ws/install/uart_ros2' for CMake config files
[24.960s] Level 1:colcon.colcon_core.shell:create_environment_hook('uart_ros2', 'cmake_prefix_path')
[24.961s] INFO:colcon.colcon_core.shell:Creating environment descriptor '/home/soppo/ros2_ws/install/uart_ros2/share/uart_ros2/hook/cmake_prefix_path.dsv'
[24.963s] INFO:colcon.colcon_core.shell:Creating environment hook '/home/soppo/ros2_ws/install/uart_ros2/share/uart_ros2/hook/cmake_prefix_path.sh'
[24.965s] Level 1:colcon.colcon_core.environment:checking '/home/soppo/ros2_ws/install/uart_ros2/lib'
[24.966s] Level 1:colcon.colcon_core.environment:checking '/home/soppo/ros2_ws/install/uart_ros2/bin'
[24.966s] Level 1:colcon.colcon_core.environment:checking '/home/soppo/ros2_ws/install/uart_ros2/lib/pkgconfig/uart_ros2.pc'
[24.970s] Level 1:colcon.colcon_core.environment:checking '/home/soppo/ros2_ws/install/uart_ros2/lib/python3.12/site-packages'
[24.970s] Level 1:colcon.colcon_core.environment:checking '/home/soppo/ros2_ws/install/uart_ros2/bin'
[24.971s] INFO:colcon.colcon_core.shell:Creating package descriptor '/home/soppo/ros2_ws/install/uart_ros2/share/uart_ros2/package.dsv'
[24.974s] INFO:colcon.colcon_core.shell:Creating package script '/home/soppo/ros2_ws/install/uart_ros2/share/uart_ros2/package.sh'
[24.977s] INFO:colcon.colcon_core.shell:Creating package script '/home/soppo/ros2_ws/install/uart_ros2/share/uart_ros2/package.bash'
[24.979s] INFO:colcon.colcon_core.shell:Creating package script '/home/soppo/ros2_ws/install/uart_ros2/share/uart_ros2/package.zsh'
[24.981s] Level 1:colcon.colcon_core.environment:create_file_with_runtime_dependencies(/home/soppo/ros2_ws/install/uart_ros2/share/colcon-core/packages/uart_ros2)
[24.982s] Level 1:colcon.colcon_core.environment:create_environment_scripts_only(uart_ros2)
[24.982s] Level 1:colcon.colcon_core.environment:checking '/home/soppo/ros2_ws/install/uart_ros2' for CMake module files
[24.983s] Level 1:colcon.colcon_core.environment:checking '/home/soppo/ros2_ws/install/uart_ros2' for CMake config files
[24.984s] Level 1:colcon.colcon_core.shell:create_environment_hook('uart_ros2', 'cmake_prefix_path')
[24.984s] INFO:colcon.colcon_core.shell:Creating environment descriptor '/home/soppo/ros2_ws/install/uart_ros2/share/uart_ros2/hook/cmake_prefix_path.dsv'
[24.985s] INFO:colcon.colcon_core.shell:Creating environment hook '/home/soppo/ros2_ws/install/uart_ros2/share/uart_ros2/hook/cmake_prefix_path.sh'
[24.986s] Level 1:colcon.colcon_core.environment:checking '/home/soppo/ros2_ws/install/uart_ros2/lib'
[24.986s] Level 1:colcon.colcon_core.environment:checking '/home/soppo/ros2_ws/install/uart_ros2/bin'
[24.987s] Level 1:colcon.colcon_core.environment:checking '/home/soppo/ros2_ws/install/uart_ros2/lib/pkgconfig/uart_ros2.pc'
[24.987s] Level 1:colcon.colcon_core.environment:checking '/home/soppo/ros2_ws/install/uart_ros2/lib/python3.12/site-packages'
[24.987s] Level 1:colcon.colcon_core.environment:checking '/home/soppo/ros2_ws/install/uart_ros2/bin'
[24.988s] INFO:colcon.colcon_core.shell:Creating package descriptor '/home/soppo/ros2_ws/install/uart_ros2/share/uart_ros2/package.dsv'
[24.989s] INFO:colcon.colcon_core.shell:Creating package script '/home/soppo/ros2_ws/install/uart_ros2/share/uart_ros2/package.sh'
[24.990s] INFO:colcon.colcon_core.shell:Creating package script '/home/soppo/ros2_ws/install/uart_ros2/share/uart_ros2/package.bash'
[24.991s] INFO:colcon.colcon_core.shell:Creating package script '/home/soppo/ros2_ws/install/uart_ros2/share/uart_ros2/package.zsh'
[24.991s] Level 1:colcon.colcon_core.environment:create_file_with_runtime_dependencies(/home/soppo/ros2_ws/install/uart_ros2/share/colcon-core/packages/uart_ros2)
[24.992s] DEBUG:colcon.colcon_parallel_executor.executor.parallel:closing loop
[24.995s] DEBUG:colcon.colcon_parallel_executor.executor.parallel:loop closed
[24.995s] DEBUG:colcon.colcon_parallel_executor.executor.parallel:run_until_complete finished with '0'
[24.995s] DEBUG:colcon.colcon_core.event_reactor:joining thread
[25.221s] INFO:colcon.colcon_core.plugin_system:Skipping extension 'colcon_notification.desktop_notification.notify_send': Could not find 'notify-send'
[25.221s] INFO:colcon.colcon_core.plugin_system:Skipping extension 'colcon_notification.desktop_notification.terminal_notifier': Not used on non-Darwin systems
[25.221s] INFO:colcon.colcon_core.plugin_system:Skipping extension 'colcon_notification.desktop_notification.win32': Not used on non-Windows systems
[25.221s] INFO:colcon.colcon_notification.desktop_notification:Sending desktop notification using 'notify2'
[25.248s] DEBUG:colcon.colcon_notification.desktop_notification.notify2:Failed to initialize notify2: org.freedesktop.DBus.Error.ServiceUnknown: The name org.freedesktop.Notifications was not provided by any .service files
[25.249s] DEBUG:colcon.colcon_core.event_reactor:joined thread
[25.249s] INFO:colcon.colcon_core.shell:Creating prefix script '/home/soppo/ros2_ws/install/local_setup.sh'
[25.251s] INFO:colcon.colcon_core.shell:Creating prefix util module '/home/soppo/ros2_ws/install/_local_setup_util_sh.py'
[25.254s] INFO:colcon.colcon_core.shell:Creating prefix chain script '/home/soppo/ros2_ws/install/setup.sh'
[25.257s] INFO:colcon.colcon_core.shell:Creating prefix script '/home/soppo/ros2_ws/install/local_setup.bash'
[25.259s] INFO:colcon.colcon_core.shell:Creating prefix chain script '/home/soppo/ros2_ws/install/setup.bash'
[25.262s] INFO:colcon.colcon_core.shell:Creating prefix script '/home/soppo/ros2_ws/install/local_setup.zsh'
[25.264s] INFO:colcon.colcon_core.shell:Creating prefix chain script '/home/soppo/ros2_ws/install/setup.zsh'
