[1.430s] DEBUG:colcon:Command line arguments: ['/usr/bin/colcon', 'build']
[1.431s] DEBUG:colcon:Parsed command line arguments: Namespace(log_base=None, log_level=None, verb_name='build', build_base='build', install_base='install', merge_install=False, symlink_install=False, test_result_base=None, continue_on_error=False, executor='parallel', parallel_workers=12, event_handlers=None, ignore_user_meta=False, metas=['./colcon.meta'], base_paths=['.'], packages_ignore=None, packages_ignore_regex=None, paths=None, packages_up_to=None, packages_up_to_regex=None, packages_above=None, packages_above_and_dependencies=None, packages_above_depth=None, packages_select_by_dep=None, packages_skip_by_dep=None, packages_skip_up_to=None, packages_select_build_failed=False, packages_skip_build_finished=False, packages_select_test_failures=False, packages_skip_test_passed=False, packages_select=None, packages_skip=None, packages_select_regex=None, packages_skip_regex=None, packages_start=None, packages_end=None, cmake_args=None, cmake_target=None, cmake_target_skip_unavailable=False, cmake_clean_cache=False, cmake_clean_first=False, cmake_force_configure=False, ament_cmake_args=None, catkin_cmake_args=None, catkin_skip_building_tests=False, verb_parser=<colcon_defaults.argument_parser.defaults.DefaultArgumentsDecorator object at 0x7d08d4b14b00>, verb_extension=<colcon_core.verb.build.BuildVerb object at 0x7d08d4b14710>, main=<bound method BuildVerb.main of <colcon_core.verb.build.BuildVerb object at 0x7d08d4b14710>>)
[1.725s] Level 1:colcon.colcon_core.package_discovery:discover_packages(colcon_meta) check parameters
[1.725s] Level 1:colcon.colcon_core.package_discovery:discover_packages(recursive) check parameters
[1.725s] Level 1:colcon.colcon_core.package_discovery:discover_packages(ignore) check parameters
[1.725s] Level 1:colcon.colcon_core.package_discovery:discover_packages(path) check parameters
[1.725s] Level 1:colcon.colcon_core.package_discovery:discover_packages(colcon_meta) discover
[1.726s] Level 1:colcon.colcon_core.package_discovery:discover_packages(recursive) discover
[1.726s] INFO:colcon.colcon_core.package_discovery:Crawling recursively for packages in '/home/soppo/ros2_ws'
[1.727s] Level 1:colcon.colcon_core.package_identification:_identify(.) by extensions ['ignore', 'ignore_ament_install']
[1.727s] Level 1:colcon.colcon_core.package_identification:_identify(.) by extension 'ignore'
[1.728s] Level 1:colcon.colcon_core.package_identification:_identify(.) by extension 'ignore_ament_install'
[1.728s] Level 1:colcon.colcon_core.package_identification:_identify(.) by extensions ['colcon_pkg']
[1.728s] Level 1:colcon.colcon_core.package_identification:_identify(.) by extension 'colcon_pkg'
[1.728s] Level 1:colcon.colcon_core.package_identification:_identify(.) by extensions ['colcon_meta']
[1.728s] Level 1:colcon.colcon_core.package_identification:_identify(.) by extension 'colcon_meta'
[1.728s] Level 1:colcon.colcon_core.package_identification:_identify(.) by extensions ['ros']
[1.728s] Level 1:colcon.colcon_core.package_identification:_identify(.) by extension 'ros'
[1.879s] Level 1:colcon.colcon_core.package_identification:_identify(.) by extensions ['cmake', 'python']
[1.879s] Level 1:colcon.colcon_core.package_identification:_identify(.) by extension 'cmake'
[1.879s] Level 1:colcon.colcon_core.package_identification:_identify(.) by extension 'python'
[1.880s] Level 1:colcon.colcon_core.package_identification:_identify(.) by extensions ['python_setup_py']
[1.880s] Level 1:colcon.colcon_core.package_identification:_identify(.) by extension 'python_setup_py'
[1.881s] Level 1:colcon.colcon_core.package_identification:_identify(build) by extensions ['ignore', 'ignore_ament_install']
[1.881s] Level 1:colcon.colcon_core.package_identification:_identify(build) by extension 'ignore'
[1.881s] Level 1:colcon.colcon_core.package_identification:_identify(build) ignored
[1.882s] Level 1:colcon.colcon_core.package_identification:_identify(install) by extensions ['ignore', 'ignore_ament_install']
[1.882s] Level 1:colcon.colcon_core.package_identification:_identify(install) by extension 'ignore'
[1.883s] Level 1:colcon.colcon_core.package_identification:_identify(install) ignored
[1.883s] Level 1:colcon.colcon_core.package_identification:_identify(log) by extensions ['ignore', 'ignore_ament_install']
[1.883s] Level 1:colcon.colcon_core.package_identification:_identify(log) by extension 'ignore'
[1.883s] Level 1:colcon.colcon_core.package_identification:_identify(log) ignored
[1.884s] Level 1:colcon.colcon_core.package_identification:_identify(src) by extensions ['ignore', 'ignore_ament_install']
[1.884s] Level 1:colcon.colcon_core.package_identification:_identify(src) by extension 'ignore'
[1.885s] Level 1:colcon.colcon_core.package_identification:_identify(src) by extension 'ignore_ament_install'
[1.885s] Level 1:colcon.colcon_core.package_identification:_identify(src) by extensions ['colcon_pkg']
[1.885s] Level 1:colcon.colcon_core.package_identification:_identify(src) by extension 'colcon_pkg'
[1.885s] Level 1:colcon.colcon_core.package_identification:_identify(src) by extensions ['colcon_meta']
[1.885s] Level 1:colcon.colcon_core.package_identification:_identify(src) by extension 'colcon_meta'
[1.885s] Level 1:colcon.colcon_core.package_identification:_identify(src) by extensions ['ros']
[1.885s] Level 1:colcon.colcon_core.package_identification:_identify(src) by extension 'ros'
[1.886s] Level 1:colcon.colcon_core.package_identification:_identify(src) by extensions ['cmake', 'python']
[1.887s] Level 1:colcon.colcon_core.package_identification:_identify(src) by extension 'cmake'
[1.887s] Level 1:colcon.colcon_core.package_identification:_identify(src) by extension 'python'
[1.887s] Level 1:colcon.colcon_core.package_identification:_identify(src) by extensions ['python_setup_py']
[1.887s] Level 1:colcon.colcon_core.package_identification:_identify(src) by extension 'python_setup_py'
[1.888s] Level 1:colcon.colcon_core.package_identification:_identify(src/uart_ros2) by extensions ['ignore', 'ignore_ament_install']
[1.888s] Level 1:colcon.colcon_core.package_identification:_identify(src/uart_ros2) by extension 'ignore'
[1.889s] Level 1:colcon.colcon_core.package_identification:_identify(src/uart_ros2) by extension 'ignore_ament_install'
[1.889s] Level 1:colcon.colcon_core.package_identification:_identify(src/uart_ros2) by extensions ['colcon_pkg']
[1.889s] Level 1:colcon.colcon_core.package_identification:_identify(src/uart_ros2) by extension 'colcon_pkg'
[1.889s] Level 1:colcon.colcon_core.package_identification:_identify(src/uart_ros2) by extensions ['colcon_meta']
[1.889s] Level 1:colcon.colcon_core.package_identification:_identify(src/uart_ros2) by extension 'colcon_meta'
[1.889s] Level 1:colcon.colcon_core.package_identification:_identify(src/uart_ros2) by extensions ['ros']
[1.889s] Level 1:colcon.colcon_core.package_identification:_identify(src/uart_ros2) by extension 'ros'
[1.904s] DEBUG:colcon.colcon_core.package_identification:Package 'src/uart_ros2' with type 'ros.ament_cmake' and name 'uart_ros2'
[1.904s] Level 1:colcon.colcon_core.package_discovery:discover_packages(recursive) using defaults
[1.904s] Level 1:colcon.colcon_core.package_discovery:discover_packages(ignore) discover
[1.904s] Level 1:colcon.colcon_core.package_discovery:discover_packages(ignore) using defaults
[1.904s] Level 1:colcon.colcon_core.package_discovery:discover_packages(path) discover
[1.904s] Level 1:colcon.colcon_core.package_discovery:discover_packages(path) using defaults
[2.035s] Level 5:colcon.colcon_core.verb:set package 'uart_ros2' build argument 'cmake_args' from command line to 'None'
[2.036s] Level 5:colcon.colcon_core.verb:set package 'uart_ros2' build argument 'cmake_target' from command line to 'None'
[2.036s] Level 5:colcon.colcon_core.verb:set package 'uart_ros2' build argument 'cmake_target_skip_unavailable' from command line to 'False'
[2.036s] Level 5:colcon.colcon_core.verb:set package 'uart_ros2' build argument 'cmake_clean_cache' from command line to 'False'
[2.036s] Level 5:colcon.colcon_core.verb:set package 'uart_ros2' build argument 'cmake_clean_first' from command line to 'False'
[2.036s] Level 5:colcon.colcon_core.verb:set package 'uart_ros2' build argument 'cmake_force_configure' from command line to 'False'
[2.036s] Level 5:colcon.colcon_core.verb:set package 'uart_ros2' build argument 'ament_cmake_args' from command line to 'None'
[2.036s] Level 5:colcon.colcon_core.verb:set package 'uart_ros2' build argument 'catkin_cmake_args' from command line to 'None'
[2.036s] Level 5:colcon.colcon_core.verb:set package 'uart_ros2' build argument 'catkin_skip_building_tests' from command line to 'False'
[2.037s] DEBUG:colcon.colcon_core.verb:Building package 'uart_ros2' with the following arguments: {'ament_cmake_args': None, 'build_base': '/home/soppo/ros2_ws/build/uart_ros2', 'catkin_cmake_args': None, 'catkin_skip_building_tests': False, 'cmake_args': None, 'cmake_clean_cache': False, 'cmake_clean_first': False, 'cmake_force_configure': False, 'cmake_target': None, 'cmake_target_skip_unavailable': False, 'install_base': '/home/soppo/ros2_ws/install/uart_ros2', 'merge_install': False, 'path': '/home/soppo/ros2_ws/src/uart_ros2', 'symlink_install': False, 'test_result_base': None}
[2.037s] INFO:colcon.colcon_core.executor:Executing jobs using 'parallel' executor
[2.047s] DEBUG:colcon.colcon_parallel_executor.executor.parallel:run_until_complete
[2.049s] INFO:colcon.colcon_ros.task.ament_cmake.build:Building ROS package in '/home/soppo/ros2_ws/src/uart_ros2' with build type 'ament_cmake'
[2.050s] INFO:colcon.colcon_cmake.task.cmake.build:Building CMake package in '/home/soppo/ros2_ws/src/uart_ros2'
[2.069s] INFO:colcon.colcon_core.plugin_system:Skipping extension 'colcon_core.shell.bat': Not used on non-Windows systems
[2.070s] DEBUG:colcon.colcon_core.shell:Skip shell extension 'dsv' for command environment
[2.178s] DEBUG:colcon.colcon_core.event_handler.log_command:Invoking command in '/home/soppo/ros2_ws/build/uart_ros2': CMAKE_PREFIX_PATH=${CMAKE_PREFIX_PATH}:/opt/ros/jazzy /usr/bin/cmake --build /home/soppo/ros2_ws/build/uart_ros2 -- -j12 -l12
[34.184s] DEBUG:colcon.colcon_core.event_handler.log_command:Invoked command in '/home/soppo/ros2_ws/build/uart_ros2' returned '0': CMAKE_PREFIX_PATH=${CMAKE_PREFIX_PATH}:/opt/ros/jazzy /usr/bin/cmake --build /home/soppo/ros2_ws/build/uart_ros2 -- -j12 -l12
[34.266s] DEBUG:colcon.colcon_core.event_handler.log_command:Invoking command in '/home/soppo/ros2_ws/build/uart_ros2': CMAKE_PREFIX_PATH=${CMAKE_PREFIX_PATH}:/opt/ros/jazzy /usr/bin/cmake --install /home/soppo/ros2_ws/build/uart_ros2
[34.346s] Level 1:colcon.colcon_core.environment:create_environment_scripts_only(uart_ros2)
[34.351s] DEBUG:colcon.colcon_core.event_handler.log_command:Invoked command in '/home/soppo/ros2_ws/build/uart_ros2' returned '0': CMAKE_PREFIX_PATH=${CMAKE_PREFIX_PATH}:/opt/ros/jazzy /usr/bin/cmake --install /home/soppo/ros2_ws/build/uart_ros2
[34.398s] Level 1:colcon.colcon_core.environment:checking '/home/soppo/ros2_ws/install/uart_ros2' for CMake module files
[34.402s] Level 1:colcon.colcon_core.environment:checking '/home/soppo/ros2_ws/install/uart_ros2' for CMake config files
[34.409s] Level 1:colcon.colcon_core.shell:create_environment_hook('uart_ros2', 'cmake_prefix_path')
[34.410s] INFO:colcon.colcon_core.shell:Creating environment descriptor '/home/soppo/ros2_ws/install/uart_ros2/share/uart_ros2/hook/cmake_prefix_path.dsv'
[34.422s] INFO:colcon.colcon_core.shell:Creating environment hook '/home/soppo/ros2_ws/install/uart_ros2/share/uart_ros2/hook/cmake_prefix_path.sh'
[34.425s] Level 1:colcon.colcon_core.environment:checking '/home/soppo/ros2_ws/install/uart_ros2/lib'
[34.426s] Level 1:colcon.colcon_core.environment:checking '/home/soppo/ros2_ws/install/uart_ros2/bin'
[34.426s] Level 1:colcon.colcon_core.environment:checking '/home/soppo/ros2_ws/install/uart_ros2/lib/pkgconfig/uart_ros2.pc'
[34.443s] Level 1:colcon.colcon_core.environment:checking '/home/soppo/ros2_ws/install/uart_ros2/lib/python3.12/site-packages'
[34.444s] Level 1:colcon.colcon_core.environment:checking '/home/soppo/ros2_ws/install/uart_ros2/bin'
[34.445s] INFO:colcon.colcon_core.shell:Creating package descriptor '/home/soppo/ros2_ws/install/uart_ros2/share/uart_ros2/package.dsv'
[34.450s] INFO:colcon.colcon_core.shell:Creating package script '/home/soppo/ros2_ws/install/uart_ros2/share/uart_ros2/package.sh'
[34.455s] INFO:colcon.colcon_core.shell:Creating package script '/home/soppo/ros2_ws/install/uart_ros2/share/uart_ros2/package.bash'
[34.459s] INFO:colcon.colcon_core.shell:Creating package script '/home/soppo/ros2_ws/install/uart_ros2/share/uart_ros2/package.zsh'
[34.467s] Level 1:colcon.colcon_core.environment:create_file_with_runtime_dependencies(/home/soppo/ros2_ws/install/uart_ros2/share/colcon-core/packages/uart_ros2)
[34.474s] Level 1:colcon.colcon_core.environment:create_environment_scripts_only(uart_ros2)
[34.475s] Level 1:colcon.colcon_core.environment:checking '/home/soppo/ros2_ws/install/uart_ros2' for CMake module files
[34.476s] Level 1:colcon.colcon_core.environment:checking '/home/soppo/ros2_ws/install/uart_ros2' for CMake config files
[34.476s] Level 1:colcon.colcon_core.shell:create_environment_hook('uart_ros2', 'cmake_prefix_path')
[34.477s] INFO:colcon.colcon_core.shell:Creating environment descriptor '/home/soppo/ros2_ws/install/uart_ros2/share/uart_ros2/hook/cmake_prefix_path.dsv'
[34.478s] INFO:colcon.colcon_core.shell:Creating environment hook '/home/soppo/ros2_ws/install/uart_ros2/share/uart_ros2/hook/cmake_prefix_path.sh'
[34.482s] Level 1:colcon.colcon_core.environment:checking '/home/soppo/ros2_ws/install/uart_ros2/lib'
[34.483s] Level 1:colcon.colcon_core.environment:checking '/home/soppo/ros2_ws/install/uart_ros2/bin'
[34.483s] Level 1:colcon.colcon_core.environment:checking '/home/soppo/ros2_ws/install/uart_ros2/lib/pkgconfig/uart_ros2.pc'
[34.484s] Level 1:colcon.colcon_core.environment:checking '/home/soppo/ros2_ws/install/uart_ros2/lib/python3.12/site-packages'
[34.484s] Level 1:colcon.colcon_core.environment:checking '/home/soppo/ros2_ws/install/uart_ros2/bin'
[34.485s] INFO:colcon.colcon_core.shell:Creating package descriptor '/home/soppo/ros2_ws/install/uart_ros2/share/uart_ros2/package.dsv'
[34.487s] INFO:colcon.colcon_core.shell:Creating package script '/home/soppo/ros2_ws/install/uart_ros2/share/uart_ros2/package.sh'
[34.488s] INFO:colcon.colcon_core.shell:Creating package script '/home/soppo/ros2_ws/install/uart_ros2/share/uart_ros2/package.bash'
[34.489s] INFO:colcon.colcon_core.shell:Creating package script '/home/soppo/ros2_ws/install/uart_ros2/share/uart_ros2/package.zsh'
[34.491s] Level 1:colcon.colcon_core.environment:create_file_with_runtime_dependencies(/home/soppo/ros2_ws/install/uart_ros2/share/colcon-core/packages/uart_ros2)
[34.494s] DEBUG:colcon.colcon_parallel_executor.executor.parallel:closing loop
[34.501s] DEBUG:colcon.colcon_parallel_executor.executor.parallel:loop closed
[34.502s] DEBUG:colcon.colcon_parallel_executor.executor.parallel:run_until_complete finished with '0'
[34.505s] DEBUG:colcon.colcon_core.event_reactor:joining thread
[34.864s] INFO:colcon.colcon_core.plugin_system:Skipping extension 'colcon_notification.desktop_notification.notify_send': Could not find 'notify-send'
[34.864s] INFO:colcon.colcon_core.plugin_system:Skipping extension 'colcon_notification.desktop_notification.terminal_notifier': Not used on non-Darwin systems
[34.864s] INFO:colcon.colcon_core.plugin_system:Skipping extension 'colcon_notification.desktop_notification.win32': Not used on non-Windows systems
[34.865s] INFO:colcon.colcon_notification.desktop_notification:Sending desktop notification using 'notify2'
[34.907s] DEBUG:colcon.colcon_notification.desktop_notification.notify2:Failed to initialize notify2: org.freedesktop.DBus.Error.ServiceUnknown: The name org.freedesktop.Notifications was not provided by any .service files
[34.908s] DEBUG:colcon.colcon_core.event_reactor:joined thread
[34.908s] INFO:colcon.colcon_core.shell:Creating prefix script '/home/soppo/ros2_ws/install/local_setup.sh'
[34.911s] INFO:colcon.colcon_core.shell:Creating prefix util module '/home/soppo/ros2_ws/install/_local_setup_util_sh.py'
[34.917s] INFO:colcon.colcon_core.shell:Creating prefix chain script '/home/soppo/ros2_ws/install/setup.sh'
[34.925s] INFO:colcon.colcon_core.shell:Creating prefix script '/home/soppo/ros2_ws/install/local_setup.bash'
[34.927s] INFO:colcon.colcon_core.shell:Creating prefix chain script '/home/soppo/ros2_ws/install/setup.bash'
[34.932s] INFO:colcon.colcon_core.shell:Creating prefix script '/home/soppo/ros2_ws/install/local_setup.zsh'
[34.938s] INFO:colcon.colcon_core.shell:Creating prefix chain script '/home/soppo/ros2_ws/install/setup.zsh'
